Component: ARM Compiler 5.06 update 6 (build 750) Tool: armlink [4d35ed]

==============================================================================

Section Cross References

    system_stm32f4xx.o(i.SystemCoreClockUpdate) refers to system_stm32f4xx.o(.data) for SystemCoreClock
    system_stm32f4xx.o(i.SystemInit) refers to system_stm32f4xx.o(i.SetSysClock) for SetSysClock
    startup_stm32f40_41xxx.o(RESET) refers to startup_stm32f40_41xxx.o(STACK) for __initial_sp
    startup_stm32f40_41xxx.o(RESET) refers to startup_stm32f40_41xxx.o(.text) for Reset_Handler
    startup_stm32f40_41xxx.o(.text) refers to system_stm32f4xx.o(i.SystemInit) for SystemInit
    startup_stm32f40_41xxx.o(.text) refers to entry.o(.ARM.Collect$$$$00000000) for __main
    main.o(i.main) refers to lcd.o(i.LCD_Init) for LCD_Init
    main.o(i.main) refers to lcd.o(i.LCD_Display_STRING) for LCD_Display_STRING
    main.o(i.main) refers to bsp_vl53l0x.o(i.VL53L0x_Init) for VL53L0x_Init
    main.o(i.main) refers to main.o(.bss) for VL53L0x_dev
    led.o(i.LED_Init) refers to stm32f4xx_rcc.o(i.RCC_AHB1PeriphClockCmd) for RCC_AHB1PeriphClockCmd
    led.o(i.LED_Init) refers to stm32f4xx_gpio.o(i.GPIO_Init) for GPIO_Init
    led.o(i.LED_Init) refers to stm32f4xx_gpio.o(i.GPIO_SetBits) for GPIO_SetBits
    key.o(i.key_scan) refers to systick.o(i.delay_ms) for delay_ms
    lcd.o(i.LCD_Clear) refers to lcd.o(i.LCD_SetWindows) for LCD_SetWindows
    lcd.o(i.LCD_Clear) refers to spi.o(i.SPIv_WriteData) for SPIv_WriteData
    lcd.o(i.LCD_Clear) refers to lcd.o(.bss) for lcddev
    lcd.o(i.LCD_DisPlay_Picture) refers to lcd.o(i.LCD_SetWindows) for LCD_SetWindows
    lcd.o(i.LCD_DisPlay_Picture) refers to lcd.o(i.Lcd_WriteData_16Bit) for Lcd_WriteData_16Bit
    lcd.o(i.LCD_Display_ASCII) refers to lcd.o(i.LCD_SetWindows) for LCD_SetWindows
    lcd.o(i.LCD_Display_ASCII) refers to lcd.o(i.Lcd_WriteData_16Bit) for Lcd_WriteData_16Bit
    lcd.o(i.LCD_Display_Chinese) refers to lcd.o(i.LCD_SetWindows) for LCD_SetWindows
    lcd.o(i.LCD_Display_Chinese) refers to lcd.o(i.Lcd_WriteData_16Bit) for Lcd_WriteData_16Bit
    lcd.o(i.LCD_Display_STRING) refers to lcd.o(i.LCD_Display_Chinese) for LCD_Display_Chinese
    lcd.o(i.LCD_Display_STRING) refers to strlen.o(.text) for strlen
    lcd.o(i.LCD_Display_STRING) refers to lcd.o(i.LCD_Display_ASCII) for LCD_Display_ASCII
    lcd.o(i.LCD_Display_STRING) refers to font.o(.constdata) for hzk
    lcd.o(i.LCD_DrawPoint) refers to lcd.o(i.LCD_SetCursor) for LCD_SetCursor
    lcd.o(i.LCD_DrawPoint) refers to lcd.o(i.Lcd_WriteData_16Bit) for Lcd_WriteData_16Bit
    lcd.o(i.LCD_DrawPoint) refers to lcd.o(.data) for POINT_COLOR
    lcd.o(i.LCD_GPIOInit) refers to stm32f4xx_rcc.o(i.RCC_AHB1PeriphClockCmd) for RCC_AHB1PeriphClockCmd
    lcd.o(i.LCD_GPIOInit) refers to stm32f4xx_gpio.o(i.GPIO_Init) for GPIO_Init
    lcd.o(i.LCD_GPIOInit) refers to stm32f4xx_gpio.o(i.GPIO_SetBits) for GPIO_SetBits
    lcd.o(i.LCD_Init) refers to lcd.o(i.LCD_GPIOInit) for LCD_GPIOInit
    lcd.o(i.LCD_Init) refers to lcd.o(i.LCD_RESET) for LCD_RESET
    lcd.o(i.LCD_Init) refers to lcd.o(i.LCD_WR_REG) for LCD_WR_REG
    lcd.o(i.LCD_Init) refers to lcd.o(i.LCD_WR_DATA) for LCD_WR_DATA
    lcd.o(i.LCD_Init) refers to lcd.o(i.LCD_direction) for LCD_direction
    lcd.o(i.LCD_Init) refers to lcd.o(i.LCD_Clear) for LCD_Clear
    lcd.o(i.LCD_RESET) refers to systick.o(i.delay_ms) for delay_ms
    lcd.o(i.LCD_SetCursor) refers to lcd.o(i.LCD_SetWindows) for LCD_SetWindows
    lcd.o(i.LCD_SetWindows) refers to lcd.o(i.LCD_WR_REG) for LCD_WR_REG
    lcd.o(i.LCD_SetWindows) refers to lcd.o(i.LCD_WR_DATA) for LCD_WR_DATA
    lcd.o(i.LCD_SetWindows) refers to lcd.o(i.LCD_WriteRAM_Prepare) for LCD_WriteRAM_Prepare
    lcd.o(i.LCD_SetWindows) refers to lcd.o(.bss) for lcddev
    lcd.o(i.LCD_WR_DATA) refers to spi.o(i.SPIv_WriteData) for SPIv_WriteData
    lcd.o(i.LCD_WR_REG) refers to spi.o(i.SPIv_WriteData) for SPIv_WriteData
    lcd.o(i.LCD_WriteRAM_Prepare) refers to lcd.o(i.LCD_WR_REG) for LCD_WR_REG
    lcd.o(i.LCD_WriteRAM_Prepare) refers to lcd.o(.bss) for lcddev
    lcd.o(i.LCD_WriteReg) refers to lcd.o(i.LCD_WR_REG) for LCD_WR_REG
    lcd.o(i.LCD_WriteReg) refers to lcd.o(i.LCD_WR_DATA) for LCD_WR_DATA
    lcd.o(i.LCD_direction) refers to lcd.o(i.LCD_WriteReg) for LCD_WriteReg
    lcd.o(i.LCD_direction) refers to lcd.o(.bss) for lcddev
    lcd.o(i.Lcd_WriteData_16Bit) refers to spi.o(i.SPIv_WriteData) for SPIv_WriteData
    bsp_vl53l0x.o(i.VL53L0x_Init) refers to bsp_vl53l0x.o(i.VL53l0x_GPIO_Init) for VL53l0x_GPIO_Init
    bsp_vl53l0x.o(i.VL53L0x_Init) refers to vl53l0x_iic.o(i.VL53L0X_IIC_Init) for VL53L0X_IIC_Init
    bsp_vl53l0x.o(i.VL53L0x_Init) refers to stm32f4xx_gpio.o(i.GPIO_ResetBits) for GPIO_ResetBits
    bsp_vl53l0x.o(i.VL53L0x_Init) refers to systick.o(i.delay_ms) for delay_ms
    bsp_vl53l0x.o(i.VL53L0x_Init) refers to stm32f4xx_gpio.o(i.GPIO_SetBits) for GPIO_SetBits
[...]
    Removing stm32f4xx_adc.o(i.ADC_ExternalTrigInjectedConvEdgeConfig), (16 bytes).
    Removing stm32f4xx_adc.o(i.ADC_GetConversionValue), (8 bytes).
    Removing stm32f4xx_adc.o(i.ADC_GetFlagStatus), (18 bytes).
    Removing stm32f4xx_adc.o(i.ADC_GetITStatus), (38 bytes).
    Removing stm32f4xx_adc.o(i.ADC_GetInjectedConversionValue), (28 bytes).
    Removing stm32f4xx_adc.o(i.ADC_GetMultiModeConversionValue), (12 bytes).
    Removing stm32f4xx_adc.o(i.ADC_GetSoftwareStartConvStatus), (20 bytes).
    Removing stm32f4xx_adc.o(i.ADC_GetSoftwareStartInjectedConvCmdStatus), (20 bytes).
    Removing stm32f4xx_adc.o(i.ADC_ITConfig), (32 bytes).
    Removing stm32f4xx_adc.o(i.ADC_Init), (84 bytes).
    Removing stm32f4xx_adc.o(i.ADC_InjectedChannelConfig), (130 bytes).
    Removing stm32f4xx_adc.o(i.ADC_InjectedDiscModeCmd), (22 bytes).
    Removing stm32f4xx_adc.o(i.ADC_InjectedSequencerLengthConfig), (24 bytes).
    Removing stm32f4xx_adc.o(i.ADC_MultiModeDMARequestAfterLastTransferCmd), (44 bytes).
    Removing stm32f4xx_adc.o(i.ADC_RegularChannelConfig), (184 bytes).
    Removing stm32f4xx_adc.o(i.ADC_SetInjectedOffset), (20 bytes).
    Removing stm32f4xx_adc.o(i.ADC_SoftwareStartConv), (10 bytes).
    Removing stm32f4xx_adc.o(i.ADC_SoftwareStartInjectedConv), (10 bytes).
    Removing stm32f4xx_adc.o(i.ADC_StructInit), (20 bytes).
    Removing stm32f4xx_adc.o(i.ADC_TempSensorVrefintCmd), (44 bytes).
    Removing stm32f4xx_adc.o(i.ADC_VBATCmd), (44 bytes).
    Removing stm32f4xx_spi.o(.rev16_text), (4 bytes).
    Removing stm32f4xx_spi.o(.revsh_text), (4 bytes).
    Removing stm32f4xx_spi.o(i.I2S_Cmd), (24 bytes).
    Removing stm32f4xx_spi.o(i.I2S_FullDuplexConfig), (80 bytes).
    Removing stm32f4xx_spi.o(i.I2S_Init), (408 bytes).
    Removing stm32f4xx_spi.o(i.I2S_StructInit), (20 bytes).
    Removing stm32f4xx_spi.o(i.SPI_BiDirectionalLineConfig), (28 bytes).
    Removing stm32f4xx_spi.o(i.SPI_CalculateCRC), (24 bytes).
    Removing stm32f4xx_spi.o(i.SPI_Cmd), (24 bytes).
    Removing stm32f4xx_spi.o(i.SPI_DataSizeConfig), (18 bytes).
    Removing stm32f4xx_spi.o(i.SPI_GetCRC), (16 bytes).
    Removing stm32f4xx_spi.o(i.SPI_GetCRCPolynomial), (6 bytes).
    Removing stm32f4xx_spi.o(i.SPI_I2S_ClearFlag), (6 bytes).
    Removing stm32f4xx_spi.o(i.SPI_I2S_ClearITPendingBit), (20 bytes).
    Removing stm32f4xx_spi.o(i.SPI_I2S_DMACmd), (18 bytes).
    Removing stm32f4xx_spi.o(i.SPI_I2S_DeInit), (176 bytes).
    Removing stm32f4xx_spi.o(i.SPI_I2S_GetFlagStatus), (18 bytes).
    Removing stm32f4xx_spi.o(i.SPI_I2S_GetITStatus), (52 bytes).
    Removing stm32f4xx_spi.o(i.SPI_I2S_ITConfig), (32 bytes).
    Removing stm32f4xx_spi.o(i.SPI_I2S_ReceiveData), (6 bytes).
    Removing stm32f4xx_spi.o(i.SPI_I2S_SendData), (4 bytes).
    Removing stm32f4xx_spi.o(i.SPI_Init), (60 bytes).
    Removing stm32f4xx_spi.o(i.SPI_NSSInternalSoftwareConfig), (30 bytes).
    Removing stm32f4xx_spi.o(i.SPI_SSOutputCmd), (24 bytes).
    Removing stm32f4xx_spi.o(i.SPI_StructInit), (24 bytes).
    Removing stm32f4xx_spi.o(i.SPI_TIModeCmd), (24 bytes).
    Removing stm32f4xx_spi.o(i.SPI_TransmitCRC), (10 bytes).
    Removing stm32f4xx_dma.o(.rev16_text), (4 bytes).
    Removing stm32f4xx_dma.o(.revsh_text), (4 bytes).
    Removing stm32f4xx_dma.o(i.DMA_ClearFlag), (52 bytes).
    Removing stm32f4xx_dma.o(i.DMA_ClearITPendingBit), (52 bytes).
    Removing stm32f4xx_dma.o(i.DMA_Cmd), (22 bytes).
    Removing stm32f4xx_dma.o(i.DMA_DeInit), (344 bytes).
    Removing stm32f4xx_dma.o(i.DMA_DoubleBufferModeCmd), (22 bytes).
    Removing stm32f4xx_dma.o(i.DMA_DoubleBufferModeConfig), (24 bytes).
    Removing stm32f4xx_dma.o(i.DMA_FlowControllerConfig), (22 bytes).
    Removing stm32f4xx_dma.o(i.DMA_GetCmdStatus), (20 bytes).
    Removing stm32f4xx_dma.o(i.DMA_GetCurrDataCounter), (8 bytes).
    Removing stm32f4xx_dma.o(i.DMA_GetCurrentMemoryTarget), (20 bytes).
    Removing stm32f4xx_dma.o(i.DMA_GetFIFOStatus), (12 bytes).
    Removing stm32f4xx_dma.o(i.DMA_GetFlagStatus), (68 bytes).
    Removing stm32f4xx_dma.o(i.DMA_GetITStatus), (100 bytes).
    Removing stm32f4xx_dma.o(i.DMA_ITConfig), (58 bytes).
    Removing stm32f4xx_dma.o(i.DMA_Init), (88 bytes).
    Removing stm32f4xx_dma.o(i.DMA_MemoryTargetConfig), (10 bytes).
    Removing stm32f4xx_dma.o(i.DMA_PeriphIncOffsetSizeConfig), (22 bytes).
    Removing stm32f4xx_dma.o(i.DMA_SetCurrDataCounter), (4 bytes).
    Removing stm32f4xx_dma.o(i.DMA_StructInit), (34 bytes).
    Removing vl53l0x_i2c_win_serial_comms.o(.rev16_text), (4 bytes).
    Removing vl53l0x_i2c_win_serial_comms.o(.revsh_text), (4 bytes).
    Removing vl53l0x_i2c_win_serial_comms.o(i.VL53L0X_comms_close), (4 bytes).
    Removing vl53l0x_i2c_win_serial_comms.o(i.VL53L0X_cycle_power), (4 bytes).
    Removing vl53l0x_i2c_win_serial_comms.o(i.VL53L0X_get_gpio), (6 bytes).
    Removing vl53l0x_i2c_win_serial_comms.o(i.VL53L0X_get_timer_frequency), (10 bytes).
    Removing vl53l0x_i2c_win_serial_comms.o(i.VL53L0X_get_timer_value), (10 bytes).
    Removing vl53l0x_i2c_win_serial_comms.o(i.VL53L0X_i2c_init), (6 bytes).
    Removing vl53l0x_i2c_win_serial_comms.o(i.VL53L0X_platform_wait_us), (6 bytes).
    Removing vl53l0x_i2c_win_serial_comms.o(i.VL53L0X_read_byte16), (36 bytes).
    Removing vl53l0x_i2c_win_serial_comms.o(i.VL53L0X_read_dword16), (58 bytes).
    Removing vl53l0x_i2c_win_serial_comms.o(i.VL53L0X_read_multi16), (8 bytes).
    Removing vl53l0x_i2c_win_serial_comms.o(i.VL53L0X_read_word16), (42 bytes).
    Removing vl53l0x_i2c_win_serial_comms.o(i.VL53L0X_release_gpio), (4 bytes).
    Removing vl53l0x_i2c_win_serial_comms.o(i.VL53L0X_set_gpio), (6 bytes).
    Removing vl53l0x_i2c_win_serial_comms.o(i.VL53L0X_wait_ms), (6 bytes).
    Removing vl53l0x_i2c_win_serial_comms.o(i.VL53L0X_write_byte16), (28 bytes).
    Removing vl53l0x_i2c_win_serial_comms.o(i.VL53L0X_write_dword), (52 bytes).
    Removing vl53l0x_i2c_win_serial_comms.o(i.VL53L0X_write_dword16), (76 bytes).
    Removing vl53l0x_i2c_win_serial_comms.o(i.VL53L0X_write_multi16), (8 bytes).
    Removing vl53l0x_i2c_win_serial_comms.o(i.VL53L0X_write_word16), (90 bytes).
    Removing vl53l0x_i2c_win_serial_comms.o(.bss), (256 bytes).
    Removing vl53l0x_i2c_win_serial_comms.o(.data), (1 bytes).
    Removing vl53l0x_iic.o(.rev16_text), (4 bytes).
    Removing vl53l0x_iic.o(.revsh_text), (4 bytes).
    Removing vl53l0x_iic.o(i.VL_IIC_Read_1Byte), (78 bytes).
    Removing vl53l0x_iic.o(i.VL_IIC_Write_1Byte), (66 bytes).
    Removing vl53l0x_platform.o(i.VL53L0X_LockSequenceAccess), (6 bytes).
    Removing vl53l0x_platform.o(i.VL53L0X_UnlockSequenceAccess), (6 bytes).
    Removing vl53l0x_platform.o(i.VL53L0X_WrDWord), (44 bytes).
    Removing vl53l0x_api.o(i.VL53L0X_EnableInterruptMask), (8 bytes).
    Removing vl53l0x_api.o(i.VL53L0X_GetDeviceErrorStatus), (34 bytes).
    Removing vl53l0x_api.o(i.VL53L0X_GetDeviceErrorString), (22 bytes).
    Removing vl53l0x_api.o(i.VL53L0X_GetDeviceInfo), (22 bytes).
    Removing vl53l0x_api.o(i.VL53L0X_GetDmaxCalParameters), (20 bytes).
    Removing vl53l0x_api.o(i.VL53L0X_GetGpioConfig), (160 bytes).
    Removing vl53l0x_api.o(i.VL53L0X_GetHistogramMeasurementData), (8 bytes).
    Removing vl53l0x_api.o(i.VL53L0X_GetHistogramMode), (8 bytes).
    Removing vl53l0x_api.o(i.VL53L0X_GetLimitCheckCurrent), (136 bytes).
    Removing vl53l0x_api.o(i.VL53L0X_GetLimitCheckInfo), (30 bytes).
    Removing vl53l0x_api.o(i.VL53L0X_GetLimitCheckStatus), (24 bytes).
    Removing vl53l0x_api.o(i.VL53L0X_GetLinearityCorrectiveGain), (12 bytes).
    Removing vl53l0x_api.o(i.VL53L0X_GetMaxNumberOfROIZones), (10 bytes).
    Removing vl53l0x_api.o(i.VL53L0X_GetMeasurementRefSignal), (46 bytes).
    Removing vl53l0x_api.o(i.VL53L0X_GetNumberOfLimitCheck), (10 bytes).
    Removing vl53l0x_api.o(i.VL53L0X_GetNumberOfROIZones), (10 bytes).
    Removing vl53l0x_api.o(i.VL53L0X_GetNumberOfSequenceSteps), (10 bytes).
    Removing vl53l0x_api.o(i.VL53L0X_GetPalErrorString), (22 bytes).
    Removing vl53l0x_api.o(i.VL53L0X_GetPalSpecVersion), (24 bytes).
    Removing vl53l0x_api.o(i.VL53L0X_GetPalState), (12 bytes).
    Removing vl53l0x_api.o(i.VL53L0X_GetPalStateString), (22 bytes).
    Removing vl53l0x_api.o(i.VL53L0X_GetPowerMode), (48 bytes).
    Removing vl53l0x_api.o(i.VL53L0X_GetProductRevision), (38 bytes).
    Removing vl53l0x_api.o(i.VL53L0X_GetRangeStatusString), (22 bytes).
    Removing vl53l0x_api.o(i.VL53L0X_GetRefCalibration), (30 bytes).
    Removing vl53l0x_api.o(i.VL53L0X_GetReferenceSpads), (30 bytes).
    Removing vl53l0x_api.o(i.VL53L0X_GetSequenceStepEnable), (48 bytes).
    Removing vl53l0x_api.o(i.VL53L0X_GetSequenceStepTimeout), (56 bytes).
    Removing vl53l0x_api.o(i.VL53L0X_GetSequenceStepsInfo), (22 bytes).
    Removing vl53l0x_api.o(i.VL53L0X_GetSpadAmbientDamperFactor), (54 bytes).
    Removing vl53l0x_api.o(i.VL53L0X_GetSpadAmbientDamperThreshold), (48 bytes).
    Removing vl53l0x_api.o(i.VL53L0X_GetStopCompletedStatus), (154 bytes).
    Removing vl53l0x_api.o(i.VL53L0X_GetTotalSignalRate), (40 bytes).
    Removing vl53l0x_api.o(i.VL53L0X_GetTuningSettingBuffer), (20 bytes).
    Removing vl53l0x_api.o(i.VL53L0X_GetUpperLimitMilliMeter), (8 bytes).
    Removing vl53l0x_api.o(i.VL53L0X_GetVersion), (24 bytes).
    Removing vl53l0x_api.o(i.VL53L0X_PerformOffsetCalibration), (30 bytes).
    Removing vl53l0x_api.o(i.VL53L0X_PerformSingleHistogramMeasurement), (8 bytes).
    Removing vl53l0x_api.o(i.VL53L0X_PerformXTalkCalibration), (30 bytes).
    Removing vl53l0x_api.o(i.VL53L0X_PerformXTalkMeasurement), (10 bytes).
    Removing vl53l0x_api.o(i.VL53L0X_ResetDevice), (102 bytes).
    Removing vl53l0x_api.o(i.VL53L0X_SetDeviceAddress), (36 bytes).
    Removing vl53l0x_api.o(i.VL53L0X_SetDeviceParameters), (146 bytes).
    Removing vl53l0x_api.o(i.VL53L0X_SetDmaxCalParameters), (62 bytes).
    Removing vl53l0x_api.o(i.VL53L0X_SetGroupParamHold), (8 bytes).
    Removing vl53l0x_api.o(i.VL53L0X_SetHistogramMode), (8 bytes).
    Removing vl53l0x_api.o(i.VL53L0X_SetInterMeasurementPeriodMilliSeconds), (60 bytes).
    Removing vl53l0x_api.o(i.VL53L0X_SetInterruptThresholds), (54 bytes).
    Removing vl53l0x_api.o(i.VL53L0X_SetLinearityCorrectiveGain), (50 bytes).
    Removing vl53l0x_api.o(i.VL53L0X_SetNumberOfROIZones), (12 bytes).
    Removing vl53l0x_api.o(i.VL53L0X_SetOffsetCalibrationDataMicroMeter), (22 bytes).
    Removing vl53l0x_api.o(i.VL53L0X_SetPowerMode), (84 bytes).
    Removing vl53l0x_api.o(i.VL53L0X_SetRangeFractionEnable), (30 bytes).
    Removing vl53l0x_api.o(i.VL53L0X_SetRefCalibration), (30 bytes).
    Removing vl53l0x_api.o(i.VL53L0X_SetReferenceSpads), (30 bytes).
    Removing vl53l0x_api.o(i.VL53L0X_SetSequenceStepTimeout), (110 bytes).
    Removing vl53l0x_api.o(i.VL53L0X_SetSpadAmbientDamperFactor), (54 bytes).
    Removing vl53l0x_api.o(i.VL53L0X_SetSpadAmbientDamperThreshold), (48 bytes).
    Removing vl53l0x_api.o(i.VL53L0X_SetTuningSettingBuffer), (40 bytes).
    Removing vl53l0x_api.o(i.VL53L0X_SetVcselPulsePeriod), (30 bytes).
    Removing vl53l0x_api.o(i.VL53L0X_SetWrapAroundCheckEnable), (80 bytes).
    Removing vl53l0x_api.o(i.VL53L0X_SetXTalkCompensationEnable), (62 bytes).
    Removing vl53l0x_api.o(i.VL53L0X_SetXTalkCompensationRateMegaCps), (64 bytes).
    Removing vl53l0x_api.o(i.VL53L0X_StopMeasurement), (102 bytes).
    Removing vl53l0x_api.o(i.VL53L0X_WaitDeviceBooted), (8 bytes).
    Removing vl53l0x_api.o(i.VL53L0X_WaitDeviceReadyForNewMeasurement), (8 bytes).
    Removing vl53l0x_api_calibration.o(i.VL53L0X_apply_offset_adjustment), (58 bytes).
    Removing vl53l0x_api_calibration.o(i.VL53L0X_get_ref_calibration), (48 bytes).
    Removing vl53l0x_api_calibration.o(i.VL53L0X_get_reference_spads), (120 bytes).
    Removing vl53l0x_api_calibration.o(i.VL53L0X_perform_offset_calibration), (228 bytes).
    Removing vl53l0x_api_calibration.o(i.VL53L0X_perform_xtalk_calibration), (296 bytes).
    Removing vl53l0x_api_calibration.o(i.VL53L0X_set_offset_calibration_data_micro_meter), (84 bytes).
    Removing vl53l0x_api_calibration.o(i.VL53L0X_set_ref_calibration), (46 bytes).
    Removing vl53l0x_api_calibration.o(i.count_enabled_spads), (180 bytes).
    Removing vl53l0x_api_core.o(i.VL53L0X_encode_vcsel_period), (14 bytes).
    Removing vl53l0x_api_core.o(i.VL53L0X_quadrature_sum), (44 bytes).
    Removing vl53l0x_api_core.o(i.VL53L0X_reverse_bytes), (34 bytes).
    Removing vl53l0x_api_core.o(i.VL53L0X_set_vcsel_pulse_period), (766 bytes).
    Removing vl53l0x_api_strings.o(i.VL53L0X_check_part_used), (80 bytes).
    Removing vl53l0x_api_strings.o(i.VL53L0X_get_device_error_string), (560 bytes).
    Removing vl53l0x_api_strings.o(i.VL53L0X_get_device_info), (220 bytes).
    Removing vl53l0x_api_strings.o(i.VL53L0X_get_limit_check_info), (252 bytes).
    Removing vl53l0x_api_strings.o(i.VL53L0X_get_pal_error_string), (716 bytes).
    Removing vl53l0x_api_strings.o(i.VL53L0X_get_pal_state_string), (244 bytes).
    Removing vl53l0x_api_strings.o(i.VL53L0X_get_range_status_string), (192 bytes).
    Removing vl53l0x_api_strings.o(i.VL53L0X_get_sequence_steps_info), (124 bytes).
    Removing dadd.o(.text), (334 bytes).
    Removing dmul.o(.text), (228 bytes).
    Removing ddiv.o(.text), (222 bytes).
    Removing dfixul.o(.text), (48 bytes).
    Removing cdrcmple.o(.text), (48 bytes).
    Removing depilogue.o(.text), (186 bytes).

410 unused section(s) (total 136190 bytes) removed from the image.

==============================================================================

Image Symbol Table

    Local Symbols

    Symbol Name                              Value     Ov Type        Size  Object(Section)

    ../clib/../cmprslib/lz77c.c              0x00000000   Number         0  __dclz77c.o ABSOLUTE
    ../clib/microlib/division.c              0x00000000   Number         0  uldiv.o ABSOLUTE
    ../clib/microlib/division.c              0x00000000   Number         0  uidiv.o ABSOLUTE
    ../clib/microlib/init/entry.s            0x00000000   Number         0  entry.o ABSOLUTE
    ../clib/microlib/init/entry.s            0x00000000   Number         0  entry7a.o ABSOLUTE
    ../clib/microlib/init/entry.s            0x00000000   Number         0  entry10b.o ABSOLUTE
    ../clib/microlib/init/entry.s            0x00000000   Number         0  entry2.o ABSOLUTE
    ../clib/microlib/init/entry.s            0x00000000   Number         0  entry5.o ABSOLUTE
    ../clib/microlib/init/entry.s            0x00000000   Number         0  entry7b.o ABSOLUTE
    ../clib/microlib/init/entry.s            0x00000000   Number         0  entry8a.o ABSOLUTE
    ../clib/microlib/init/entry.s            0x00000000   Number         0  entry11b.o ABSOLUTE
    ../clib/microlib/init/entry.s            0x00000000   Number         0  entry11a.o ABSOLUTE
    ../clib/microlib/init/entry.s            0x00000000   Number         0  entry10a.o ABSOLUTE
    ../clib/microlib/init/entry.s            0x00000000   Number         0  entry9b.o ABSOLUTE
    ../clib/microlib/init/entry.s            0x00000000   Number         0  entry9a.o ABSOLUTE
    ../clib/microlib/init/entry.s            0x00000000   Number         0  entry8b.o ABSOLUTE
    ../clib/microlib/longlong.c              0x00000000   Number         0  llushr.o ABSOLUTE
    ../clib/microlib/longlong.c              0x00000000   Number         0  llshl.o ABSOLUTE
    ../clib/microlib/longlong.c              0x00000000   Number         0  llsshr.o ABSOLUTE
    ../clib/microlib/printf/printf.c         0x00000000   Number         0  printfa.o ABSOLUTE
    ../clib/microlib/printf/printf.c         0x00000000   Number         0  printf0.o ABSOLUTE
    ../clib/microlib/printf/printf.c         0x00000000   Number         0  printf1.o ABSOLUTE
    ../clib/microlib/printf/printf.c         0x00000000   Number         0  printf2.o ABSOLUTE
    ../clib/microlib/printf/printf.c         0x00000000   Number         0  printf3.o ABSOLUTE
    ../clib/microlib/printf/printf.c         0x00000000   Number         0  printf4.o ABSOLUTE
    ../clib/microlib/printf/printf.c         0x00000000   Number         0  printf5.o ABSOLUTE
    ../clib/microlib/printf/printf.c         0x00000000   Number         0  printfb.o ABSOLUTE
    ../clib/microlib/printf/printf.c         0x00000000   Number         0  printf6.o ABSOLUTE
    ../clib/microlib/printf/printf.c         0x00000000   Number         0  printf7.o ABSOLUTE
    ../clib/microlib/printf/printf.c         0x00000000   Number         0  printf8.o ABSOLUTE
    ../clib/microlib/stdio/fputc.c           0x00000000   Number         0  fputc.o ABSOLUTE
    ../clib/microlib/stdio/semi.s            0x00000000   Number         0  semi.o ABSOLUTE
    ../clib/microlib/stdio/streams.c         0x00000000   Number         0  stdout.o ABSOLUTE
    ../clib/microlib/string/memcpy.c         0x00000000   Number         0  memcpyb.o ABSOLUTE
    ../clib/microlib/string/memcpy.c         0x00000000   Number         0  memcpya.o ABSOLUTE
    ../clib/microlib/string/memset.c         0x00000000   Number         0  memseta.o ABSOLUTE
    ../clib/microlib/string/strcpy.c         0x00000000   Number         0  strcpy.o ABSOLUTE
    ../clib/microlib/string/strlen.c         0x00000000   Number         0  strlen.o ABSOLUTE
    ../clib/microlib/stubs.s                 0x00000000   Number         0  iusefp.o ABSOLUTE
    ../clib/microlib/stubs.s                 0x00000000   Number         0  iusesemip.o ABSOLUTE
    ../fplib/microlib/fpadd.c                0x00000000   Number         0  dadd.o ABSOLUTE
    ../fplib/microlib/fpdiv.c                0x00000000   Number         0  ddiv.o ABSOLUTE
    ../fplib/microlib/fpepilogue.c           0x00000000   Number         0  depilogue.o ABSOLUTE
    ../fplib/microlib/fpfix.c                0x00000000   Number         0  dfixul.o ABSOLUTE
    ../fplib/microlib/fpmul.c                0x00000000   Number         0  dmul.o ABSOLUTE
    ..\CMSIS\startup_stm32f40_41xxx.s        0x00000000   Number         0  startup_stm32f40_41xxx.o ABSOLUTE
    ..\CMSIS\system_stm32f4xx.c              0x00000000   Number         0  system_stm32f4xx.o ABSOLUTE
    ..\STM32F4xx_StdPeriph_Driver\src\misc.c 0x00000000   Number         0  misc.o ABSOLUTE
    ..\STM32F4xx_StdPeriph_Driver\src\stm32f4xx_adc.c 0x00000000   Number         0  stm32f4xx_adc.o ABSOLUTE
    ..\STM32F4xx_StdPeriph_Driver\src\stm32f4xx_dma.c 0x00000000   Number         0  stm32f4xx_dma.o ABSOLUTE
    ..\STM32F4xx_StdPeriph_Driver\src\stm32f4xx_gpio.c 0x00000000   Number         0  stm32f4xx_gpio.o ABSOLUTE
    ..\STM32F4xx_StdPeriph_Driver\src\stm32f4xx_rcc.c 0x00000000   Number         0  stm32f4xx_rcc.o ABSOLUTE
    ..\STM32F4xx_StdPeriph_Driver\src\stm32f4xx_spi.c 0x00000000   Number         0  stm32f4xx_spi.o ABSOLUTE
    ..\STM32F4xx_StdPeriph_Driver\src\stm32f4xx_tim.c 0x00000000   Number         0  stm32f4xx_tim.o ABSOLUTE
    ..\USER\SRC\LCD.c                        0x00000000   Number         0  lcd.o ABSOLUTE
    ..\USER\SRC\SPI.c                        0x00000000   Number         0  spi.o ABSOLUTE
    ..\USER\SRC\bsp_vl53l0x.c                0x00000000   Number         0  bsp_vl53l0x.o ABSOLUTE
    ..\USER\SRC\font.c                       0x00000000   Number         0  font.o ABSOLUTE
    ..\USER\SRC\key.c                        0x00000000   Number         0  key.o ABSOLUTE
    ..\USER\SRC\led.c                        0x00000000   Number         0  led.o ABSOLUTE
    ..\USER\SRC\main.c                       0x00000000   Number         0  main.o ABSOLUTE
    ..\USER\SRC\pyy.c                        0x00000000   Number         0  pyy.o ABSOLUTE
    ..\USER\SRC\systick.c                    0x00000000   Number         0  systick.o ABSOLUTE
    ..\VL53L0X\core\src\vl53l0x_api.c        0x00000000   Number         0  vl53l0x_api.o ABSOLUTE
    ..\VL53L0X\core\src\vl53l0x_api_calibration.c 0x00000000   Number         0  vl53l0x_api_calibration.o ABSOLUTE
    ..\VL53L0X\core\src\vl53l0x_api_core.c   0x00000000   Number         0  vl53l0x_api_core.o ABSOLUTE
    ..\VL53L0X\core\src\vl53l0x_api_ranging.c 0x00000000   Number         0  vl53l0x_api_ranging.o ABSOLUTE
    ..\VL53L0X\core\src\vl53l0x_api_strings.c 0x00000000   Number         0  vl53l0x_api_strings.o ABSOLUTE
    ..\VL53L0X\platform\src\vl53l0x_IIC.c    0x00000000   Number         0  vl53l0x_iic.o ABSOLUTE
    ..\VL53L0X\platform\src\vl53l0x_i2c_win_serial_comms.c 0x00000000   Number         0  vl53l0x_i2c_win_serial_comms.o ABSOLUTE
    ..\VL53L0X\platform\src\vl53l0x_platform.c 0x00000000   Number         0  vl53l0x_platform.o ABSOLUTE
    ..\\CMSIS\\system_stm32f4xx.c            0x00000000   Number         0  system_stm32f4xx.o ABSOLUTE
    ..\\STM32F4xx_StdPeriph_Driver\\src\\misc.c 0x00000000   Number         0  misc.o ABSOLUTE
    ..\\STM32F4xx_StdPeriph_Driver\\src\\stm32f4xx_adc.c 0x00000000   Number         0  stm32f4xx_adc.o ABSOLUTE
    ..\\STM32F4xx_StdPeriph_Driver\\src\\stm32f4xx_dma.c 0x00000000   Number         0  stm32f4xx_dma.o ABSOLUTE
    ..\\STM32F4xx_StdPeriph_Driver\\src\\stm32f4xx_gpio.c 0x00000000   Number         0  stm32f4xx_gpio.o ABSOLUTE
    ..\\STM32F4xx_StdPeriph_Driver\\src\\stm32f4xx_rcc.c 0x00000000   Number         0  stm32f4xx_rcc.o ABSOLUTE
    ..\\STM32F4xx_StdPeriph_Driver\\src\\stm32f4xx_spi.c 0x00000000   Number         0  stm32f4xx_spi.o ABSOLUTE
    ..\\STM32F4xx_StdPeriph_Driver\\src\\stm32f4xx_tim.c 0x00000000   Number         0  stm32f4xx_tim.o ABSOLUTE
    ..\\USER\\SRC\\LCD.c                     0x00000000   Number         0  lcd.o ABSOLUTE
    ..\\USER\\SRC\\SPI.c                     0x00000000   Number         0  spi.o ABSOLUTE
    ..\\USER\\SRC\\bsp_vl53l0x.c             0x00000000   Number         0  bsp_vl53l0x.o ABSOLUTE
    ..\\USER\\SRC\\font.c                    0x00000000   Number         0  font.o ABSOLUTE
    ..\\USER\\SRC\\key.c                     0x00000000   Number         0  key.o ABSOLUTE
    ..\\USER\\SRC\\led.c                     0x00000000   Number         0  led.o ABSOLUTE
    ..\\USER\\SRC\\main.c                    0x00000000   Number         0  main.o ABSOLUTE
    ..\\USER\\SRC\\systick.c                 0x00000000   Number         0  systick.o ABSOLUTE
    ..\\VL53L0X\\platform\\src\\vl53l0x_IIC.c 0x00000000   Number         0  vl53l0x_iic.o ABSOLUTE
    ..\\VL53L0X\\platform\\src\\vl53l0x_i2c_win_serial_comms.c 0x00000000   Number         0  vl53l0x_i2c_win_serial_comms.o ABSOLUTE
    cdrcmple.s                               0x00000000   Number         0  cdrcmple.o ABSOLUTE
    dc.s                                     0x00000000   Number         0  dc.o ABSOLUTE
    handlers.s                               0x00000000   Number         0  handlers.o ABSOLUTE
    init.s                                   0x00000000   Number         0  init.o ABSOLUTE
    RESET                                    0x08000000   Section      392  startup_stm32f40_41xxx.o(RESET)
    .ARM.Collect$$$$00000000                 0x08000188   Section        0  entry.o(.ARM.Collect$$$$00000000)
    .ARM.Collect$$$$00000001                 0x08000188   Section        4  entry2.o(.ARM.Collect$$$$00000001)
    .ARM.Collect$$$$00000004                 0x0800018c   Section        4  entry5.o(.ARM.Collect$$$$00000004)
    .ARM.Collect$$$$00000008                 0x08000190   Section        0  entry7b.o(.ARM.Collect$$$$00000008)
    .ARM.Collect$$$$0000000A                 0x08000190   Section        0  entry8b.o(.ARM.Collect$$$$0000000A)
    .ARM.Collect$$$$0000000B                 0x08000190   Section        8  entry9a.o(.ARM.Collect$$$$0000000B)
    .ARM.Collect$$$$0000000D                 0x08000198   Section        0  entry10a.o(.ARM.Collect$$$$0000000D)
    .ARM.Collect$$$$0000000F                 0x08000198   Section        0  entry11a.o(.ARM.Collect$$$$0000000F)
    .ARM.Collect$$$$00002712                 0x08000198   Section        4  entry2.o(.ARM.Collect$$$$00002712)
    __lit__00000000                          0x08000198   Data           4  entry2.o(.ARM.Collect$$$$00002712)
    .text                                    0x0800019c   Section       36  startup_stm32f40_41xxx.o(.text)
    $v0                                      0x0800019c   Number         0  startup_stm32f40_41xxx.o(.text)
    .text                                    0x080001c0   Section        0  memcpya.o(.text)
    .text                                    0x080001e4   Section        0  memseta.o(.text)
    .text                                    0x08000208   Section        0  strlen.o(.text)
    .text                                    0x08000216   Section        0  strcpy.o(.text)
    .text                                    0x08000228   Section       36  init.o(.text)
    .text                                    0x0800024c   Section        0  iusesemip.o(.text)
    .text                                    0x0800024c   Section        0  semi.o(.text)
    .text                                    0x0800024c   Section        0  __dclz77c.o(.text)
    i.GPIO_Init                              0x080002aa   Section        0  stm32f4xx_gpio.o(i.GPIO_Init)
    i.GPIO_ResetBits                         0x0800033a   Section        0  stm32f4xx_gpio.o(i.GPIO_ResetBits)
    i.GPIO_SetBits                           0x0800033e   Section        0  stm32f4xx_gpio.o(i.GPIO_SetBits)
    i.LCD_Clear                              0x08000344   Section        0  lcd.o(i.LCD_Clear)
    i.LCD_Display_ASCII                      0x08000398   Section        0  lcd.o(i.LCD_Display_ASCII)
    i.LCD_Display_Chinese                    0x08000488   Section        0  lcd.o(i.LCD_Display_Chinese)
    i.LCD_Display_STRING                     0x080004f4   Section        0  lcd.o(i.LCD_Display_STRING)
    i.LCD_GPIOInit                           0x08000610   Section        0  lcd.o(i.LCD_GPIOInit)
    i.LCD_Init                               0x08000664   Section        0  lcd.o(i.LCD_Init)
    i.LCD_RESET                              0x080007f0   Section        0  lcd.o(i.LCD_RESET)
    i.LCD_SetWindows                         0x08000818   Section        0  lcd.o(i.LCD_SetWindows)
    i.LCD_WR_DATA                            0x080008a8   Section        0  lcd.o(i.LCD_WR_DATA)
    i.LCD_WR_REG                             0x080008c0   Section        0  lcd.o(i.LCD_WR_REG)
    i.LCD_WriteRAM_Prepare                   0x080008d8   Section        0  lcd.o(i.LCD_WriteRAM_Prepare)
    i.LCD_WriteReg                           0x080008e8   Section        0  lcd.o(i.LCD_WriteReg)
    i.LCD_direction                          0x080008fc   Section        0  lcd.o(i.LCD_direction)
    i.Lcd_WriteData_16Bit                    0x0800098c   Section        0  lcd.o(i.Lcd_WriteData_16Bit)
    i.RCC_AHB1PeriphClockCmd                 0x080009a8   Section        0  stm32f4xx_rcc.o(i.RCC_AHB1PeriphClockCmd)
    i.RCC_APB2PeriphClockCmd                 0x080009c8   Section        0  stm32f4xx_rcc.o(i.RCC_APB2PeriphClockCmd)
    i.SPIv_WriteData                         0x080009e8   Section        0  spi.o(i.SPIv_WriteData)
    i.SetSysClock                            0x08000a28   Section        0  system_stm32f4xx.o(i.SetSysClock)
    SetSysClock                              0x08000a29   Thumb Code   220  system_stm32f4xx.o(i.SetSysClock)
    i.SystemInit                             0x08000b14   Section        0  system_stm32f4xx.o(i.SystemInit)
    i.VL53L0X_CheckAndLoadInterruptSettings  0x08000b7c   Section        0  vl53l0x_api.o(i.VL53L0X_CheckAndLoadInterruptSettings)
    i.VL53L0X_ClearInterruptMask             0x08000c00   Section        0  vl53l0x_api.o(i.VL53L0X_ClearInterruptMask)
    i.VL53L0X_DataInit                       0x08000c54   Section        0  vl53l0x_api.o(i.VL53L0X_DataInit)
    i.VL53L0X_GetDeviceMode                  0x08000df4   Section        0  vl53l0x_api.o(i.VL53L0X_GetDeviceMode)
    i.VL53L0X_GetDeviceParameters            0x08000dfe   Section        0  vl53l0x_api.o(i.VL53L0X_GetDeviceParameters)
    i.VL53L0X_GetFractionEnable              0x08000e9e   Section        0  vl53l0x_api.o(i.VL53L0X_GetFractionEnable)
    i.VL53L0X_GetInterMeasurementPeriodMilliSeconds 0x08000ec0   Section        0  vl53l0x_api.o(i.VL53L0X_GetInterMeasurementPeriodMilliSeconds)
    i.VL53L0X_GetInterruptMaskStatus         0x08000efe   Section        0  vl53l0x_api.o(i.VL53L0X_GetInterruptMaskStatus)
    i.VL53L0X_GetInterruptThresholds         0x08000f2e   Section        0  vl53l0x_api.o(i.VL53L0X_GetInterruptThresholds)
    i.VL53L0X_GetLimitCheckEnable            0x08000f70   Section        0  vl53l0x_api.o(i.VL53L0X_GetLimitCheckEnable)
    i.VL53L0X_GetLimitCheckValue             0x08000f8c   Section        0  vl53l0x_api.o(i.VL53L0X_GetLimitCheckValue)
    i.VL53L0X_GetMeasurementDataReady        0x08001042   Section        0  vl53l0x_api.o(i.VL53L0X_GetMeasurementDataReady)
    i.VL53L0X_GetMeasurementTimingBudgetMicroSeconds 0x08001098   Section        0  vl53l0x_api.o(i.VL53L0X_GetMeasurementTimingBudgetMicroSeconds)
    i.VL53L0X_GetOffsetCalibrationDataMicroMeter 0x080010ae   Section        0  vl53l0x_api.o(i.VL53L0X_GetOffsetCalibrationDataMicroMeter)
    i.VL53L0X_GetRangingMeasurementData      0x080010c4   Section        0  vl53l0x_api.o(i.VL53L0X_GetRangingMeasurementData)
    i.VL53L0X_GetSequenceStepEnables         0x08001232   Section        0  vl53l0x_api.o(i.VL53L0X_GetSequenceStepEnables)
    i.VL53L0X_GetVcselPulsePeriod            0x080012a8   Section        0  vl53l0x_api.o(i.VL53L0X_GetVcselPulsePeriod)
    i.VL53L0X_GetWrapAroundCheckEnable       0x080012c6   Section        0  vl53l0x_api.o(i.VL53L0X_GetWrapAroundCheckEnable)
    i.VL53L0X_GetXTalkCompensationEnable     0x08001304   Section        0  vl53l0x_api.o(i.VL53L0X_GetXTalkCompensationEnable)
    i.VL53L0X_GetXTalkCompensationRateMegaCps 0x08001310   Section        0  vl53l0x_api.o(i.VL53L0X_GetXTalkCompensationRateMegaCps)
    i.VL53L0X_IIC_Init                       0x08001348   Section        0  vl53l0x_iic.o(i.VL53L0X_IIC_Init)
    i.VL53L0X_PerformRefCalibration          0x080013bc   Section        0  vl53l0x_api.o(i.VL53L0X_PerformRefCalibration)
    i.VL53L0X_PerformRefSpadManagement       0x080013dc   Section        0  vl53l0x_api.o(i.VL53L0X_PerformRefSpadManagement)
    i.VL53L0X_PerformSingleMeasurement       0x080013fa   Section        0  vl53l0x_api.o(i.VL53L0X_PerformSingleMeasurement)
    i.VL53L0X_PerformSingleRangingMeasurement 0x08001436   Section        0  vl53l0x_api.o(i.VL53L0X_PerformSingleRangingMeasurement)
    i.VL53L0X_PollingDelay                   0x0800146e   Section        0  vl53l0x_platform.o(i.VL53L0X_PollingDelay)
    i.VL53L0X_RdByte                         0x08001474   Section        0  vl53l0x_platform.o(i.VL53L0X_RdByte)
    i.VL53L0X_RdDWord                        0x080014a0   Section        0  vl53l0x_platform.o(i.VL53L0X_RdDWord)
    i.VL53L0X_RdWord                         0x080014cc   Section        0  vl53l0x_platform.o(i.VL53L0X_RdWord)
    i.VL53L0X_ReadMulti                      0x080014f8   Section        0  vl53l0x_platform.o(i.VL53L0X_ReadMulti)
    i.VL53L0X_SetDeviceMode                  0x0800152e   Section        0  vl53l0x_api.o(i.VL53L0X_SetDeviceMode)
    i.VL53L0X_SetGpioConfig                  0x08001560   Section        0  vl53l0x_api.o(i.VL53L0X_SetGpioConfig)
    i.VL53L0X_SetLimitCheckEnable            0x080016c6   Section        0  vl53l0x_api.o(i.VL53L0X_SetLimitCheckEnable)
    i.VL53L0X_SetLimitCheckValue             0x08001788   Section        0  vl53l0x_api.o(i.VL53L0X_SetLimitCheckValue)
    i.VL53L0X_SetMeasurementTimingBudgetMicroSeconds 0x080017fe   Section        0  vl53l0x_api.o(i.VL53L0X_SetMeasurementTimingBudgetMicroSeconds)
    i.VL53L0X_SetSequenceStepEnable          0x08001814   Section        0  vl53l0x_api.o(i.VL53L0X_SetSequenceStepEnable)
    i.VL53L0X_StartMeasurement               0x080018d8   Section        0  vl53l0x_api.o(i.VL53L0X_StartMeasurement)
    i.VL53L0X_StaticInit                     0x080019e4   Section        0  vl53l0x_api.o(i.VL53L0X_StaticInit)
    i.VL53L0X_UpdateByte                     0x08001b84   Section        0  vl53l0x_platform.o(i.VL53L0X_UpdateByte)
    i.VL53L0X_WrByte                         0x08001bd6   Section        0  vl53l0x_platform.o(i.VL53L0X_WrByte)
    i.VL53L0X_WrWord                         0x08001c02   Section        0  vl53l0x_platform.o(i.VL53L0X_WrWord)
    i.VL53L0X_WriteMulti                     0x08001c2e   Section        0  vl53l0x_platform.o(i.VL53L0X_WriteMulti)
    i.VL53L0X_calc_dmax                      0x08001c6c   Section        0  vl53l0x_api_core.o(i.VL53L0X_calc_dmax)
    i.VL53L0X_calc_macro_period_ps           0x08001df8   Section        0  vl53l0x_api_core.o(i.VL53L0X_calc_macro_period_ps)
    i.VL53L0X_calc_sigma_estimate            0x08001e10   Section        0  vl53l0x_api_core.o(i.VL53L0X_calc_sigma_estimate)
    i.VL53L0X_calc_timeout_mclks             0x08002120   Section        0  vl53l0x_api_core.o(i.VL53L0X_calc_timeout_mclks)
    i.VL53L0X_calc_timeout_us                0x08002154   Section        0  vl53l0x_api_core.o(i.VL53L0X_calc_timeout_us)
    i.VL53L0X_decode_timeout                 0x08002188   Section        0  vl53l0x_api_core.o(i.VL53L0X_decode_timeout)
    i.VL53L0X_decode_vcsel_period            0x08002196   Section        0  vl53l0x_api_core.o(i.VL53L0X_decode_vcsel_period)
    i.VL53L0X_device_read_strobe             0x080021a2   Section        0  vl53l0x_api_core.o(i.VL53L0X_device_read_strobe)
    i.VL53L0X_encode_timeout                 0x080021f4   Section        0  vl53l0x_api_core.o(i.VL53L0X_encode_timeout)
    i.VL53L0X_get_info_from_device           0x0800221c   Section        0  vl53l0x_api_core.o(i.VL53L0X_get_info_from_device)
    i.VL53L0X_get_measurement_timing_budget_micro_seconds 0x08002766   Section        0  vl53l0x_api_core.o(i.VL53L0X_get_measurement_timing_budget_micro_seconds)
    i.VL53L0X_get_offset_calibration_data_micro_meter 0x08002854   Section        0  vl53l0x_api_calibration.o(i.VL53L0X_get_offset_calibration_data_micro_meter)
    i.VL53L0X_get_pal_range_status           0x080028aa   Section        0  vl53l0x_api_core.o(i.VL53L0X_get_pal_range_status)
    i.VL53L0X_get_total_signal_rate          0x08002ade   Section        0  vl53l0x_api_core.o(i.VL53L0X_get_total_signal_rate)
    i.VL53L0X_get_total_xtalk_rate           0x08002b06   Section        0  vl53l0x_api_core.o(i.VL53L0X_get_total_xtalk_rate)
    i.VL53L0X_get_vcsel_pulse_period         0x08002b40   Section        0  vl53l0x_api_core.o(i.VL53L0X_get_vcsel_pulse_period)
    i.VL53L0X_isqrt                          0x08002b86   Section        0  vl53l0x_api_core.o(i.VL53L0X_isqrt)
    i.VL53L0X_load_tuning_settings           0x08002bb2   Section        0  vl53l0x_api_core.o(i.VL53L0X_load_tuning_settings)
    i.VL53L0X_measurement_poll_for_completion 0x08002c9c   Section        0  vl53l0x_api_core.o(i.VL53L0X_measurement_poll_for_completion)
    i.VL53L0X_perform_phase_calibration      0x08002cde   Section        0  vl53l0x_api_calibration.o(i.VL53L0X_perform_phase_calibration)
    i.VL53L0X_perform_ref_calibration        0x08002d5a   Section        0  vl53l0x_api_calibration.o(i.VL53L0X_perform_ref_calibration)
    i.VL53L0X_perform_ref_spad_management    0x08002da6   Section        0  vl53l0x_api_calibration.o(i.VL53L0X_perform_ref_spad_management)
    i.VL53L0X_perform_single_ref_calibration 0x08003038   Section        0  vl53l0x_api_calibration.o(i.VL53L0X_perform_single_ref_calibration)
    i.VL53L0X_perform_vhv_calibration        0x08003078   Section        0  vl53l0x_api_calibration.o(i.VL53L0X_perform_vhv_calibration)
    i.VL53L0X_read_byte                      0x080030f6   Section        0  vl53l0x_i2c_win_serial_comms.o(i.VL53L0X_read_byte)
    i.VL53L0X_read_dword                     0x0800311a   Section        0  vl53l0x_i2c_win_serial_comms.o(i.VL53L0X_read_dword)
    i.VL53L0X_read_multi                     0x08003154   Section        0  vl53l0x_i2c_win_serial_comms.o(i.VL53L0X_read_multi)
    i.VL53L0X_read_word                      0x0800317c   Section        0  vl53l0x_i2c_win_serial_comms.o(i.VL53L0X_read_word)
    i.VL53L0X_ref_calibration_io             0x080031a6   Section        0  vl53l0x_api_calibration.o(i.VL53L0X_ref_calibration_io)
    i.VL53L0X_set_measurement_timing_budget_micro_seconds 0x08003256   Section        0  vl53l0x_api_core.o(i.VL53L0X_set_measurement_timing_budget_micro_seconds)
    i.VL53L0X_set_reference_spads            0x0800337c   Section        0  vl53l0x_api_calibration.o(i.VL53L0X_set_reference_spads)
    i.VL53L0X_write_byte                     0x0800343e   Section        0  vl53l0x_i2c_win_serial_comms.o(i.VL53L0X_write_byte)
    i.VL53L0X_write_multi                    0x0800345a   Section        0  vl53l0x_i2c_win_serial_comms.o(i.VL53L0X_write_multi)
    i.VL53L0X_write_word                     0x08003482   Section        0  vl53l0x_i2c_win_serial_comms.o(i.VL53L0X_write_word)
    i.VL53L0x_Init                           0x080034dc   Section        0  bsp_vl53l0x.o(i.VL53L0x_Init)
    i.VL53l0x_GPIO_Init                      0x080035dc   Section        0  bsp_vl53l0x.o(i.VL53l0x_GPIO_Init)
    i.VL_I2C_Read_nByte                      0x08003610   Section        0  vl53l0x_iic.o(i.VL_I2C_Read_nByte)
    i.VL_I2C_Write_nByte                     0x0800367e   Section        0  vl53l0x_iic.o(i.VL_I2C_Write_nByte)
    i.VL_IIC_Ack                             0x080036d0   Section        0  vl53l0x_iic.o(i.VL_IIC_Ack)
    i.VL_IIC_NAck                            0x08003730   Section        0  vl53l0x_iic.o(i.VL_IIC_NAck)
    i.VL_IIC_Read_Byte                       0x08003790   Section        0  vl53l0x_iic.o(i.VL_IIC_Read_Byte)
    i.VL_IIC_Send_Byte                       0x08003814   Section        0  vl53l0x_iic.o(i.VL_IIC_Send_Byte)
    i.VL_IIC_Start                           0x08003898   Section        0  vl53l0x_iic.o(i.VL_IIC_Start)
    i.VL_IIC_Stop                            0x080038f4   Section        0  vl53l0x_iic.o(i.VL_IIC_Stop)
    i.VL_IIC_Wait_Ack                        0x08003950   Section        0  vl53l0x_iic.o(i.VL_IIC_Wait_Ack)
    i.__0printf$bare                         0x080039b8   Section        0  printfb.o(i.__0printf$bare)
    i.__scatterload_copy                     0x080039c8   Section       14  handlers.o(i.__scatterload_copy)
    i.__scatterload_null                     0x080039d6   Section        2  handlers.o(i.__scatterload_null)
    i.__scatterload_zeroinit                 0x080039d8   Section       14  handlers.o(i.__scatterload_zeroinit)
    i._printf_core                           0x080039e6   Section        0  printfb.o(i._printf_core)
    _printf_core                             0x080039e7   Thumb Code    34  printfb.o(i._printf_core)
    i.delay_ms                               0x08003a08   Section        0  systick.o(i.delay_ms)
    i.delay_us                               0x08003a5a   Section        0  systick.o(i.delay_us)
    i.enable_ref_spads                       0x08003aa6   Section        0  vl53l0x_api_calibration.o(i.enable_ref_spads)
    i.enable_spad_bit                        0x08003b52   Section        0  vl53l0x_api_calibration.o(i.enable_spad_bit)
    i.fputc                                  0x08003b84   Section        0  fputc.o(i.fputc)
    i.get_next_good_spad                     0x08003b96   Section        0  vl53l0x_api_calibration.o(i.get_next_good_spad)
    i.get_ref_spad_map                       0x08003bfe   Section        0  vl53l0x_api_calibration.o(i.get_ref_spad_map)
    i.get_sequence_step_timeout              0x08003c16   Section        0  vl53l0x_api_core.o(i.get_sequence_step_timeout)
    i.is_aperture                            0x08003d38   Section        0  vl53l0x_api_calibration.o(i.is_aperture)
    i.main                                   0x08003d50   Section        0  main.o(i.main)
    i.perform_ref_signal_measurement         0x08003da8   Section        0  vl53l0x_api_calibration.o(i.perform_ref_signal_measurement)
    i.sequence_step_enabled                  0x08003e16   Section        0  vl53l0x_api.o(i.sequence_step_enabled)
    i.set_ref_spad_map                       0x08003e5e   Section        0  vl53l0x_api_calibration.o(i.set_ref_spad_map)
    i.set_sequence_step_timeout              0x08003e76   Section        0  vl53l0x_api_core.o(i.set_sequence_step_timeout)
    .constdata                               0x08003fa8   Section     4162  font.o(.constdata)
    .data                                    0x20000000   Section      681  vl53l0x_api.o(.data)
    .data                                    0x200002ac   Section       16  vl53l0x_api_calibration.o(.data)
    .data                                    0x200002bc   Section        4  stdout.o(.data)
    .bss                                     0x200002c0   Section      380  main.o(.bss)
    .bss                                     0x2000043c   Section       16  lcd.o(.bss)
    STACK                                    0x20000450   Section     1024  startup_stm32f40_41xxx.o(STACK)

    Global Symbols

    Symbol Name                              Value     Ov Type        Size  Object(Section)

    BuildAttributes$$THM_ISAv4$E$P$D$K$B$S$7EM$VFPi3$EXTD16$VFPS$VFMA$PE$A:L22UL41UL21$X:L11$S22US41US21$IEEE1$IW$USESV6$~STKCKD$USESV7$~SHL$OSPACE$ROPI$EBA8$MICROLIB$REQ8$PRES8$EABIv2 0x00000000   Number         0  anon$$obj.o ABSOLUTE
    __ARM_use_no_argv                        0x00000000   Number         0  main.o ABSOLUTE
    __cpp_initialize__aeabi_                  - Undefined Weak Reference
    __cxa_finalize                            - Undefined Weak Reference
    _clock_init                               - Undefined Weak Reference
    _microlib_exit                            - Undefined Weak Reference
    __Vectors_Size                           0x00000188   Number         0  startup_stm32f40_41xxx.o ABSOLUTE
    __Vectors                                0x08000000   Data           4  startup_stm32f40_41xxx.o(RESET)
    __Vectors_End                            0x08000188   Data           0  startup_stm32f40_41xxx.o(RESET)
    __main                                   0x08000189   Thumb Code     0  entry.o(.ARM.Collect$$$$00000000)
    _main_stk                                0x08000189   Thumb Code     0  entry2.o(.ARM.Collect$$$$00000001)
    _main_scatterload                        0x0800018d   Thumb Code     0  entry5.o(.ARM.Collect$$$$00000004)
    __main_after_scatterload                 0x08000191   Thumb Code     0  entry5.o(.ARM.Collect$$$$00000004)
    _main_clock                              0x08000191   Thumb Code     0  entry7b.o(.ARM.Collect$$$$00000008)
    _main_cpp_init                           0x08000191   Thumb Code     0  entry8b.o(.ARM.Collect$$$$0000000A)
    _main_init                               0x08000191   Thumb Code     0  entry9a.o(.ARM.Collect$$$$0000000B)
    __rt_final_cpp                           0x08000199   Thumb Code     0  entry10a.o(.ARM.Collect$$$$0000000D)
    __rt_final_exit                          0x08000199   Thumb Code     0  entry11a.o(.ARM.Collect$$$$0000000F)
    Reset_Handler                            0x0800019d   Thumb Code     8  startup_stm32f40_41xxx.o(.text)
    NMI_Handler                              0x080001a5   Thumb Code     2  startup_stm32f40_41xxx.o(.text)
    HardFault_Handler                        0x080001a7   Thumb Code     2  startup_stm32f40_41xxx.o(.text)
    MemManage_Handler                        0x080001a9   Thumb Code     2  startup_stm32f40_41xxx.o(.text)
    BusFault_Handler                         0x080001ab   Thumb Code     2  startup_stm32f40_41xxx.o(.text)
    UsageFault_Handler                       0x080001ad   Thumb Code     2  startup_stm32f40_41xxx.o(.text)
    SVC_Handler                              0x080001af   Thumb Code     2  startup_stm32f40_41xxx.o(.text)
    DebugMon_Handler                         0x080001b1   Thumb Code     2  startup_stm32f40_41xxx.o(.text)
    PendSV_Handler                           0x080001b3   Thumb Code     2  startup_stm32f40_41xxx.o(.text)
    SysTick_Handler                          0x080001b5   Thumb Code     2  startup_stm32f40_41xxx.o(.text)
    ADC_IRQHandler                           0x080001b7   Thumb Code     0  startup_stm32f40_41xxx.o(.text)
    CAN1_RX0_IRQHandler                      0x080001b7   Thumb Code     0  startup_stm32f40_41xxx.o(.text)
    CAN1_RX1_IRQHandler                      0x080001b7   Thumb Code     0  startup_stm32f40_41xxx.o(.text)
    CAN1_SCE_IRQHandler                      0x080001b7   Thumb Code     0  startup_stm32f40_41xxx.o(.text)
    CAN1_TX_IRQHandler                       0x080001b7   Thumb Code     0  startup_stm32f40_41xxx.o(.text)
    CAN2_RX0_IRQHandler                      0x080001b7   Thumb Code     0  startup_stm32f40_41xxx.o(.text)
    CAN2_RX1_IRQHandler                      0x080001b7   Thumb Code     0  startup_stm32f40_41xxx.o(.text)
    CAN2_SCE_IRQHandler                      0x080001b7   Thumb Code     0  startup_stm32f40_41xxx.o(.text)
    CAN2_TX_IRQHandler                       0x080001b7   Thumb Code     0  startup_stm32f40_41xxx.o(.text)
    CRYP_IRQHandler                          0x080001b7   Thumb Code     0  startup_stm32f40_41xxx.o(.text)
    DCMI_IRQHandler                          0x080001b7   Thumb Code     0  startup_stm32f40_41xxx.o(.text)
    DMA1_Stream0_IRQHandler                  0x080001b7   Thumb Code     0  startup_stm32f40_41xxx.o(.text)
    DMA1_Stream1_IRQHandler                  0x080001b7   Thumb Code     0  startup_stm32f40_41xxx.o(.text)
    DMA1_Stream2_IRQHandler                  0x080001b7   Thumb Code     0  startup_stm32f40_41xxx.o(.text)
    DMA1_Stream3_IRQHandler                  0x080001b7   Thumb Code     0  startup_stm32f40_41xxx.o(.text)
    DMA1_Stream4_IRQHandler                  0x080001b7   Thumb Code     0  startup_stm32f40_41xxx.o(.text)
    DMA1_Stream5_IRQHandler                  0x080001b7   Thumb Code     0  startup_stm32f40_41xxx.o(.text)
    DMA1_Stream6_IRQHandler                  0x080001b7   Thumb Code     0  startup_stm32f40_41xxx.o(.text)
    DMA1_Stream7_IRQHandler                  0x080001b7   Thumb Code     0  startup_stm32f40_41xxx.o(.text)
    DMA2_Stream0_IRQHandler                  0x080001b7   Thumb Code     0  startup_stm32f40_41xxx.o(.text)
    DMA2_Stream1_IRQHandler                  0x080001b7   Thumb Code     0  startup_stm32f40_41xxx.o(.text)
    DMA2_Stream2_IRQHandler                  0x080001b7   Thumb Code     0  startup_stm32f40_41xxx.o(.text)
    DMA2_Stream3_IRQHandler                  0x080001b7   Thumb Code     0  startup_stm32f40_41xxx.o(.text)
    DMA2_Stream4_IRQHandler                  0x080001b7   Thumb Code     0  startup_stm32f40_41xxx.o(.text)
    DMA2_Stream5_IRQHandler                  0x080001b7   Thumb Code     0  startup_stm32f40_41xxx.o(.text)
    DMA2_Stream6_IRQHandler                  0x080001b7   Thumb Code     0  startup_stm32f40_41xxx.o(.text)
    DMA2_Stream7_IRQHandler                  0x080001b7   Thumb Code     0  startup_stm32f40_41xxx.o(.text)
    ETH_IRQHandler                           0x080001b7   Thumb Code     0  startup_stm32f40_41xxx.o(.text)
    ETH_WKUP_IRQHandler                      0x080001b7   Thumb Code     0  startup_stm32f40_41xxx.o(.text)
    EXTI0_IRQHandler                         0x080001b7   Thumb Code     0  startup_stm32f40_41xxx.o(.text)
    EXTI15_10_IRQHandler                     0x080001b7   Thumb Code     0  startup_stm32f40_41xxx.o(.text)
    EXTI1_IRQHandler                         0x080001b7   Thumb Code     0  startup_stm32f40_41xxx.o(.text)
    EXTI2_IRQHandler                         0x080001b7   Thumb Code     0  startup_stm32f40_41xxx.o(.text)
    EXTI3_IRQHandler                         0x080001b7   Thumb Code     0  startup_stm32f40_41xxx.o(.text)
    EXTI4_IRQHandler                         0x080001b7   Thumb Code     0  startup_stm32f40_41xxx.o(.text)
    EXTI9_5_IRQHandler                       0x080001b7   Thumb Code     0  startup_stm32f40_41xxx.o(.text)
    FLASH_IRQHandler                         0x080001b7   Thumb Code     0  startup_stm32f40_41xxx.o(.text)
    FPU_IRQHandler                           0x080001b7   Thumb Code     0  startup_stm32f40_41xxx.o(.text)
    FSMC_IRQHandler                          0x080001b7   Thumb Code     0  startup_stm32f40_41xxx.o(.text)
    HASH_RNG_IRQHandler                      0x080001b7   Thumb Code     0  startup_stm32f40_41xxx.o(.text)
    I2C1_ER_IRQHandler                       0x080001b7   Thumb Code     0  startup_stm32f40_41xxx.o(.text)
    I2C1_EV_IRQHandler                       0x080001b7   Thumb Code     0  startup_stm32f40_41xxx.o(.text)
    I2C2_ER_IRQHandler                       0x080001b7   Thumb Code     0  startup_stm32f40_41xxx.o(.text)
    I2C2_EV_IRQHandler                       0x080001b7   Thumb Code     0  startup_stm32f40_41xxx.o(.text)
    I2C3_ER_IRQHandler                       0x080001b7   Thumb Code     0  startup_stm32f40_41xxx.o(.text)
    I2C3_EV_IRQHandler                       0x080001b7   Thumb Code     0  startup_stm32f40_41xxx.o(.text)
    OTG_FS_IRQHandler                        0x080001b7   Thumb Code     0  startup_stm32f40_41xxx.o(.text)
    OTG_FS_WKUP_IRQHandler                   0x080001b7   Thumb Code     0  startup_stm32f40_41xxx.o(.text)
    OTG_HS_EP1_IN_IRQHandler                 0x080001b7   Thumb Code     0  startup_stm32f40_41xxx.o(.text)
    OTG_HS_EP1_OUT_IRQHandler                0x080001b7   Thumb Code     0  startup_stm32f40_41xxx.o(.text)
    OTG_HS_IRQHandler                        0x080001b7   Thumb Code     0  startup_stm32f40_41xxx.o(.text)
    OTG_HS_WKUP_IRQHandler                   0x080001b7   Thumb Code     0  startup_stm32f40_41xxx.o(.text)
    PVD_IRQHandler                           0x080001b7   Thumb Code     0  startup_stm32f40_41xxx.o(.text)
    RCC_IRQHandler                           0x080001b7   Thumb Code     0  startup_stm32f40_41xxx.o(.text)
    RTC_Alarm_IRQHandler                     0x080001b7   Thumb Code     0  startup_stm32f40_41xxx.o(.text)
    RTC_WKUP_IRQHandler                      0x080001b7   Thumb Code     0  startup_stm32f40_41xxx.o(.text)
    SDIO_IRQHandler                          0x080001b7   Thumb Code     0  startup_stm32f40_41xxx.o(.text)
    SPI1_IRQHandler                          0x080001b7   Thumb Code     0  startup_stm32f40_41xxx.o(.text)
    SPI2_IRQHandler                          0x080001b7   Thumb Code     0  startup_stm32f40_41xxx.o(.text)
    SPI3_IRQHandler                          0x080001b7   Thumb Code     0  startup_stm32f40_41xxx.o(.text)
    TAMP_STAMP_IRQHandler                    0x080001b7   Thumb Code     0  startup_stm32f40_41xxx.o(.text)
    TIM1_BRK_TIM9_IRQHandler                 0x080001b7   Thumb Code     0  startup_stm32f40_41xxx.o(.text)
    TIM1_CC_IRQHandler                       0x080001b7   Thumb Code     0  startup_stm32f40_41xxx.o(.text)
    TIM1_TRG_COM_TIM11_IRQHandler            0x080001b7   Thumb Code     0  startup_stm32f40_41xxx.o(.text)
    TIM1_UP_TIM10_IRQHandler                 0x080001b7   Thumb Code     0  startup_stm32f40_41xxx.o(.text)
    TIM2_IRQHandler                          0x080001b7   Thumb Code     0  startup_stm32f40_41xxx.o(.text)
    TIM3_IRQHandler                          0x080001b7   Thumb Code     0  startup_stm32f40_41xxx.o(.text)
    TIM4_IRQHandler                          0x080001b7   Thumb Code     0  startup_stm32f40_41xxx.o(.text)
    TIM5_IRQHandler                          0x080001b7   Thumb Code     0  startup_stm32f40_41xxx.o(.text)
    TIM6_DAC_IRQHandler                      0x080001b7   Thumb Code     0  startup_stm32f40_41xxx.o(.text)
    TIM7_IRQHandler                          0x080001b7   Thumb Code     0  startup_stm32f40_41xxx.o(.text)
    TIM8_BRK_TIM12_IRQHandler                0x080001b7   Thumb Code     0  startup_stm32f40_41xxx.o(.text)
    TIM8_CC_IRQHandler                       0x080001b7   Thumb Code     0  startup_stm32f40_41xxx.o(.text)
    TIM8_TRG_COM_TIM14_IRQHandler            0x080001b7   Thumb Code     0  startup_stm32f40_41xxx.o(.text)
    TIM8_UP_TIM13_IRQHandler                 0x080001b7   Thumb Code     0  startup_stm32f40_41xxx.o(.text)
    UART4_IRQHandler                         0x080001b7   Thumb Code     0  startup_stm32f40_41xxx.o(.text)
    UART5_IRQHandler                         0x080001b7   Thumb Code     0  startup_stm32f40_41xxx.o(.text)
    USART1_IRQHandler                        0x080001b7   Thumb Code     0  startup_stm32f40_41xxx.o(.text)
    USART2_IRQHandler                        0x080001b7   Thumb Code     0  startup_stm32f40_41xxx.o(.text)
    USART3_IRQHandler                        0x080001b7   Thumb Code     0  startup_stm32f40_41xxx.o(.text)
    USART6_IRQHandler                        0x080001b7   Thumb Code     0  startup_stm32f40_41xxx.o(.text)
    WWDG_IRQHandler                          0x080001b7   Thumb Code     0  startup_stm32f40_41xxx.o(.text)
    __aeabi_memcpy                           0x080001c1   Thumb Code    36  memcpya.o(.text)
    __aeabi_memcpy4                          0x080001c1   Thumb Code     0  memcpya.o(.text)
    __aeabi_memcpy8                          0x080001c1   Thumb Code     0  memcpya.o(.text)
    __aeabi_memset                           0x080001e5   Thumb Code    14  memseta.o(.text)
    __aeabi_memset4                          0x080001e5   Thumb Code     0  memseta.o(.text)
    __aeabi_memset8                          0x080001e5   Thumb Code     0  memseta.o(.text)
    __aeabi_memclr                           0x080001f3   Thumb Code     4  memseta.o(.text)
    __aeabi_memclr4                          0x080001f3   Thumb Code     0  memseta.o(.text)
    __aeabi_memclr8                          0x080001f3   Thumb Code     0  memseta.o(.text)
    _memset$wrapper                          0x080001f7   Thumb Code    18  memseta.o(.text)
    strlen                                   0x08000209   Thumb Code    14  strlen.o(.text)
    strcpy                                   0x08000217   Thumb Code    18  strcpy.o(.text)
    __scatterload                            0x08000229   Thumb Code    28  init.o(.text)
    __scatterload_rt2                        0x08000229   Thumb Code     0  init.o(.text)
    __I$use$semihosting$fputc                0x0800024d   Thumb Code     0  iusesemip.o(.text)
    __decompress                             0x0800024d   Thumb Code     0  __dclz77c.o(.text)
    __decompress2                            0x0800024d   Thumb Code    94  __dclz77c.o(.text)
    __semihosting_library_function           0x0800024d   Thumb Code     0  semi.o(.text)
    GPIO_Init                                0x080002ab   Thumb Code   144  stm32f4xx_gpio.o(i.GPIO_Init)
    GPIO_ResetBits                           0x0800033b   Thumb Code     4  stm32f4xx_gpio.o(i.GPIO_ResetBits)
    GPIO_SetBits                             0x0800033f   Thumb Code     4  stm32f4xx_gpio.o(i.GPIO_SetBits)
    LCD_Clear                                0x08000345   Thumb Code    76  lcd.o(i.LCD_Clear)
    LCD_Display_ASCII                        0x08000399   Thumb Code   240  lcd.o(i.LCD_Display_ASCII)
    LCD_Display_Chinese                      0x08000489   Thumb Code   106  lcd.o(i.LCD_Display_Chinese)
    LCD_Display_STRING                       0x080004f5   Thumb Code   268  lcd.o(i.LCD_Display_STRING)
    LCD_GPIOInit                             0x08000611   Thumb Code    78  lcd.o(i.LCD_GPIOInit)
    LCD_Init                                 0x08000665   Thumb Code   392  lcd.o(i.LCD_Init)
    LCD_RESET                                0x080007f1   Thumb Code    30  lcd.o(i.LCD_RESET)
    LCD_SetWindows                           0x08000819   Thumb Code   140  lcd.o(i.LCD_SetWindows)
    LCD_WR_DATA                              0x080008a9   Thumb Code    18  lcd.o(i.LCD_WR_DATA)
    LCD_WR_REG                               0x080008c1   Thumb Code    18  lcd.o(i.LCD_WR_REG)
    LCD_WriteRAM_Prepare                     0x080008d9   Thumb Code    12  lcd.o(i.LCD_WriteRAM_Prepare)
    LCD_WriteReg                             0x080008e9   Thumb Code    20  lcd.o(i.LCD_WriteReg)
    LCD_direction                            0x080008fd   Thumb Code   140  lcd.o(i.LCD_direction)
    Lcd_WriteData_16Bit                      0x0800098d   Thumb Code    24  lcd.o(i.Lcd_WriteData_16Bit)
    RCC_AHB1PeriphClockCmd                   0x080009a9   Thumb Code    26  stm32f4xx_rcc.o(i.RCC_AHB1PeriphClockCmd)
    RCC_APB2PeriphClockCmd                   0x080009c9   Thumb Code    26  stm32f4xx_rcc.o(i.RCC_APB2PeriphClockCmd)
    SPIv_WriteData                           0x080009e9   Thumb Code    56  spi.o(i.SPIv_WriteData)
    SystemInit                               0x08000b15   Thumb Code    88  system_stm32f4xx.o(i.SystemInit)
    VL53L0X_CheckAndLoadInterruptSettings    0x08000b7d   Thumb Code   126  vl53l0x_api.o(i.VL53L0X_CheckAndLoadInterruptSettings)
    VL53L0X_ClearInterruptMask               0x08000c01   Thumb Code    82  vl53l0x_api.o(i.VL53L0X_ClearInterruptMask)
    VL53L0X_DataInit                         0x08000c55   Thumb Code   406  vl53l0x_api.o(i.VL53L0X_DataInit)
    VL53L0X_GetDeviceMode                    0x08000df5   Thumb Code    10  vl53l0x_api.o(i.VL53L0X_GetDeviceMode)
    VL53L0X_GetDeviceParameters              0x08000dff   Thumb Code   160  vl53l0x_api.o(i.VL53L0X_GetDeviceParameters)
    VL53L0X_GetFractionEnable                0x08000e9f   Thumb Code    34  vl53l0x_api.o(i.VL53L0X_GetFractionEnable)
    VL53L0X_GetInterMeasurementPeriodMilliSeconds 0x08000ec1   Thumb Code    62  vl53l0x_api.o(i.VL53L0X_GetInterMeasurementPeriodMilliSeconds)
    VL53L0X_GetInterruptMaskStatus           0x08000eff   Thumb Code    48  vl53l0x_api.o(i.VL53L0X_GetInterruptMaskStatus)
    VL53L0X_GetInterruptThresholds           0x08000f2f   Thumb Code    66  vl53l0x_api.o(i.VL53L0X_GetInterruptThresholds)
    VL53L0X_GetLimitCheckEnable              0x08000f71   Thumb Code    28  vl53l0x_api.o(i.VL53L0X_GetLimitCheckEnable)
    VL53L0X_GetLimitCheckValue               0x08000f8d   Thumb Code   182  vl53l0x_api.o(i.VL53L0X_GetLimitCheckValue)
    VL53L0X_GetMeasurementDataReady          0x08001043   Thumb Code    86  vl53l0x_api.o(i.VL53L0X_GetMeasurementDataReady)
    VL53L0X_GetMeasurementTimingBudgetMicroSeconds 0x08001099   Thumb Code    22  vl53l0x_api.o(i.VL53L0X_GetMeasurementTimingBudgetMicroSeconds)
    VL53L0X_GetOffsetCalibrationDataMicroMeter 0x080010af   Thumb Code    22  vl53l0x_api.o(i.VL53L0X_GetOffsetCalibrationDataMicroMeter)
    VL53L0X_GetRangingMeasurementData        0x080010c5   Thumb Code   366  vl53l0x_api.o(i.VL53L0X_GetRangingMeasurementData)
    VL53L0X_GetSequenceStepEnables           0x08001233   Thumb Code   118  vl53l0x_api.o(i.VL53L0X_GetSequenceStepEnables)
    VL53L0X_GetVcselPulsePeriod              0x080012a9   Thumb Code    30  vl53l0x_api.o(i.VL53L0X_GetVcselPulsePeriod)
    VL53L0X_GetWrapAroundCheckEnable         0x080012c7   Thumb Code    62  vl53l0x_api.o(i.VL53L0X_GetWrapAroundCheckEnable)
    VL53L0X_GetXTalkCompensationEnable       0x08001305   Thumb Code    12  vl53l0x_api.o(i.VL53L0X_GetXTalkCompensationEnable)
    VL53L0X_GetXTalkCompensationRateMegaCps  0x08001311   Thumb Code    56  vl53l0x_api.o(i.VL53L0X_GetXTalkCompensationRateMegaCps)
    VL53L0X_IIC_Init                         0x08001349   Thumb Code   112  vl53l0x_iic.o(i.VL53L0X_IIC_Init)
    VL53L0X_PerformRefCalibration            0x080013bd   Thumb Code    32  vl53l0x_api.o(i.VL53L0X_PerformRefCalibration)
    VL53L0X_PerformRefSpadManagement         0x080013dd   Thumb Code    30  vl53l0x_api.o(i.VL53L0X_PerformRefSpadManagement)
    VL53L0X_PerformSingleMeasurement         0x080013fb   Thumb Code    60  vl53l0x_api.o(i.VL53L0X_PerformSingleMeasurement)
    VL53L0X_PerformSingleRangingMeasurement  0x08001437   Thumb Code    56  vl53l0x_api.o(i.VL53L0X_PerformSingleRangingMeasurement)
    VL53L0X_PollingDelay                     0x0800146f   Thumb Code     6  vl53l0x_platform.o(i.VL53L0X_PollingDelay)
    VL53L0X_RdByte                           0x08001475   Thumb Code    44  vl53l0x_platform.o(i.VL53L0X_RdByte)
    VL53L0X_RdDWord                          0x080014a1   Thumb Code    44  vl53l0x_platform.o(i.VL53L0X_RdDWord)
    VL53L0X_RdWord                           0x080014cd   Thumb Code    44  vl53l0x_platform.o(i.VL53L0X_RdWord)
    VL53L0X_ReadMulti                        0x080014f9   Thumb Code    54  vl53l0x_platform.o(i.VL53L0X_ReadMulti)
    VL53L0X_SetDeviceMode                    0x0800152f   Thumb Code    50  vl53l0x_api.o(i.VL53L0X_SetDeviceMode)
    VL53L0X_SetGpioConfig                    0x08001561   Thumb Code   358  vl53l0x_api.o(i.VL53L0X_SetGpioConfig)
    VL53L0X_SetLimitCheckEnable              0x080016c7   Thumb Code   194  vl53l0x_api.o(i.VL53L0X_SetLimitCheckEnable)
    VL53L0X_SetLimitCheckValue               0x08001789   Thumb Code   118  vl53l0x_api.o(i.VL53L0X_SetLimitCheckValue)
    VL53L0X_SetMeasurementTimingBudgetMicroSeconds 0x080017ff   Thumb Code    22  vl53l0x_api.o(i.VL53L0X_SetMeasurementTimingBudgetMicroSeconds)
    VL53L0X_SetSequenceStepEnable            0x08001815   Thumb Code   196  vl53l0x_api.o(i.VL53L0X_SetSequenceStepEnable)
    VL53L0X_StartMeasurement                 0x080018d9   Thumb Code   268  vl53l0x_api.o(i.VL53L0X_StartMeasurement)
    VL53L0X_StaticInit                       0x080019e5   Thumb Code   410  vl53l0x_api.o(i.VL53L0X_StaticInit)
    VL53L0X_UpdateByte                       0x08001b85   Thumb Code    82  vl53l0x_platform.o(i.VL53L0X_UpdateByte)
    VL53L0X_WrByte                           0x08001bd7   Thumb Code    44  vl53l0x_platform.o(i.VL53L0X_WrByte)
    VL53L0X_WrWord                           0x08001c03   Thumb Code    44  vl53l0x_platform.o(i.VL53L0X_WrWord)
    VL53L0X_WriteMulti                       0x08001c2f   Thumb Code    60  vl53l0x_platform.o(i.VL53L0X_WriteMulti)
    VL53L0X_calc_dmax                        0x08001c6d   Thumb Code   392  vl53l0x_api_core.o(i.VL53L0X_calc_dmax)
    VL53L0X_calc_macro_period_ps             0x08001df9   Thumb Code    22  vl53l0x_api_core.o(i.VL53L0X_calc_macro_period_ps)
    VL53L0X_calc_sigma_estimate              0x08001e11   Thumb Code   772  vl53l0x_api_core.o(i.VL53L0X_calc_sigma_estimate)
    VL53L0X_calc_timeout_mclks               0x08002121   Thumb Code    52  vl53l0x_api_core.o(i.VL53L0X_calc_timeout_mclks)
    VL53L0X_calc_timeout_us                  0x08002155   Thumb Code    52  vl53l0x_api_core.o(i.VL53L0X_calc_timeout_us)
    VL53L0X_decode_timeout                   0x08002189   Thumb Code    14  vl53l0x_api_core.o(i.VL53L0X_decode_timeout)
    VL53L0X_decode_vcsel_period              0x08002197   Thumb Code    12  vl53l0x_api_core.o(i.VL53L0X_decode_vcsel_period)
    VL53L0X_device_read_strobe               0x080021a3   Thumb Code    82  vl53l0x_api_core.o(i.VL53L0X_device_read_strobe)
    VL53L0X_encode_timeout                   0x080021f5   Thumb Code    40  vl53l0x_api_core.o(i.VL53L0X_encode_timeout)
    VL53L0X_get_info_from_device             0x0800221d   Thumb Code  1354  vl53l0x_api_core.o(i.VL53L0X_get_info_from_device)
    VL53L0X_get_measurement_timing_budget_micro_seconds 0x08002767   Thumb Code   238  vl53l0x_api_core.o(i.VL53L0X_get_measurement_timing_budget_micro_seconds)
    VL53L0X_get_offset_calibration_data_micro_meter 0x08002855   Thumb Code    86  vl53l0x_api_calibration.o(i.VL53L0X_get_offset_calibration_data_micro_meter)
    VL53L0X_get_pal_range_status             0x080028ab   Thumb Code   564  vl53l0x_api_core.o(i.VL53L0X_get_pal_range_status)
    VL53L0X_get_total_signal_rate            0x08002adf   Thumb Code    40  vl53l0x_api_core.o(i.VL53L0X_get_total_signal_rate)
    VL53L0X_get_total_xtalk_rate             0x08002b07   Thumb Code    58  vl53l0x_api_core.o(i.VL53L0X_get_total_xtalk_rate)
    VL53L0X_get_vcsel_pulse_period           0x08002b41   Thumb Code    70  vl53l0x_api_core.o(i.VL53L0X_get_vcsel_pulse_period)
    VL53L0X_isqrt                            0x08002b87   Thumb Code    44  vl53l0x_api_core.o(i.VL53L0X_isqrt)
    VL53L0X_load_tuning_settings             0x08002bb3   Thumb Code   234  vl53l0x_api_core.o(i.VL53L0X_load_tuning_settings)
    VL53L0X_measurement_poll_for_completion  0x08002c9d   Thumb Code    66  vl53l0x_api_core.o(i.VL53L0X_measurement_poll_for_completion)
    VL53L0X_perform_phase_calibration        0x08002cdf   Thumb Code   124  vl53l0x_api_calibration.o(i.VL53L0X_perform_phase_calibration)
    VL53L0X_perform_ref_calibration          0x08002d5b   Thumb Code    76  vl53l0x_api_calibration.o(i.VL53L0X_perform_ref_calibration)
    VL53L0X_perform_ref_spad_management      0x08002da7   Thumb Code   658  vl53l0x_api_calibration.o(i.VL53L0X_perform_ref_spad_management)
    VL53L0X_perform_single_ref_calibration   0x08003039   Thumb Code    64  vl53l0x_api_calibration.o(i.VL53L0X_perform_single_ref_calibration)
    VL53L0X_perform_vhv_calibration          0x08003079   Thumb Code   126  vl53l0x_api_calibration.o(i.VL53L0X_perform_vhv_calibration)
    VL53L0X_read_byte                        0x080030f7   Thumb Code    36  vl53l0x_i2c_win_serial_comms.o(i.VL53L0X_read_byte)
    VL53L0X_read_dword                       0x0800311b   Thumb Code    58  vl53l0x_i2c_win_serial_comms.o(i.VL53L0X_read_dword)
    VL53L0X_read_multi                       0x08003155   Thumb Code    40  vl53l0x_i2c_win_serial_comms.o(i.VL53L0X_read_multi)
    VL53L0X_read_word                        0x0800317d   Thumb Code    42  vl53l0x_i2c_win_serial_comms.o(i.VL53L0X_read_word)
    VL53L0X_ref_calibration_io               0x080031a7   Thumb Code   176  vl53l0x_api_calibration.o(i.VL53L0X_ref_calibration_io)
    VL53L0X_set_measurement_timing_budget_micro_seconds 0x08003257   Thumb Code   294  vl53l0x_api_core.o(i.VL53L0X_set_measurement_timing_budget_micro_seconds)
    VL53L0X_set_reference_spads              0x0800337d   Thumb Code   194  vl53l0x_api_calibration.o(i.VL53L0X_set_reference_spads)
    VL53L0X_write_byte                       0x0800343f   Thumb Code    28  vl53l0x_i2c_win_serial_comms.o(i.VL53L0X_write_byte)
    VL53L0X_write_multi                      0x0800345b   Thumb Code    40  vl53l0x_i2c_win_serial_comms.o(i.VL53L0X_write_multi)
    VL53L0X_write_word                       0x08003483   Thumb Code    90  vl53l0x_i2c_win_serial_comms.o(i.VL53L0X_write_word)
    VL53L0x_Init                             0x080034dd   Thumb Code   180  bsp_vl53l0x.o(i.VL53L0x_Init)
    VL53l0x_GPIO_Init                        0x080035dd   Thumb Code    46  bsp_vl53l0x.o(i.VL53l0x_GPIO_Init)
    VL_I2C_Read_nByte                        0x08003611   Thumb Code   110  vl53l0x_iic.o(i.VL_I2C_Read_nByte)
    VL_I2C_Write_nByte                       0x0800367f   Thumb Code    80  vl53l0x_iic.o(i.VL_I2C_Write_nByte)
    VL_IIC_Ack                               0x080036d1   Thumb Code    82  vl53l0x_iic.o(i.VL_IIC_Ack)
    VL_IIC_NAck                              0x08003731   Thumb Code    82  vl53l0x_iic.o(i.VL_IIC_NAck)
    VL_IIC_Read_Byte                         0x08003791   Thumb Code   118  vl53l0x_iic.o(i.VL_IIC_Read_Byte)
    VL_IIC_Send_Byte                         0x08003815   Thumb Code   120  vl53l0x_iic.o(i.VL_IIC_Send_Byte)
    VL_IIC_Start                             0x08003899   Thumb Code    80  vl53l0x_iic.o(i.VL_IIC_Start)
    VL_IIC_Stop                              0x080038f5   Thumb Code    78  vl53l0x_iic.o(i.VL_IIC_Stop)
    VL_IIC_Wait_Ack                          0x08003951   Thumb Code    92  vl53l0x_iic.o(i.VL_IIC_Wait_Ack)
    __0printf$bare                           0x080039b9   Thumb Code     8  printfb.o(i.__0printf$bare)
    __1printf$bare                           0x080039b9   Thumb Code     0  printfb.o(i.__0printf$bare)
    __2printf                                0x080039b9   Thumb Code     0  printfb.o(i.__0printf$bare)
    __scatterload_copy                       0x080039c9   Thumb Code    14  handlers.o(i.__scatterload_copy)
    __scatterload_null                       0x080039d7   Thumb Code     2  handlers.o(i.__scatterload_null)
    __scatterload_zeroinit                   0x080039d9   Thumb Code    14  handlers.o(i.__scatterload_zeroinit)
    delay_ms                                 0x08003a09   Thumb Code    82  systick.o(i.delay_ms)
    delay_us                                 0x08003a5b   Thumb Code    76  systick.o(i.delay_us)
    enable_ref_spads                         0x08003aa7   Thumb Code   172  vl53l0x_api_calibration.o(i.enable_ref_spads)
    enable_spad_bit                          0x08003b53   Thumb Code    50  vl53l0x_api_calibration.o(i.enable_spad_bit)
    fputc                                    0x08003b85   Thumb Code    18  fputc.o(i.fputc)
    get_next_good_spad                       0x08003b97   Thumb Code   104  vl53l0x_api_calibration.o(i.get_next_good_spad)
    get_ref_spad_map                         0x08003bff   Thumb Code    24  vl53l0x_api_calibration.o(i.get_ref_spad_map)
    get_sequence_step_timeout                0x08003c17   Thumb Code   290  vl53l0x_api_core.o(i.get_sequence_step_timeout)
    is_aperture                              0x08003d39   Thumb Code    18  vl53l0x_api_calibration.o(i.is_aperture)
    main                                     0x08003d51   Thumb Code    52  main.o(i.main)
    perform_ref_signal_measurement           0x08003da9   Thumb Code   110  vl53l0x_api_calibration.o(i.perform_ref_signal_measurement)
    sequence_step_enabled                    0x08003e17   Thumb Code    72  vl53l0x_api.o(i.sequence_step_enabled)
    set_ref_spad_map                         0x08003e5f   Thumb Code    24  vl53l0x_api_calibration.o(i.set_ref_spad_map)
    set_sequence_step_timeout                0x08003e77   Thumb Code   306  vl53l0x_api_core.o(i.set_sequence_step_timeout)
    hzk                                      0x08003fa8   Data          25  font.o(.constdata)
    hzm                                      0x08003fc1   Data        1536  font.o(.constdata)
    zfk                                      0x080045c1   Data          41  font.o(.constdata)
    zfm                                      0x080045ea   Data        2560  font.o(.constdata)
    Region$$Table$$Base                      0x08004fec   Number         0  anon$$obj.o(Region$$Table)
    Region$$Table$$Limit                     0x0800500c   Number         0  anon$$obj.o(Region$$Table)
    DefaultTuningSettings                    0x20000000   Data         243  vl53l0x_api.o(.data)
    InterruptThresholdSettings               0x200000f3   Data         438  vl53l0x_api.o(.data)
    refArrayQuadrants                        0x200002ac   Data          16  vl53l0x_api_calibration.o(.data)
    __stdout                                 0x200002bc   Data           4  stdout.o(.data)
    VL53L0x_dev                              0x200002c0   Data         352  main.o(.bss)
    VL53L0x_data                             0x20000420   Data          28  main.o(.bss)
    lcddev                                   0x2000043c   Data          16  lcd.o(.bss)
    __initial_sp                             0x20000850   Data           0  startup_stm32f40_41xxx.o(STACK)



==============================================================================

Memory Map of the image

  Image Entry point : 0x08000189

  Load Region LR_IROM1 (Base: 0x08000000, Size: 0x000052cc, Max: 0x00100000, ABSOLUTE, COMPRESSED[0x00005290])

    Execution Region ER_IROM1 (Exec base: 0x08000000, Load base: 0x08000000, Size: 0x0000500c, Max: 0x00100000, ABSOLUTE)

    Exec Addr    Load Addr    Size         Type   Attr      Idx    E Section Name        Object

    0x08000000   0x08000000   0x00000188   Data   RO          143    RESET               startup_stm32f40_41xxx.o
    0x08000188   0x08000188   0x00000000   Code   RO         3445  * .ARM.Collect$$$$00000000  mc_w.l(entry.o)
    0x08000188   0x08000188   0x00000004   Code   RO         3718    .ARM.Collect$$$$00000001  mc_w.l(entry2.o)
    0x0800018c   0x0800018c   0x00000004   Code   RO         3721    .ARM.Collect$$$$00000004  mc_w.l(entry5.o)
    0x08000190   0x08000190   0x00000000   Code   RO         3723    .ARM.Collect$$$$00000008  mc_w.l(entry7b.o)
    0x08000190   0x08000190   0x00000000   Code   RO         3725    .ARM.Collect$$$$0000000A  mc_w.l(entry8b.o)
    0x08000190   0x08000190   0x00000008   Code   RO         3726    .ARM.Collect$$$$0000000B  mc_w.l(entry9a.o)
    0x08000198   0x08000198   0x00000000   Code   RO         3728    .ARM.Collect$$$$0000000D  mc_w.l(entry10a.o)
    0x08000198   0x08000198   0x00000000   Code   RO         3730    .ARM.Collect$$$$0000000F  mc_w.l(entry11a.o)
    0x08000198   0x08000198   0x00000004   Code   RO         3719    .ARM.Collect$$$$00002712  mc_w.l(entry2.o)
    0x0800019c   0x0800019c   0x00000024   Code   RO          144    .text               startup_stm32f40_41xxx.o
    0x080001c0   0x080001c0   0x00000024   Code   RO         3448    .text               mc_w.l(memcpya.o)
    0x080001e4   0x080001e4   0x00000024   Code   RO         3450    .text               mc_w.l(memseta.o)
    0x08000208   0x08000208   0x0000000e   Code   RO         3452    .text               mc_w.l(strlen.o)
    0x08000216   0x08000216   0x00000012   Code   RO         3454    .text               mc_w.l(strcpy.o)
    0x08000228   0x08000228   0x00000024   Code   RO         3750    .text               mc_w.l(init.o)
    0x0800024c   0x0800024c   0x00000000   Code   RO         3752    .text               mc_w.l(semi.o)
    0x0800024c   0x0800024c   0x00000000   Code   RO         3759    .text               mc_w.l(iusesemip.o)
    0x0800024c   0x0800024c   0x0000005e   Code   RO         3770    .text               mc_w.l(__dclz77c.o)
    0x080002aa   0x080002aa   0x00000090   Code   RO          541    i.GPIO_Init         stm32f4xx_gpio.o
    0x0800033a   0x0800033a   0x00000004   Code   RO          548    i.GPIO_ResetBits    stm32f4xx_gpio.o
    0x0800033e   0x0800033e   0x00000004   Code   RO          549    i.GPIO_SetBits      stm32f4xx_gpio.o
    0x08000342   0x08000342   0x00000002   PAD
    0x08000344   0x08000344   0x00000054   Code   RO          294    i.LCD_Clear         lcd.o
    0x08000398   0x08000398   0x000000f0   Code   RO          296    i.LCD_Display_ASCII  lcd.o
    0x08000488   0x08000488   0x0000006a   Code   RO          297    i.LCD_Display_Chinese  lcd.o
    0x080004f2   0x080004f2   0x00000002   PAD
    0x080004f4   0x080004f4   0x0000011c   Code   RO          298    i.LCD_Display_STRING  lcd.o
    0x08000610   0x08000610   0x00000054   Code   RO          300    i.LCD_GPIOInit      lcd.o
    0x08000664   0x08000664   0x0000018c   Code   RO          301    i.LCD_Init          lcd.o
    0x080007f0   0x080007f0   0x00000028   Code   RO          302    i.LCD_RESET         lcd.o
    0x08000818   0x08000818   0x00000090   Code   RO          304    i.LCD_SetWindows    lcd.o
    0x080008a8   0x080008a8   0x00000018   Code   RO          305    i.LCD_WR_DATA       lcd.o
    0x080008c0   0x080008c0   0x00000018   Code   RO          306    i.LCD_WR_REG        lcd.o
    0x080008d8   0x080008d8   0x00000010   Code   RO          307    i.LCD_WriteRAM_Prepare  lcd.o
    0x080008e8   0x080008e8   0x00000014   Code   RO          308    i.LCD_WriteReg      lcd.o
    0x080008fc   0x080008fc   0x00000090   Code   RO          309    i.LCD_direction     lcd.o
    0x0800098c   0x0800098c   0x0000001c   Code   RO          310    i.Lcd_WriteData_16Bit  lcd.o
    0x080009a8   0x080009a8   0x00000020   Code   RO          638    i.RCC_AHB1PeriphClockCmd  stm32f4xx_rcc.o
    0x080009c8   0x080009c8   0x00000020   Code   RO          650    i.RCC_APB2PeriphClockCmd  stm32f4xx_rcc.o
    0x080009e8   0x080009e8   0x00000040   Code   RO          420    i.SPIv_WriteData    spi.o
    0x08000a28   0x08000a28   0x000000ec   Code   RO            3    i.SetSysClock       system_stm32f4xx.o
    0x08000b14   0x08000b14   0x00000068   Code   RO            5    i.SystemInit        system_stm32f4xx.o
    0x08000b7c   0x08000b7c   0x00000084   Code   RO         2464    i.VL53L0X_CheckAndLoadInterruptSettings  vl53l0x_api.o
    0x08000c00   0x08000c00   0x00000052   Code   RO         2465    i.VL53L0X_ClearInterruptMask  vl53l0x_api.o
    0x08000c52   0x08000c52   0x00000002   PAD
    0x08000c54   0x08000c54   0x000001a0   Code   RO         2466    i.VL53L0X_DataInit  vl53l0x_api.o
    0x08000df4   0x08000df4   0x0000000a   Code   RO         2471    i.VL53L0X_GetDeviceMode  vl53l0x_api.o
    0x08000dfe   0x08000dfe   0x000000a0   Code   RO         2472    i.VL53L0X_GetDeviceParameters  vl53l0x_api.o
    0x08000e9e   0x08000e9e   0x00000022   Code   RO         2474    i.VL53L0X_GetFractionEnable  vl53l0x_api.o
    0x08000ec0   0x08000ec0   0x0000003e   Code   RO         2478    i.VL53L0X_GetInterMeasurementPeriodMilliSeconds  vl53l0x_api.o
    0x08000efe   0x08000efe   0x00000030   Code   RO         2479    i.VL53L0X_GetInterruptMaskStatus  vl53l0x_api.o
    0x08000f2e   0x08000f2e   0x00000042   Code   RO         2480    i.VL53L0X_GetInterruptThresholds  vl53l0x_api.o
    0x08000f70   0x08000f70   0x0000001c   Code   RO         2482    i.VL53L0X_GetLimitCheckEnable  vl53l0x_api.o
    0x08000f8c   0x08000f8c   0x000000b6   Code   RO         2485    i.VL53L0X_GetLimitCheckValue  vl53l0x_api.o
    0x08001042   0x08001042   0x00000056   Code   RO         2488    i.VL53L0X_GetMeasurementDataReady  vl53l0x_api.o
    0x08001098   0x08001098   0x00000016   Code   RO         2490    i.VL53L0X_GetMeasurementTimingBudgetMicroSeconds  vl53l0x_api.o
    0x080010ae   0x080010ae   0x00000016   Code   RO         2494    i.VL53L0X_GetOffsetCalibrationDataMicroMeter  vl53l0x_api.o
    0x080010c4   0x080010c4   0x0000016e   Code   RO         2502    i.VL53L0X_GetRangingMeasurementData  vl53l0x_api.o
    0x08001232   0x08001232   0x00000076   Code   RO         2506    i.VL53L0X_GetSequenceStepEnables  vl53l0x_api.o
    0x080012a8   0x080012a8   0x0000001e   Code   RO         2515    i.VL53L0X_GetVcselPulsePeriod  vl53l0x_api.o
    0x080012c6   0x080012c6   0x0000003e   Code   RO         2517    i.VL53L0X_GetWrapAroundCheckEnable  vl53l0x_api.o
    0x08001304   0x08001304   0x0000000c   Code   RO         2518    i.VL53L0X_GetXTalkCompensationEnable  vl53l0x_api.o
    0x08001310   0x08001310   0x00000038   Code   RO         2519    i.VL53L0X_GetXTalkCompensationRateMegaCps  vl53l0x_api.o
    0x08001348   0x08001348   0x00000074   Code   RO         2302    i.VL53L0X_IIC_Init  vl53l0x_iic.o
    0x080013bc   0x080013bc   0x00000020   Code   RO         2521    i.VL53L0X_PerformRefCalibration  vl53l0x_api.o
    0x080013dc   0x080013dc   0x0000001e   Code   RO         2522    i.VL53L0X_PerformRefSpadManagement  vl53l0x_api.o
    0x080013fa   0x080013fa   0x0000003c   Code   RO         2524    i.VL53L0X_PerformSingleMeasurement  vl53l0x_api.o
    0x08001436   0x08001436   0x00000038   Code   RO         2525    i.VL53L0X_PerformSingleRangingMeasurement  vl53l0x_api.o
    0x0800146e   0x0800146e   0x00000006   Code   RO         2387    i.VL53L0X_PollingDelay  vl53l0x_platform.o
    0x08001474   0x08001474   0x0000002c   Code   RO         2388    i.VL53L0X_RdByte    vl53l0x_platform.o
    0x080014a0   0x080014a0   0x0000002c   Code   RO         2389    i.VL53L0X_RdDWord   vl53l0x_platform.o
    0x080014cc   0x080014cc   0x0000002c   Code   RO         2390    i.VL53L0X_RdWord    vl53l0x_platform.o
    0x080014f8   0x080014f8   0x00000036   Code   RO         2391    i.VL53L0X_ReadMulti  vl53l0x_platform.o
    0x0800152e   0x0800152e   0x00000032   Code   RO         2530    i.VL53L0X_SetDeviceMode  vl53l0x_api.o
    0x08001560   0x08001560   0x00000166   Code   RO         2533    i.VL53L0X_SetGpioConfig  vl53l0x_api.o
    0x080016c6   0x080016c6   0x000000c2   Code   RO         2538    i.VL53L0X_SetLimitCheckEnable  vl53l0x_api.o
    0x08001788   0x08001788   0x00000076   Code   RO         2539    i.VL53L0X_SetLimitCheckValue  vl53l0x_api.o
    0x080017fe   0x080017fe   0x00000016   Code   RO         2541    i.VL53L0X_SetMeasurementTimingBudgetMicroSeconds  vl53l0x_api.o
    0x08001814   0x08001814   0x000000c4   Code   RO         2548    i.VL53L0X_SetSequenceStepEnable  vl53l0x_api.o
    0x080018d8   0x080018d8   0x0000010c   Code   RO         2557    i.VL53L0X_StartMeasurement  vl53l0x_api.o
    0x080019e4   0x080019e4   0x000001a0   Code   RO         2558    i.VL53L0X_StaticInit  vl53l0x_api.o
    0x08001b84   0x08001b84   0x00000052   Code   RO         2393    i.VL53L0X_UpdateByte  vl53l0x_platform.o
    0x08001bd6   0x08001bd6   0x0000002c   Code   RO         2394    i.VL53L0X_WrByte    vl53l0x_platform.o
    0x08001c02   0x08001c02   0x0000002c   Code   RO         2396    i.VL53L0X_WrWord    vl53l0x_platform.o
    0x08001c2e   0x08001c2e   0x0000003c   Code   RO         2397    i.VL53L0X_WriteMulti  vl53l0x_platform.o
    0x08001c6a   0x08001c6a   0x00000002   PAD
    0x08001c6c   0x08001c6c   0x0000018c   Code   RO         3229    i.VL53L0X_calc_dmax  vl53l0x_api_core.o
    0x08001df8   0x08001df8   0x00000016   Code   RO         3230    i.VL53L0X_calc_macro_period_ps  vl53l0x_api_core.o
    0x08001e0e   0x08001e0e   0x00000002   PAD
    0x08001e10   0x08001e10   0x00000310   Code   RO         3231    i.VL53L0X_calc_sigma_estimate  vl53l0x_api_core.o
    0x08002120   0x08002120   0x00000034   Code   RO         3232    i.VL53L0X_calc_timeout_mclks  vl53l0x_api_core.o
    0x08002154   0x08002154   0x00000034   Code   RO         3233    i.VL53L0X_calc_timeout_us  vl53l0x_api_core.o
    0x08002188   0x08002188   0x0000000e   Code   RO         3234    i.VL53L0X_decode_timeout  vl53l0x_api_core.o
    0x08002196   0x08002196   0x0000000c   Code   RO         3235    i.VL53L0X_decode_vcsel_period  vl53l0x_api_core.o
    0x080021a2   0x080021a2   0x00000052   Code   RO         3236    i.VL53L0X_device_read_strobe  vl53l0x_api_core.o
    0x080021f4   0x080021f4   0x00000028   Code   RO         3237    i.VL53L0X_encode_timeout  vl53l0x_api_core.o
    0x0800221c   0x0800221c   0x0000054a   Code   RO         3239    i.VL53L0X_get_info_from_device  vl53l0x_api_core.o
    0x08002766   0x08002766   0x000000ee   Code   RO         3240    i.VL53L0X_get_measurement_timing_budget_micro_seconds  vl53l0x_api_core.o
    0x08002854   0x08002854   0x00000056   Code   RO         3083    i.VL53L0X_get_offset_calibration_data_micro_meter  vl53l0x_api_calibration.o
    0x080028aa   0x080028aa   0x00000234   Code   RO         3241    i.VL53L0X_get_pal_range_status  vl53l0x_api_core.o
    0x08002ade   0x08002ade   0x00000028   Code   RO         3242    i.VL53L0X_get_total_signal_rate  vl53l0x_api_core.o
    0x08002b06   0x08002b06   0x0000003a   Code   RO         3243    i.VL53L0X_get_total_xtalk_rate  vl53l0x_api_core.o
    0x08002b40   0x08002b40   0x00000046   Code   RO         3244    i.VL53L0X_get_vcsel_pulse_period  vl53l0x_api_core.o
    0x08002b86   0x08002b86   0x0000002c   Code   RO         3245    i.VL53L0X_isqrt     vl53l0x_api_core.o
    0x08002bb2   0x08002bb2   0x000000ea   Code   RO         3246    i.VL53L0X_load_tuning_settings  vl53l0x_api_core.o
    0x08002c9c   0x08002c9c   0x00000042   Code   RO         3247    i.VL53L0X_measurement_poll_for_completion  vl53l0x_api_core.o
    0x08002cde   0x08002cde   0x0000007c   Code   RO         3087    i.VL53L0X_perform_phase_calibration  vl53l0x_api_calibration.o
    0x08002d5a   0x08002d5a   0x0000004c   Code   RO         3088    i.VL53L0X_perform_ref_calibration  vl53l0x_api_calibration.o
    0x08002da6   0x08002da6   0x00000292   Code   RO         3089    i.VL53L0X_perform_ref_spad_management  vl53l0x_api_calibration.o
    0x08003038   0x08003038   0x00000040   Code   RO         3090    i.VL53L0X_perform_single_ref_calibration  vl53l0x_api_calibration.o
    0x08003078   0x08003078   0x0000007e   Code   RO         3091    i.VL53L0X_perform_vhv_calibration  vl53l0x_api_calibration.o
    0x080030f6   0x080030f6   0x00000024   Code   RO         2119    i.VL53L0X_read_byte  vl53l0x_i2c_win_serial_comms.o
    0x0800311a   0x0800311a   0x0000003a   Code   RO         2121    i.VL53L0X_read_dword  vl53l0x_i2c_win_serial_comms.o
    0x08003154   0x08003154   0x00000028   Code   RO         2123    i.VL53L0X_read_multi  vl53l0x_i2c_win_serial_comms.o
    0x0800317c   0x0800317c   0x0000002a   Code   RO         2125    i.VL53L0X_read_word  vl53l0x_i2c_win_serial_comms.o
    0x080031a6   0x080031a6   0x000000b0   Code   RO         3093    i.VL53L0X_ref_calibration_io  vl53l0x_api_calibration.o
    0x08003256   0x08003256   0x00000126   Code   RO         3250    i.VL53L0X_set_measurement_timing_budget_micro_seconds  vl53l0x_api_core.o
    0x0800337c   0x0800337c   0x000000c2   Code   RO         3096    i.VL53L0X_set_reference_spads  vl53l0x_api_calibration.o
    0x0800343e   0x0800343e   0x0000001c   Code   RO         2130    i.VL53L0X_write_byte  vl53l0x_i2c_win_serial_comms.o
    0x0800345a   0x0800345a   0x00000028   Code   RO         2134    i.VL53L0X_write_multi  vl53l0x_i2c_win_serial_comms.o
    0x08003482   0x08003482   0x0000005a   Code   RO         2136    i.VL53L0X_write_word  vl53l0x_i2c_win_serial_comms.o
    0x080034dc   0x080034dc   0x00000100   Code   RO          494    i.VL53L0x_Init      bsp_vl53l0x.o
    0x080035dc   0x080035dc   0x00000034   Code   RO          496    i.VL53l0x_GPIO_Init  bsp_vl53l0x.o
    0x08003610   0x08003610   0x0000006e   Code   RO         2303    i.VL_I2C_Read_nByte  vl53l0x_iic.o
    0x0800367e   0x0800367e   0x00000050   Code   RO         2304    i.VL_I2C_Write_nByte  vl53l0x_iic.o
    0x080036ce   0x080036ce   0x00000002   PAD
    0x080036d0   0x080036d0   0x00000060   Code   RO         2305    i.VL_IIC_Ack        vl53l0x_iic.o
    0x08003730   0x08003730   0x00000060   Code   RO         2306    i.VL_IIC_NAck       vl53l0x_iic.o
    0x08003790   0x08003790   0x00000084   Code   RO         2308    i.VL_IIC_Read_Byte  vl53l0x_iic.o
    0x08003814   0x08003814   0x00000084   Code   RO         2309    i.VL_IIC_Send_Byte  vl53l0x_iic.o
    0x08003898   0x08003898   0x0000005c   Code   RO         2310    i.VL_IIC_Start      vl53l0x_iic.o
    0x080038f4   0x080038f4   0x0000005c   Code   RO         2311    i.VL_IIC_Stop       vl53l0x_iic.o
    0x08003950   0x08003950   0x00000068   Code   RO         2312    i.VL_IIC_Wait_Ack   vl53l0x_iic.o
    0x080039b8   0x080039b8   0x00000010   Code   RO         3459    i.__0printf$bare    mc_w.l(printfb.o)
    0x080039c8   0x080039c8   0x0000000e   Code   RO         3764    i.__scatterload_copy  mc_w.l(handlers.o)
    0x080039d6   0x080039d6   0x00000002   Code   RO         3765    i.__scatterload_null  mc_w.l(handlers.o)
    0x080039d8   0x080039d8   0x0000000e   Code   RO         3766    i.__scatterload_zeroinit  mc_w.l(handlers.o)
    0x080039e6   0x080039e6   0x00000022   Code   RO         3466    i._printf_core      mc_w.l(printfb.o)
    0x08003a08   0x08003a08   0x00000052   Code   RO          440    i.delay_ms          systick.o
    0x08003a5a   0x08003a5a   0x0000004c   Code   RO          441    i.delay_us          systick.o
    0x08003aa6   0x08003aa6   0x000000ac   Code   RO         3098    i.enable_ref_spads  vl53l0x_api_calibration.o
    0x08003b52   0x08003b52   0x00000032   Code   RO         3099    i.enable_spad_bit   vl53l0x_api_calibration.o
    0x08003b84   0x08003b84   0x00000012   Code   RO         3732    i.fputc             mc_w.l(fputc.o)
    0x08003b96   0x08003b96   0x00000068   Code   RO         3100    i.get_next_good_spad  vl53l0x_api_calibration.o
    0x08003bfe   0x08003bfe   0x00000018   Code   RO         3101    i.get_ref_spad_map  vl53l0x_api_calibration.o
    0x08003c16   0x08003c16   0x00000122   Code   RO         3252    i.get_sequence_step_timeout  vl53l0x_api_core.o
    0x08003d38   0x08003d38   0x00000018   Code   RO         3102    i.is_aperture       vl53l0x_api_calibration.o
    0x08003d50   0x08003d50   0x00000058   Code   RO          150    i.main              main.o
    0x08003da8   0x08003da8   0x0000006e   Code   RO         3103    i.perform_ref_signal_measurement  vl53l0x_api_calibration.o
    0x08003e16   0x08003e16   0x00000048   Code   RO         2562    i.sequence_step_enabled  vl53l0x_api.o
    0x08003e5e   0x08003e5e   0x00000018   Code   RO         3104    i.set_ref_spad_map  vl53l0x_api_calibration.o
    0x08003e76   0x08003e76   0x00000132   Code   RO         3253    i.set_sequence_step_timeout  vl53l0x_api_core.o
    0x08003fa8   0x08003fa8   0x00001042   Data   RO          466    .constdata          font.o
    0x08004fea   0x08004fea   0x00000002   PAD
    0x08004fec   0x08004fec   0x00000020   Data   RO         3762    Region$$Table       anon$$obj.o


    Execution Region RW_IRAM1 (Exec base: 0x20000000, Load base: 0x0800500c, Size: 0x00000850, Max: 0x00020000, ABSOLUTE, COMPRESSED[0x00000284])

    Exec Addr    Load Addr    Size         Type   Attr      Idx    E Section Name        Object

    0x20000000   COMPRESSED   0x000002a9   Data   RW         2563    .data               vl53l0x_api.o
    0x200002a9   COMPRESSED   0x00000003   PAD
    0x200002ac   COMPRESSED   0x00000010   Data   RW         3105    .data               vl53l0x_api_calibration.o
    0x200002bc   COMPRESSED   0x00000004   Data   RW         3734    .data               mc_w.l(stdout.o)
    0x200002c0        -       0x0000017c   Zero   RW          151    .bss                main.o
    0x2000043c        -       0x00000010   Zero   RW          311    .bss                lcd.o
    0x2000044c   COMPRESSED   0x00000004   PAD
    0x20000450        -       0x00000400   Zero   RW          141    STACK               startup_stm32f40_41xxx.o


==============================================================================

Image component sizes


      Code (inc. data)   RO Data    RW Data    ZI Data      Debug   Object Name

       308         82          0          0          0       1423   bsp_vl53l0x.o
         0          0       4162          0          0        670   font.o
      1634         72          0          0         16      10904   lcd.o
        88         36          0          0        380      16891   main.o
        64          8          0          0          0        545   spi.o
        36          8        392          0       1024        816   startup_stm32f40_41xxx.o
       152          0          0          0          0       2404   stm32f4xx_gpio.o
        64         12          0          0          0       1218   stm32f4xx_rcc.o
       340         32          0          0          0     240713   system_stm32f4xx.o
       158          0          0          0          0        974   systick.o
      3866         64          0        681          0      28791   vl53l0x_api.o
      2012          6          0         16          0      15439   vl53l0x_api_calibration.o
      5012         16          0          0          0      26140   vl53l0x_api_core.o
       334          0          0          0          0       6298   vl53l0x_i2c_win_serial_comms.o
      1050         96          0          0          0       6764   vl53l0x_iic.o
       422          0          0          0          0       8043   vl53l0x_platform.o

    ----------------------------------------------------------------------
     15552        432       4588        700       1424     368033   Object Totals
         0          0         32          0          0          0   (incl. Generated)
        12          0          2          3          4          0   (incl. Padding)

    ----------------------------------------------------------------------

      Code (inc. data)   RO Data    RW Data    ZI Data      Debug   Library Member Name

        94          0          0          0          0          0   __dclz77c.o
         0          0          0          0          0          0   entry.o
         0          0          0          0          0          0   entry10a.o
         0          0          0          0          0          0   entry11a.o
         8          4          0          0          0          0   entry2.o
         4          0          0          0          0          0   entry5.o
         0          0          0          0          0          0   entry7b.o
         0          0          0          0          0          0   entry8b.o
         8          4          0          0          0          0   entry9a.o
        18          0          0          0          0         80   fputc.o
        30          0          0          0          0          0   handlers.o
        36          8          0          0          0         68   init.o
         0          0          0          0          0          0   iusesemip.o
        36          0          0          0          0         68   memcpya.o
        36          0          0          0          0        108   memseta.o
        50          8          0          0          0        152   printfb.o
         0          0          0          0          0          0   semi.o
         0          0          0          4          0          0   stdout.o
        18          0          0          0          0         68   strcpy.o
        14          0          0          0          0         68   strlen.o

    ----------------------------------------------------------------------
       352         24          0          4          0        612   Library Totals
         0          0          0          0          0          0   (incl. Padding)

    ----------------------------------------------------------------------

      Code (inc. data)   RO Data    RW Data    ZI Data      Debug   Library Name

       352         24          0          4          0        612   mc_w.l

    ----------------------------------------------------------------------
       352         24          0          4          0        612   Library Totals

    ----------------------------------------------------------------------

==============================================================================


      Code (inc. data)   RO Data    RW Data    ZI Data      Debug   

     15904        456       4588        704       1424     356921   Grand Totals
     15904        456       4588        644       1424     356921   ELF Image Totals (compressed)
     15904        456       4588        644          0          0   ROM Totals

==============================================================================

    Total RO  Size (Code + RO Data)                20492 (  20.01kB)
    Total RW  Size (RW Data + ZI Data)              2128 (   2.08kB)
    Total ROM Size (Code + RO Data + RW Data)      21136 (  20.64kB)

==============================================================================

