Component: ARM Compiler 5.06 update 6 (build 750) Tool: armlink [4d35ed]

==============================================================================

Section Cross References

    system_stm32f4xx.o(i.SystemCoreClockUpdate) refers to system_stm32f4xx.o(.data) for SystemCoreClock
    system_stm32f4xx.o(i.SystemInit) refers to system_stm32f4xx.o(i.SetSysClock) for SetSysClock
    startup_stm32f40_41xxx.o(RESET) refers to startup_stm32f40_41xxx.o(STACK) for __initial_sp
    startup_stm32f40_41xxx.o(RESET) refers to startup_stm32f40_41xxx.o(.text) for Reset_Handler
    startup_stm32f40_41xxx.o(RESET) refers to usart2.o(i.USART2_IRQHandler) for USART2_IRQHandler
    startup_stm32f40_41xxx.o(.text) refers to system_stm32f4xx.o(i.SystemInit) for SystemInit
    startup_stm32f40_41xxx.o(.text) refers to entry.o(.ARM.Collect$$$$00000000) for __main
    main.o(i.main) refers to lcd.o(i.LCD_Init) for LCD_Init
    main.o(i.main) refers to usart.o(i.USART1_Init) for USART1_Init
    main.o(i.main) refers to usart2.o(i.USART2_Init) for USART2_Init
    main.o(i.main) refers to key.o(i.key_init) for key_init
    main.o(i.main) refers to bsp_vl53l0x.o(i.VL53L0x_Init) for VL53L0x_Init
    main.o(i.main) refers to lcd.o(i.LCD_Display_STRING) for LCD_Display_STRING
    main.o(i.main) refers to wifi.o(i.WIFI_TCP_Init) for WIFI_TCP_Init
    main.o(i.main) refers to bsp_vl53l0x.o(i.VL53L1_single_test) for VL53L1_single_test
    main.o(i.main) refers to printfa.o(i.__0sprintf) for __2sprintf
    main.o(i.main) refers to lcd.o(i.LCD_ClearPartial) for LCD_ClearPartial
    main.o(i.main) refers to usart2.o(i.USART2_SendStr) for USART2_SendStr
    main.o(i.main) refers to systick.o(i.delay_ms) for delay_ms
    main.o(i.main) refers to main.o(.bss) for VL53L0x_dev
    main.o(i.main) refers to main.o(.data) for Distance
    led.o(i.LED_Init) refers to stm32f4xx_rcc.o(i.RCC_AHB1PeriphClockCmd) for RCC_AHB1PeriphClockCmd
    led.o(i.LED_Init) refers to stm32f4xx_gpio.o(i.GPIO_Init) for GPIO_Init
    led.o(i.LED_Init) refers to stm32f4xx_gpio.o(i.GPIO_SetBits) for GPIO_SetBits
    key.o(i.key_scan) refers to systick.o(i.delay_ms) for delay_ms
    lcd.o(i.LCD_Clear) refers to lcd.o(i.LCD_SetWindows) for LCD_SetWindows
    lcd.o(i.LCD_Clear) refers to spi.o(i.SPIv_WriteData) for SPIv_WriteData
    lcd.o(i.LCD_Clear) refers to lcd.o(.bss) for lcddev
    lcd.o(i.LCD_ClearPartial) refers to lcd.o(i.LCD_SetWindows) for LCD_SetWindows
    lcd.o(i.LCD_ClearPartial) refers to spi.o(i.SPIv_WriteData) for SPIv_WriteData
    lcd.o(i.LCD_DisPlay_Picture) refers to lcd.o(i.LCD_SetWindows) for LCD_SetWindows
    lcd.o(i.LCD_DisPlay_Picture) refers to lcd.o(i.Lcd_WriteData_16Bit) for Lcd_WriteData_16Bit
    lcd.o(i.LCD_Display_ASCII) refers to lcd.o(i.LCD_SetWindows) for LCD_SetWindows
    lcd.o(i.LCD_Display_ASCII) refers to lcd.o(i.Lcd_WriteData_16Bit) for Lcd_WriteData_16Bit
    lcd.o(i.LCD_Display_Chinese) refers to lcd.o(i.LCD_SetWindows) for LCD_SetWindows
    lcd.o(i.LCD_Display_Chinese) refers to lcd.o(i.Lcd_WriteData_16Bit) for Lcd_WriteData_16Bit
    lcd.o(i.LCD_Display_STRING) refers to lcd.o(i.LCD_Display_Chinese) for LCD_Display_Chinese
    lcd.o(i.LCD_Display_STRING) refers to strlen.o(.text) for strlen
    lcd.o(i.LCD_Display_STRING) refers to lcd.o(i.LCD_Display_ASCII) for LCD_Display_ASCII
    lcd.o(i.LCD_Display_STRING) refers to font.o(.constdata) for hzk
    lcd.o(i.LCD_DrawPoint) refers to lcd.o(i.LCD_SetCursor) for LCD_SetCursor
    lcd.o(i.LCD_DrawPoint) refers to lcd.o(i.Lcd_WriteData_16Bit) for Lcd_WriteData_16Bit
    lcd.o(i.LCD_DrawPoint) refers to lcd.o(.data) for POINT_COLOR
    lcd.o(i.LCD_GPIOInit) refers to stm32f4xx_rcc.o(i.RCC_AHB1PeriphClockCmd) for RCC_AHB1PeriphClockCmd
    lcd.o(i.LCD_GPIOInit) refers to stm32f4xx_gpio.o(i.GPIO_Init) for GPIO_Init
    lcd.o(i.LCD_GPIOInit) refers to stm32f4xx_gpio.o(i.GPIO_SetBits) for GPIO_SetBits
    lcd.o(i.LCD_Init) refers to lcd.o(i.LCD_GPIOInit) for LCD_GPIOInit
    lcd.o(i.LCD_Init) refers to lcd.o(i.LCD_RESET) for LCD_RESET
    lcd.o(i.LCD_Init) refers to lcd.o(i.LCD_WR_REG) for LCD_WR_REG
    lcd.o(i.LCD_Init) refers to lcd.o(i.LCD_WR_DATA) for LCD_WR_DATA
    lcd.o(i.LCD_Init) refers to lcd.o(i.LCD_direction) for LCD_direction
    lcd.o(i.LCD_Init) refers to lcd.o(i.LCD_Clear) for LCD_Clear
    lcd.o(i.LCD_RESET) refers to systick.o(i.delay_ms) for delay_ms
    lcd.o(i.LCD_SetCursor) refers to lcd.o(i.LCD_SetWindows) for LCD_SetWindows
    lcd.o(i.LCD_SetWindows) refers to lcd.o(i.LCD_WR_REG) for LCD_WR_REG
    lcd.o(i.LCD_SetWindows) refers to lcd.o(i.LCD_WR_DATA) for LCD_WR_DATA
    lcd.o(i.LCD_SetWindows) refers to lcd.o(i.LCD_WriteRAM_Prepare) for LCD_WriteRAM_Prepare
    lcd.o(i.LCD_SetWindows) refers to lcd.o(.bss) for lcddev
    lcd.o(i.LCD_WR_DATA) refers to spi.o(i.SPIv_WriteData) for SPIv_WriteData
    lcd.o(i.LCD_WR_REG) refers to spi.o(i.SPIv_WriteData) for SPIv_WriteData
    lcd.o(i.LCD_WriteRAM_Prepare) refers to lcd.o(i.LCD_WR_REG) for LCD_WR_REG
[...]
    ..\\VL53L0X\\platform\\src\\vl53l0x_i2c_win_serial_comms.c 0x00000000   Number         0  vl53l0x_i2c_win_serial_comms.o ABSOLUTE
    ..\\WIFI\\MQTT.c                         0x00000000   Number         0  mqtt.o ABSOLUTE
    ..\\WIFI\\usart2.c                       0x00000000   Number         0  usart2.o ABSOLUTE
    ..\\WIFI\\wifi.c                         0x00000000   Number         0  wifi.o ABSOLUTE
    cdcmple.s                                0x00000000   Number         0  cdcmple.o ABSOLUTE
    cdrcmple.s                               0x00000000   Number         0  cdrcmple.o ABSOLUTE
    dc.s                                     0x00000000   Number         0  dc.o ABSOLUTE
    handlers.s                               0x00000000   Number         0  handlers.o ABSOLUTE
    init.s                                   0x00000000   Number         0  init.o ABSOLUTE
    RESET                                    0x08000000   Section      392  startup_stm32f40_41xxx.o(RESET)
    .ARM.Collect$$$$00000000                 0x08000188   Section        0  entry.o(.ARM.Collect$$$$00000000)
    .ARM.Collect$$$$00000001                 0x08000188   Section        4  entry2.o(.ARM.Collect$$$$00000001)
    .ARM.Collect$$$$00000004                 0x0800018c   Section        4  entry5.o(.ARM.Collect$$$$00000004)
    .ARM.Collect$$$$00000008                 0x08000190   Section        0  entry7b.o(.ARM.Collect$$$$00000008)
    .ARM.Collect$$$$0000000A                 0x08000190   Section        0  entry8b.o(.ARM.Collect$$$$0000000A)
    .ARM.Collect$$$$0000000B                 0x08000190   Section        8  entry9a.o(.ARM.Collect$$$$0000000B)
    .ARM.Collect$$$$0000000D                 0x08000198   Section        0  entry10a.o(.ARM.Collect$$$$0000000D)
    .ARM.Collect$$$$0000000F                 0x08000198   Section        0  entry11a.o(.ARM.Collect$$$$0000000F)
    .ARM.Collect$$$$00002712                 0x08000198   Section        4  entry2.o(.ARM.Collect$$$$00002712)
    __lit__00000000                          0x08000198   Data           4  entry2.o(.ARM.Collect$$$$00002712)
    .text                                    0x0800019c   Section       36  startup_stm32f40_41xxx.o(.text)
    $v0                                      0x0800019c   Number         0  startup_stm32f40_41xxx.o(.text)
    .text                                    0x080001c0   Section        0  memcpy.o(.text)
    .text                                    0x080001e8   Section        0  memseta.o(.text)
    .text                                    0x0800020c   Section        0  strcat.o(.text)
    .text                                    0x08000224   Section        0  strstr.o(.text)
    .text                                    0x08000248   Section        0  strlen.o(.text)
    .text                                    0x08000256   Section        0  strcpy.o(.text)
    .text                                    0x08000268   Section        0  dmul.o(.text)
    .text                                    0x0800034c   Section       48  cdrcmple.o(.text)
    .text                                    0x0800037c   Section        0  uidiv.o(.text)
    .text                                    0x080003a8   Section        0  uldiv.o(.text)
    .text                                    0x0800040a   Section        0  llushr.o(.text)
    .text                                    0x0800042a   Section        0  depilogue.o(.text)
    .text                                    0x0800042a   Section        0  iusefp.o(.text)
    .text                                    0x080004e4   Section        0  dadd.o(.text)
    .text                                    0x08000632   Section        0  ddiv.o(.text)
    .text                                    0x08000710   Section        0  dfixul.o(.text)
    .text                                    0x08000740   Section       36  init.o(.text)
    .text                                    0x08000764   Section        0  llshl.o(.text)
    .text                                    0x08000782   Section        0  llsshr.o(.text)
    .text                                    0x080007a6   Section        0  __dclz77c.o(.text)
    i.GPIO_Init                              0x08000804   Section        0  stm32f4xx_gpio.o(i.GPIO_Init)
    i.GPIO_PinAFConfig                       0x08000894   Section        0  stm32f4xx_gpio.o(i.GPIO_PinAFConfig)
    i.GPIO_ResetBits                         0x080008da   Section        0  stm32f4xx_gpio.o(i.GPIO_ResetBits)
    i.GPIO_SetBits                           0x080008de   Section        0  stm32f4xx_gpio.o(i.GPIO_SetBits)
    i.LCD_Clear                              0x080008e4   Section        0  lcd.o(i.LCD_Clear)
    i.LCD_ClearPartial                       0x08000938   Section        0  lcd.o(i.LCD_ClearPartial)
    i.LCD_Display_ASCII                      0x08000990   Section        0  lcd.o(i.LCD_Display_ASCII)
    i.LCD_Display_Chinese                    0x08000a80   Section        0  lcd.o(i.LCD_Display_Chinese)
    i.LCD_Display_STRING                     0x08000aec   Section        0  lcd.o(i.LCD_Display_STRING)
    i.LCD_GPIOInit                           0x08000c08   Section        0  lcd.o(i.LCD_GPIOInit)
    i.LCD_Init                               0x08000c5c   Section        0  lcd.o(i.LCD_Init)
    i.LCD_RESET                              0x08000de8   Section        0  lcd.o(i.LCD_RESET)
    i.LCD_SetWindows                         0x08000e10   Section        0  lcd.o(i.LCD_SetWindows)
    i.LCD_WR_DATA                            0x08000ea0   Section        0  lcd.o(i.LCD_WR_DATA)
    i.LCD_WR_REG                             0x08000eb8   Section        0  lcd.o(i.LCD_WR_REG)
    i.LCD_WriteRAM_Prepare                   0x08000ed0   Section        0  lcd.o(i.LCD_WriteRAM_Prepare)
    i.LCD_WriteReg                           0x08000ee0   Section        0  lcd.o(i.LCD_WriteReg)
    i.LCD_direction                          0x08000ef4   Section        0  lcd.o(i.LCD_direction)
    i.Lcd_WriteData_16Bit                    0x08000f84   Section        0  lcd.o(i.Lcd_WriteData_16Bit)
    i.NVIC_Init                              0x08000fa0   Section        0  misc.o(i.NVIC_Init)
    i.RCC_AHB1PeriphClockCmd                 0x08001018   Section        0  stm32f4xx_rcc.o(i.RCC_AHB1PeriphClockCmd)
    i.RCC_APB1PeriphClockCmd                 0x08001038   Section        0  stm32f4xx_rcc.o(i.RCC_APB1PeriphClockCmd)
    i.RCC_APB2PeriphClockCmd                 0x08001058   Section        0  stm32f4xx_rcc.o(i.RCC_APB2PeriphClockCmd)
    i.RCC_GetClocksFreq                      0x08001078   Section        0  stm32f4xx_rcc.o(i.RCC_GetClocksFreq)
    i.SPIv_WriteData                         0x08001160   Section        0  spi.o(i.SPIv_WriteData)
    i.SetSysClock                            0x080011a0   Section        0  system_stm32f4xx.o(i.SetSysClock)
    SetSysClock                              0x080011a1   Thumb Code   220  system_stm32f4xx.o(i.SetSysClock)
    i.SystemInit                             0x0800128c   Section        0  system_stm32f4xx.o(i.SystemInit)
    i.USART1_Init                            0x080012f4   Section        0  usart.o(i.USART1_Init)
    i.USART1_SendByte                        0x0800137c   Section        0  usart.o(i.USART1_SendByte)
    i.USART2_IRQHandler                      0x0800139c   Section        0  usart2.o(i.USART2_IRQHandler)
    i.USART2_Init                            0x0800143c   Section        0  usart2.o(i.USART2_Init)
    i.USART2_SendByte                        0x080014f4   Section        0  usart2.o(i.USART2_SendByte)
    i.USART2_SendStr                         0x08001514   Section        0  usart2.o(i.USART2_SendStr)
    i.USART_ClearITPendingBit                0x0800152a   Section        0  stm32f4xx_usart.o(i.USART_ClearITPendingBit)
    i.USART_Cmd                              0x08001548   Section        0  stm32f4xx_usart.o(i.USART_Cmd)
    i.USART_GetFlagStatus                    0x08001560   Section        0  stm32f4xx_usart.o(i.USART_GetFlagStatus)
    i.USART_GetITStatus                      0x0800157a   Section        0  stm32f4xx_usart.o(i.USART_GetITStatus)
    i.USART_ITConfig                         0x080015ce   Section        0  stm32f4xx_usart.o(i.USART_ITConfig)
    i.USART_Init                             0x08001618   Section        0  stm32f4xx_usart.o(i.USART_Init)
    i.USART_ReceiveData                      0x080016ec   Section        0  stm32f4xx_usart.o(i.USART_ReceiveData)
    i.USART_SendData                         0x080016f6   Section        0  stm32f4xx_usart.o(i.USART_SendData)
    i.VL53L0X_CheckAndLoadInterruptSettings  0x08001700   Section        0  vl53l0x_api.o(i.VL53L0X_CheckAndLoadInterruptSettings)
    i.VL53L0X_ClearInterruptMask             0x08001784   Section        0  vl53l0x_api.o(i.VL53L0X_ClearInterruptMask)
    i.VL53L0X_DataInit                       0x080017d8   Section        0  vl53l0x_api.o(i.VL53L0X_DataInit)
    i.VL53L0X_GetDeviceMode                  0x08001978   Section        0  vl53l0x_api.o(i.VL53L0X_GetDeviceMode)
    i.VL53L0X_GetDeviceParameters            0x08001982   Section        0  vl53l0x_api.o(i.VL53L0X_GetDeviceParameters)
    i.VL53L0X_GetFractionEnable              0x08001a22   Section        0  vl53l0x_api.o(i.VL53L0X_GetFractionEnable)
    i.VL53L0X_GetInterMeasurementPeriodMilliSeconds 0x08001a44   Section        0  vl53l0x_api.o(i.VL53L0X_GetInterMeasurementPeriodMilliSeconds)
    i.VL53L0X_GetInterruptMaskStatus         0x08001a82   Section        0  vl53l0x_api.o(i.VL53L0X_GetInterruptMaskStatus)
    i.VL53L0X_GetInterruptThresholds         0x08001ab2   Section        0  vl53l0x_api.o(i.VL53L0X_GetInterruptThresholds)
    i.VL53L0X_GetLimitCheckEnable            0x08001af4   Section        0  vl53l0x_api.o(i.VL53L0X_GetLimitCheckEnable)
    i.VL53L0X_GetLimitCheckValue             0x08001b10   Section        0  vl53l0x_api.o(i.VL53L0X_GetLimitCheckValue)
    i.VL53L0X_GetMeasurementDataReady        0x08001bc6   Section        0  vl53l0x_api.o(i.VL53L0X_GetMeasurementDataReady)
    i.VL53L0X_GetMeasurementTimingBudgetMicroSeconds 0x08001c1c   Section        0  vl53l0x_api.o(i.VL53L0X_GetMeasurementTimingBudgetMicroSeconds)
    i.VL53L0X_GetOffsetCalibrationDataMicroMeter 0x08001c32   Section        0  vl53l0x_api.o(i.VL53L0X_GetOffsetCalibrationDataMicroMeter)
    i.VL53L0X_GetRangingMeasurementData      0x08001c48   Section        0  vl53l0x_api.o(i.VL53L0X_GetRangingMeasurementData)
    i.VL53L0X_GetSequenceStepEnables         0x08001db6   Section        0  vl53l0x_api.o(i.VL53L0X_GetSequenceStepEnables)
    i.VL53L0X_GetVcselPulsePeriod            0x08001e2c   Section        0  vl53l0x_api.o(i.VL53L0X_GetVcselPulsePeriod)
    i.VL53L0X_GetWrapAroundCheckEnable       0x08001e4a   Section        0  vl53l0x_api.o(i.VL53L0X_GetWrapAroundCheckEnable)
    i.VL53L0X_GetXTalkCompensationEnable     0x08001e88   Section        0  vl53l0x_api.o(i.VL53L0X_GetXTalkCompensationEnable)
    i.VL53L0X_GetXTalkCompensationRateMegaCps 0x08001e94   Section        0  vl53l0x_api.o(i.VL53L0X_GetXTalkCompensationRateMegaCps)
    i.VL53L0X_IIC_Init                       0x08001ecc   Section        0  vl53l0x_iic.o(i.VL53L0X_IIC_Init)
    i.VL53L0X_PerformRefCalibration          0x08001f2c   Section        0  vl53l0x_api.o(i.VL53L0X_PerformRefCalibration)
    i.VL53L0X_PerformRefSpadManagement       0x08001f4c   Section        0  vl53l0x_api.o(i.VL53L0X_PerformRefSpadManagement)
    i.VL53L0X_PerformSingleMeasurement       0x08001f6a   Section        0  vl53l0x_api.o(i.VL53L0X_PerformSingleMeasurement)
    i.VL53L0X_PerformSingleRangingMeasurement 0x08001fa6   Section        0  vl53l0x_api.o(i.VL53L0X_PerformSingleRangingMeasurement)
    i.VL53L0X_PollingDelay                   0x08001fde   Section        0  vl53l0x_platform.o(i.VL53L0X_PollingDelay)
    i.VL53L0X_RdByte                         0x08001fe4   Section        0  vl53l0x_platform.o(i.VL53L0X_RdByte)
    i.VL53L0X_RdDWord                        0x08002010   Section        0  vl53l0x_platform.o(i.VL53L0X_RdDWord)
    i.VL53L0X_RdWord                         0x0800203c   Section        0  vl53l0x_platform.o(i.VL53L0X_RdWord)
    i.VL53L0X_ReadMulti                      0x08002068   Section        0  vl53l0x_platform.o(i.VL53L0X_ReadMulti)
    i.VL53L0X_SetDeviceMode                  0x0800209e   Section        0  vl53l0x_api.o(i.VL53L0X_SetDeviceMode)
    i.VL53L0X_SetGpioConfig                  0x080020d0   Section        0  vl53l0x_api.o(i.VL53L0X_SetGpioConfig)
    i.VL53L0X_SetLimitCheckEnable            0x08002236   Section        0  vl53l0x_api.o(i.VL53L0X_SetLimitCheckEnable)
    i.VL53L0X_SetLimitCheckValue             0x080022f8   Section        0  vl53l0x_api.o(i.VL53L0X_SetLimitCheckValue)
    i.VL53L0X_SetMeasurementTimingBudgetMicroSeconds 0x0800236e   Section        0  vl53l0x_api.o(i.VL53L0X_SetMeasurementTimingBudgetMicroSeconds)
    i.VL53L0X_SetSequenceStepEnable          0x08002384   Section        0  vl53l0x_api.o(i.VL53L0X_SetSequenceStepEnable)
    i.VL53L0X_StartMeasurement               0x08002448   Section        0  vl53l0x_api.o(i.VL53L0X_StartMeasurement)
    i.VL53L0X_StaticInit                     0x08002554   Section        0  vl53l0x_api.o(i.VL53L0X_StaticInit)
    i.VL53L0X_UpdateByte                     0x080026f4   Section        0  vl53l0x_platform.o(i.VL53L0X_UpdateByte)
    i.VL53L0X_WrByte                         0x08002746   Section        0  vl53l0x_platform.o(i.VL53L0X_WrByte)
    i.VL53L0X_WrWord                         0x08002772   Section        0  vl53l0x_platform.o(i.VL53L0X_WrWord)
    i.VL53L0X_WriteMulti                     0x0800279e   Section        0  vl53l0x_platform.o(i.VL53L0X_WriteMulti)
    i.VL53L0X_calc_dmax                      0x080027dc   Section        0  vl53l0x_api_core.o(i.VL53L0X_calc_dmax)
    i.VL53L0X_calc_macro_period_ps           0x08002968   Section        0  vl53l0x_api_core.o(i.VL53L0X_calc_macro_period_ps)
    i.VL53L0X_calc_sigma_estimate            0x08002980   Section        0  vl53l0x_api_core.o(i.VL53L0X_calc_sigma_estimate)
    i.VL53L0X_calc_timeout_mclks             0x08002c90   Section        0  vl53l0x_api_core.o(i.VL53L0X_calc_timeout_mclks)
    i.VL53L0X_calc_timeout_us                0x08002cc4   Section        0  vl53l0x_api_core.o(i.VL53L0X_calc_timeout_us)
    i.VL53L0X_decode_timeout                 0x08002cf8   Section        0  vl53l0x_api_core.o(i.VL53L0X_decode_timeout)
    i.VL53L0X_decode_vcsel_period            0x08002d06   Section        0  vl53l0x_api_core.o(i.VL53L0X_decode_vcsel_period)
    i.VL53L0X_device_read_strobe             0x08002d12   Section        0  vl53l0x_api_core.o(i.VL53L0X_device_read_strobe)
    i.VL53L0X_encode_timeout                 0x08002d64   Section        0  vl53l0x_api_core.o(i.VL53L0X_encode_timeout)
    i.VL53L0X_get_info_from_device           0x08002d8c   Section        0  vl53l0x_api_core.o(i.VL53L0X_get_info_from_device)
    i.VL53L0X_get_measurement_timing_budget_micro_seconds 0x080032d6   Section        0  vl53l0x_api_core.o(i.VL53L0X_get_measurement_timing_budget_micro_seconds)
    i.VL53L0X_get_offset_calibration_data_micro_meter 0x080033c4   Section        0  vl53l0x_api_calibration.o(i.VL53L0X_get_offset_calibration_data_micro_meter)
    i.VL53L0X_get_pal_range_status           0x0800341a   Section        0  vl53l0x_api_core.o(i.VL53L0X_get_pal_range_status)
    i.VL53L0X_get_total_signal_rate          0x0800364e   Section        0  vl53l0x_api_core.o(i.VL53L0X_get_total_signal_rate)
    i.VL53L0X_get_total_xtalk_rate           0x08003676   Section        0  vl53l0x_api_core.o(i.VL53L0X_get_total_xtalk_rate)
    i.VL53L0X_get_vcsel_pulse_period         0x080036b0   Section        0  vl53l0x_api_core.o(i.VL53L0X_get_vcsel_pulse_period)
    i.VL53L0X_isqrt                          0x080036f6   Section        0  vl53l0x_api_core.o(i.VL53L0X_isqrt)
    i.VL53L0X_load_tuning_settings           0x08003722   Section        0  vl53l0x_api_core.o(i.VL53L0X_load_tuning_settings)
    i.VL53L0X_measurement_poll_for_completion 0x0800380c   Section        0  vl53l0x_api_core.o(i.VL53L0X_measurement_poll_for_completion)
    i.VL53L0X_perform_phase_calibration      0x0800384e   Section        0  vl53l0x_api_calibration.o(i.VL53L0X_perform_phase_calibration)
    i.VL53L0X_perform_ref_calibration        0x080038ca   Section        0  vl53l0x_api_calibration.o(i.VL53L0X_perform_ref_calibration)
    i.VL53L0X_perform_ref_spad_management    0x08003916   Section        0  vl53l0x_api_calibration.o(i.VL53L0X_perform_ref_spad_management)
    i.VL53L0X_perform_single_ref_calibration 0x08003ba8   Section        0  vl53l0x_api_calibration.o(i.VL53L0X_perform_single_ref_calibration)
    i.VL53L0X_perform_vhv_calibration        0x08003be8   Section        0  vl53l0x_api_calibration.o(i.VL53L0X_perform_vhv_calibration)
    i.VL53L0X_read_byte                      0x08003c66   Section        0  vl53l0x_i2c_win_serial_comms.o(i.VL53L0X_read_byte)
    i.VL53L0X_read_dword                     0x08003c8a   Section        0  vl53l0x_i2c_win_serial_comms.o(i.VL53L0X_read_dword)
    i.VL53L0X_read_multi                     0x08003cc4   Section        0  vl53l0x_i2c_win_serial_comms.o(i.VL53L0X_read_multi)
    i.VL53L0X_read_word                      0x08003cec   Section        0  vl53l0x_i2c_win_serial_comms.o(i.VL53L0X_read_word)
    i.VL53L0X_ref_calibration_io             0x08003d16   Section        0  vl53l0x_api_calibration.o(i.VL53L0X_ref_calibration_io)
    i.VL53L0X_set_measurement_timing_budget_micro_seconds 0x08003dc6   Section        0  vl53l0x_api_core.o(i.VL53L0X_set_measurement_timing_budget_micro_seconds)
    i.VL53L0X_set_reference_spads            0x08003eec   Section        0  vl53l0x_api_calibration.o(i.VL53L0X_set_reference_spads)
    i.VL53L0X_write_byte                     0x08003fae   Section        0  vl53l0x_i2c_win_serial_comms.o(i.VL53L0X_write_byte)
    i.VL53L0X_write_multi                    0x08003fca   Section        0  vl53l0x_i2c_win_serial_comms.o(i.VL53L0X_write_multi)
    i.VL53L0X_write_word                     0x08003ff2   Section        0  vl53l0x_i2c_win_serial_comms.o(i.VL53L0X_write_word)
    i.VL53L0x_Init                           0x0800404c   Section        0  bsp_vl53l0x.o(i.VL53L0x_Init)
    i.VL53L1_single_test                     0x0800414c   Section        0  bsp_vl53l0x.o(i.VL53L1_single_test)
    i.VL53l0x_GPIO_Init                      0x080041c4   Section        0  bsp_vl53l0x.o(i.VL53l0x_GPIO_Init)
    i.VL_I2C_Read_nByte                      0x080041ec   Section        0  vl53l0x_iic.o(i.VL_I2C_Read_nByte)
    i.VL_I2C_Write_nByte                     0x0800425a   Section        0  vl53l0x_iic.o(i.VL_I2C_Write_nByte)
    i.VL_IIC_Ack                             0x080042ac   Section        0  vl53l0x_iic.o(i.VL_IIC_Ack)
    i.VL_IIC_NAck                            0x080042f0   Section        0  vl53l0x_iic.o(i.VL_IIC_NAck)
    i.VL_IIC_Read_Byte                       0x08004334   Section        0  vl53l0x_iic.o(i.VL_IIC_Read_Byte)
    i.VL_IIC_Send_Byte                       0x080043a8   Section        0  vl53l0x_iic.o(i.VL_IIC_Send_Byte)
    i.VL_IIC_Start                           0x08004414   Section        0  vl53l0x_iic.o(i.VL_IIC_Start)
    i.VL_IIC_Stop                            0x08004458   Section        0  vl53l0x_iic.o(i.VL_IIC_Stop)
    i.VL_IIC_Wait_Ack                        0x08004498   Section        0  vl53l0x_iic.o(i.VL_IIC_Wait_Ack)
    i.WIFI_ConnectAP                         0x080044f0   Section        0  wifi.o(i.WIFI_ConnectAP)
    i.WIFI_ConnectServer                     0x08004634   Section        0  wifi.o(i.WIFI_ConnectServer)
    i.WIFI_ConnectTalientek                  0x08004730   Section        0  wifi.o(i.WIFI_ConnectTalientek)
    i.WIFI_ExitTransmit                      0x08004890   Section        0  wifi.o(i.WIFI_ExitTransmit)
    i.WIFI_SendAT                            0x080048cc   Section        0  wifi.o(i.WIFI_SendAT)
    i.WIFI_TCP_Init                          0x0800493c   Section        0  wifi.o(i.WIFI_TCP_Init)
    i.__0printf                              0x08004a18   Section        0  printfa.o(i.__0printf)
    i.__0sprintf                             0x08004a38   Section        0  printfa.o(i.__0sprintf)
    i.__scatterload_copy                     0x08004a60   Section       14  handlers.o(i.__scatterload_copy)
    i.__scatterload_null                     0x08004a6e   Section        2  handlers.o(i.__scatterload_null)
    i.__scatterload_zeroinit                 0x08004a70   Section       14  handlers.o(i.__scatterload_zeroinit)
    i._fp_digits                             0x08004a80   Section        0  printfa.o(i._fp_digits)
    _fp_digits                               0x08004a81   Thumb Code   366  printfa.o(i._fp_digits)
    i._printf_core                           0x08004c04   Section        0  printfa.o(i._printf_core)
    _printf_core                             0x08004c05   Thumb Code  1744  printfa.o(i._printf_core)
    i._printf_post_padding                   0x080052e0   Section        0  printfa.o(i._printf_post_padding)
    _printf_post_padding                     0x080052e1   Thumb Code    36  printfa.o(i._printf_post_padding)
    i._printf_pre_padding                    0x08005304   Section        0  printfa.o(i._printf_pre_padding)
    _printf_pre_padding                      0x08005305   Thumb Code    46  printfa.o(i._printf_pre_padding)
    i._sputc                                 0x08005332   Section        0  printfa.o(i._sputc)
    _sputc                                   0x08005333   Thumb Code    10  printfa.o(i._sputc)
    i.delay_ms                               0x0800533c   Section        0  systick.o(i.delay_ms)
    i.delay_us                               0x0800538e   Section        0  systick.o(i.delay_us)
    i.enable_ref_spads                       0x080053da   Section        0  vl53l0x_api_calibration.o(i.enable_ref_spads)
    i.enable_spad_bit                        0x08005486   Section        0  vl53l0x_api_calibration.o(i.enable_spad_bit)
    i.fputc                                  0x080054b8   Section        0  usart.o(i.fputc)
    i.get_next_good_spad                     0x080054c8   Section        0  vl53l0x_api_calibration.o(i.get_next_good_spad)
    i.get_ref_spad_map                       0x08005530   Section        0  vl53l0x_api_calibration.o(i.get_ref_spad_map)
    i.get_sequence_step_timeout              0x08005548   Section        0  vl53l0x_api_core.o(i.get_sequence_step_timeout)
    i.is_aperture                            0x0800566c   Section        0  vl53l0x_api_calibration.o(i.is_aperture)
    i.key_init                               0x08005684   Section        0  key.o(i.key_init)
    i.main                                   0x08005700   Section        0  main.o(i.main)
    i.perform_ref_signal_measurement         0x080057e4   Section        0  vl53l0x_api_calibration.o(i.perform_ref_signal_measurement)
    i.sequence_step_enabled                  0x08005852   Section        0  vl53l0x_api.o(i.sequence_step_enabled)
    i.set_ref_spad_map                       0x0800589a   Section        0  vl53l0x_api_calibration.o(i.set_ref_spad_map)
    i.set_sequence_step_timeout              0x080058b2   Section        0  vl53l0x_api_core.o(i.set_sequence_step_timeout)
    .constdata                               0x080059e4   Section     4162  font.o(.constdata)
    .constdata                               0x08006a28   Section      202  wifi.o(.constdata)
    .data                                    0x20000000   Section        2  main.o(.data)
    .data                                    0x20000004   Section        4  usart.o(.data)
    .data                                    0x20000008   Section       16  stm32f4xx_rcc.o(.data)
    APBAHBPrescTable                         0x20000008   Data          16  stm32f4xx_rcc.o(.data)
    .data                                    0x20000018   Section      681  vl53l0x_api.o(.data)
    .data                                    0x200002c4   Section       16  vl53l0x_api_calibration.o(.data)
    .bss                                     0x200002d4   Section      380  main.o(.bss)
    .bss                                     0x20000450   Section       16  lcd.o(.bss)
    .bss                                     0x20000460   Section      502  usart2.o(.bss)
    STACK                                    0x20000658   Section     1024  startup_stm32f40_41xxx.o(STACK)

    Global Symbols

    Symbol Name                              Value     Ov Type        Size  Object(Section)

    BuildAttributes$$THM_ISAv4$E$P$D$K$B$S$7EM$VFPi3$EXTD16$VFPS$VFMA$PE$A:L22UL41UL21$X:L11$S22US41US21$IEEE1$IW$USESV6$~STKCKD$USESV7$~SHL$OTIME$ROPI$IEEEJ$EBA8$MICROLIB$REQ8$PRES8$EABIv2 0x00000000   Number         0  anon$$obj.o ABSOLUTE
    __ARM_use_no_argv                        0x00000000   Number         0  main.o ABSOLUTE
    __use_no_errno                           0x00000000   Number         0  useno.o ABSOLUTE
    __use_no_exception_handling              0x00000000   Number         0  useno.o ABSOLUTE
    __use_no_fp                              0x00000000   Number         0  useno.o ABSOLUTE
    __use_no_heap                            0x00000000   Number         0  useno.o ABSOLUTE
    __use_no_heap_region                     0x00000000   Number         0  useno.o ABSOLUTE
    __use_no_semihosting                     0x00000000   Number         0  useno.o ABSOLUTE
    __use_no_semihosting_swi                 0x00000000   Number         0  useno.o ABSOLUTE
    __use_no_signal_handling                 0x00000000   Number         0  useno.o ABSOLUTE
    _printf_a                                0x00000000   Number         0  stubs.o ABSOLUTE
    _printf_c                                0x00000000   Number         0  stubs.o ABSOLUTE
    _printf_charcount                        0x00000000   Number         0  stubs.o ABSOLUTE
    _printf_d                                0x00000000   Number         0  stubs.o ABSOLUTE
    _printf_e                                0x00000000   Number         0  stubs.o ABSOLUTE
    _printf_f                                0x00000000   Number         0  stubs.o ABSOLUTE
    _printf_flags                            0x00000000   Number         0  stubs.o ABSOLUTE
    _printf_fp_dec                           0x00000000   Number         0  stubs.o ABSOLUTE
    _printf_fp_hex                           0x00000000   Number         0  stubs.o ABSOLUTE
    _printf_g                                0x00000000   Number         0  stubs.o ABSOLUTE
    _printf_i                                0x00000000   Number         0  stubs.o ABSOLUTE
    _printf_int_dec                          0x00000000   Number         0  stubs.o ABSOLUTE
    _printf_l                                0x00000000   Number         0  stubs.o ABSOLUTE
    _printf_lc                               0x00000000   Number         0  stubs.o ABSOLUTE
    _printf_ll                               0x00000000   Number         0  stubs.o ABSOLUTE
    _printf_lld                              0x00000000   Number         0  stubs.o ABSOLUTE
    _printf_lli                              0x00000000   Number         0  stubs.o ABSOLUTE
    _printf_llo                              0x00000000   Number         0  stubs.o ABSOLUTE
    _printf_llu                              0x00000000   Number         0  stubs.o ABSOLUTE
    _printf_llx                              0x00000000   Number         0  stubs.o ABSOLUTE
    _printf_longlong_dec                     0x00000000   Number         0  stubs.o ABSOLUTE
    _printf_longlong_hex                     0x00000000   Number         0  stubs.o ABSOLUTE
    _printf_longlong_oct                     0x00000000   Number         0  stubs.o ABSOLUTE
    _printf_ls                               0x00000000   Number         0  stubs.o ABSOLUTE
    _printf_mbtowc                           0x00000000   Number         0  stubs.o ABSOLUTE
    _printf_n                                0x00000000   Number         0  stubs.o ABSOLUTE
    _printf_o                                0x00000000   Number         0  stubs.o ABSOLUTE
    _printf_p                                0x00000000   Number         0  stubs.o ABSOLUTE
    _printf_percent                          0x00000000   Number         0  stubs.o ABSOLUTE
    _printf_pre_padding                      0x00000000   Number         0  stubs.o ABSOLUTE
    _printf_return_value                     0x00000000   Number         0  stubs.o ABSOLUTE
    _printf_s                                0x00000000   Number         0  stubs.o ABSOLUTE
    _printf_sizespec                         0x00000000   Number         0  stubs.o ABSOLUTE
    _printf_str                              0x00000000   Number         0  stubs.o ABSOLUTE
    _printf_truncate_signed                  0x00000000   Number         0  stubs.o ABSOLUTE
    _printf_truncate_unsigned                0x00000000   Number         0  stubs.o ABSOLUTE
    _printf_u                                0x00000000   Number         0  stubs.o ABSOLUTE
    _printf_wc                               0x00000000   Number         0  stubs.o ABSOLUTE
    _printf_wctomb                           0x00000000   Number         0  stubs.o ABSOLUTE
    _printf_widthprec                        0x00000000   Number         0  stubs.o ABSOLUTE
    _printf_x                                0x00000000   Number         0  stubs.o ABSOLUTE
    __cpp_initialize__aeabi_                  - Undefined Weak Reference
    __cxa_finalize                            - Undefined Weak Reference
    _clock_init                               - Undefined Weak Reference
    _microlib_exit                            - Undefined Weak Reference
    __Vectors_Size                           0x00000188   Number         0  startup_stm32f40_41xxx.o ABSOLUTE
    __Vectors                                0x08000000   Data           4  startup_stm32f40_41xxx.o(RESET)
    __Vectors_End                            0x08000188   Data           0  startup_stm32f40_41xxx.o(RESET)
    __main                                   0x08000189   Thumb Code     0  entry.o(.ARM.Collect$$$$00000000)
    _main_stk                                0x08000189   Thumb Code     0  entry2.o(.ARM.Collect$$$$00000001)
    _main_scatterload                        0x0800018d   Thumb Code     0  entry5.o(.ARM.Collect$$$$00000004)
    __main_after_scatterload                 0x08000191   Thumb Code     0  entry5.o(.ARM.Collect$$$$00000004)
    _main_clock                              0x08000191   Thumb Code     0  entry7b.o(.ARM.Collect$$$$00000008)
    _main_cpp_init                           0x08000191   Thumb Code     0  entry8b.o(.ARM.Collect$$$$0000000A)
    _main_init                               0x08000191   Thumb Code     0  entry9a.o(.ARM.Collect$$$$0000000B)
    __rt_final_cpp                           0x08000199   Thumb Code     0  entry10a.o(.ARM.Collect$$$$0000000D)
    __rt_final_exit                          0x08000199   Thumb Code     0  entry11a.o(.ARM.Collect$$$$0000000F)
    Reset_Handler                            0x0800019d   Thumb Code     8  startup_stm32f40_41xxx.o(.text)
    NMI_Handler                              0x080001a5   Thumb Code     2  startup_stm32f40_41xxx.o(.text)
    HardFault_Handler                        0x080001a7   Thumb Code     2  startup_stm32f40_41xxx.o(.text)
    MemManage_Handler                        0x080001a9   Thumb Code     2  startup_stm32f40_41xxx.o(.text)
    BusFault_Handler                         0x080001ab   Thumb Code     2  startup_stm32f40_41xxx.o(.text)
    UsageFault_Handler                       0x080001ad   Thumb Code     2  startup_stm32f40_41xxx.o(.text)
    SVC_Handler                              0x080001af   Thumb Code     2  startup_stm32f40_41xxx.o(.text)
    DebugMon_Handler                         0x080001b1   Thumb Code     2  startup_stm32f40_41xxx.o(.text)
    PendSV_Handler                           0x080001b3   Thumb Code     2  startup_stm32f40_41xxx.o(.text)
    SysTick_Handler                          0x080001b5   Thumb Code     2  startup_stm32f40_41xxx.o(.text)
    ADC_IRQHandler                           0x080001b7   Thumb Code     0  startup_stm32f40_41xxx.o(.text)
    CAN1_RX0_IRQHandler                      0x080001b7   Thumb Code     0  startup_stm32f40_41xxx.o(.text)
    CAN1_RX1_IRQHandler                      0x080001b7   Thumb Code     0  startup_stm32f40_41xxx.o(.text)
    CAN1_SCE_IRQHandler                      0x080001b7   Thumb Code     0  startup_stm32f40_41xxx.o(.text)
    CAN1_TX_IRQHandler                       0x080001b7   Thumb Code     0  startup_stm32f40_41xxx.o(.text)
    CAN2_RX0_IRQHandler                      0x080001b7   Thumb Code     0  startup_stm32f40_41xxx.o(.text)
    CAN2_RX1_IRQHandler                      0x080001b7   Thumb Code     0  startup_stm32f40_41xxx.o(.text)
    CAN2_SCE_IRQHandler                      0x080001b7   Thumb Code     0  startup_stm32f40_41xxx.o(.text)
    CAN2_TX_IRQHandler                       0x080001b7   Thumb Code     0  startup_stm32f40_41xxx.o(.text)
    CRYP_IRQHandler                          0x080001b7   Thumb Code     0  startup_stm32f40_41xxx.o(.text)
    DCMI_IRQHandler                          0x080001b7   Thumb Code     0  startup_stm32f40_41xxx.o(.text)
    DMA1_Stream0_IRQHandler                  0x080001b7   Thumb Code     0  startup_stm32f40_41xxx.o(.text)
    DMA1_Stream1_IRQHandler                  0x080001b7   Thumb Code     0  startup_stm32f40_41xxx.o(.text)
    DMA1_Stream2_IRQHandler                  0x080001b7   Thumb Code     0  startup_stm32f40_41xxx.o(.text)
    DMA1_Stream3_IRQHandler                  0x080001b7   Thumb Code     0  startup_stm32f40_41xxx.o(.text)
    DMA1_Stream4_IRQHandler                  0x080001b7   Thumb Code     0  startup_stm32f40_41xxx.o(.text)
    DMA1_Stream5_IRQHandler                  0x080001b7   Thumb Code     0  startup_stm32f40_41xxx.o(.text)
    DMA1_Stream6_IRQHandler                  0x080001b7   Thumb Code     0  startup_stm32f40_41xxx.o(.text)
    DMA1_Stream7_IRQHandler                  0x080001b7   Thumb Code     0  startup_stm32f40_41xxx.o(.text)
    DMA2_Stream0_IRQHandler                  0x080001b7   Thumb Code     0  startup_stm32f40_41xxx.o(.text)
    DMA2_Stream1_IRQHandler                  0x080001b7   Thumb Code     0  startup_stm32f40_41xxx.o(.text)
    DMA2_Stream2_IRQHandler                  0x080001b7   Thumb Code     0  startup_stm32f40_41xxx.o(.text)
    DMA2_Stream3_IRQHandler                  0x080001b7   Thumb Code     0  startup_stm32f40_41xxx.o(.text)
    DMA2_Stream4_IRQHandler                  0x080001b7   Thumb Code     0  startup_stm32f40_41xxx.o(.text)
    DMA2_Stream5_IRQHandler                  0x080001b7   Thumb Code     0  startup_stm32f40_41xxx.o(.text)
    DMA2_Stream6_IRQHandler                  0x080001b7   Thumb Code     0  startup_stm32f40_41xxx.o(.text)
    DMA2_Stream7_IRQHandler                  0x080001b7   Thumb Code     0  startup_stm32f40_41xxx.o(.text)
    ETH_IRQHandler                           0x080001b7   Thumb Code     0  startup_stm32f40_41xxx.o(.text)
    ETH_WKUP_IRQHandler                      0x080001b7   Thumb Code     0  startup_stm32f40_41xxx.o(.text)
    EXTI0_IRQHandler                         0x080001b7   Thumb Code     0  startup_stm32f40_41xxx.o(.text)
    EXTI15_10_IRQHandler                     0x080001b7   Thumb Code     0  startup_stm32f40_41xxx.o(.text)
    EXTI1_IRQHandler                         0x080001b7   Thumb Code     0  startup_stm32f40_41xxx.o(.text)
    EXTI2_IRQHandler                         0x080001b7   Thumb Code     0  startup_stm32f40_41xxx.o(.text)
    EXTI3_IRQHandler                         0x080001b7   Thumb Code     0  startup_stm32f40_41xxx.o(.text)
    EXTI4_IRQHandler                         0x080001b7   Thumb Code     0  startup_stm32f40_41xxx.o(.text)
    EXTI9_5_IRQHandler                       0x080001b7   Thumb Code     0  startup_stm32f40_41xxx.o(.text)
    FLASH_IRQHandler                         0x080001b7   Thumb Code     0  startup_stm32f40_41xxx.o(.text)
    FPU_IRQHandler                           0x080001b7   Thumb Code     0  startup_stm32f40_41xxx.o(.text)
    FSMC_IRQHandler                          0x080001b7   Thumb Code     0  startup_stm32f40_41xxx.o(.text)
    HASH_RNG_IRQHandler                      0x080001b7   Thumb Code     0  startup_stm32f40_41xxx.o(.text)
    I2C1_ER_IRQHandler                       0x080001b7   Thumb Code     0  startup_stm32f40_41xxx.o(.text)
    I2C1_EV_IRQHandler                       0x080001b7   Thumb Code     0  startup_stm32f40_41xxx.o(.text)
    I2C2_ER_IRQHandler                       0x080001b7   Thumb Code     0  startup_stm32f40_41xxx.o(.text)
    I2C2_EV_IRQHandler                       0x080001b7   Thumb Code     0  startup_stm32f40_41xxx.o(.text)
    I2C3_ER_IRQHandler                       0x080001b7   Thumb Code     0  startup_stm32f40_41xxx.o(.text)
    I2C3_EV_IRQHandler                       0x080001b7   Thumb Code     0  startup_stm32f40_41xxx.o(.text)
    OTG_FS_IRQHandler                        0x080001b7   Thumb Code     0  startup_stm32f40_41xxx.o(.text)
    OTG_FS_WKUP_IRQHandler                   0x080001b7   Thumb Code     0  startup_stm32f40_41xxx.o(.text)
    OTG_HS_EP1_IN_IRQHandler                 0x080001b7   Thumb Code     0  startup_stm32f40_41xxx.o(.text)
    OTG_HS_EP1_OUT_IRQHandler                0x080001b7   Thumb Code     0  startup_stm32f40_41xxx.o(.text)
    OTG_HS_IRQHandler                        0x080001b7   Thumb Code     0  startup_stm32f40_41xxx.o(.text)
    OTG_HS_WKUP_IRQHandler                   0x080001b7   Thumb Code     0  startup_stm32f40_41xxx.o(.text)
    PVD_IRQHandler                           0x080001b7   Thumb Code     0  startup_stm32f40_41xxx.o(.text)
    RCC_IRQHandler                           0x080001b7   Thumb Code     0  startup_stm32f40_41xxx.o(.text)
    RTC_Alarm_IRQHandler                     0x080001b7   Thumb Code     0  startup_stm32f40_41xxx.o(.text)
    RTC_WKUP_IRQHandler                      0x080001b7   Thumb Code     0  startup_stm32f40_41xxx.o(.text)
    SDIO_IRQHandler                          0x080001b7   Thumb Code     0  startup_stm32f40_41xxx.o(.text)
    SPI1_IRQHandler                          0x080001b7   Thumb Code     0  startup_stm32f40_41xxx.o(.text)
    SPI2_IRQHandler                          0x080001b7   Thumb Code     0  startup_stm32f40_41xxx.o(.text)
    SPI3_IRQHandler                          0x080001b7   Thumb Code     0  startup_stm32f40_41xxx.o(.text)
    TAMP_STAMP_IRQHandler                    0x080001b7   Thumb Code     0  startup_stm32f40_41xxx.o(.text)
    TIM1_BRK_TIM9_IRQHandler                 0x080001b7   Thumb Code     0  startup_stm32f40_41xxx.o(.text)
    TIM1_CC_IRQHandler                       0x080001b7   Thumb Code     0  startup_stm32f40_41xxx.o(.text)
    TIM1_TRG_COM_TIM11_IRQHandler            0x080001b7   Thumb Code     0  startup_stm32f40_41xxx.o(.text)
    TIM1_UP_TIM10_IRQHandler                 0x080001b7   Thumb Code     0  startup_stm32f40_41xxx.o(.text)
    TIM2_IRQHandler                          0x080001b7   Thumb Code     0  startup_stm32f40_41xxx.o(.text)
    TIM3_IRQHandler                          0x080001b7   Thumb Code     0  startup_stm32f40_41xxx.o(.text)
    TIM4_IRQHandler                          0x080001b7   Thumb Code     0  startup_stm32f40_41xxx.o(.text)
    TIM5_IRQHandler                          0x080001b7   Thumb Code     0  startup_stm32f40_41xxx.o(.text)
    TIM6_DAC_IRQHandler                      0x080001b7   Thumb Code     0  startup_stm32f40_41xxx.o(.text)
    TIM7_IRQHandler                          0x080001b7   Thumb Code     0  startup_stm32f40_41xxx.o(.text)
    TIM8_BRK_TIM12_IRQHandler                0x080001b7   Thumb Code     0  startup_stm32f40_41xxx.o(.text)
    TIM8_CC_IRQHandler                       0x080001b7   Thumb Code     0  startup_stm32f40_41xxx.o(.text)
    TIM8_TRG_COM_TIM14_IRQHandler            0x080001b7   Thumb Code     0  startup_stm32f40_41xxx.o(.text)
    TIM8_UP_TIM13_IRQHandler                 0x080001b7   Thumb Code     0  startup_stm32f40_41xxx.o(.text)
    UART4_IRQHandler                         0x080001b7   Thumb Code     0  startup_stm32f40_41xxx.o(.text)
    UART5_IRQHandler                         0x080001b7   Thumb Code     0  startup_stm32f40_41xxx.o(.text)
    USART1_IRQHandler                        0x080001b7   Thumb Code     0  startup_stm32f40_41xxx.o(.text)
    USART3_IRQHandler                        0x080001b7   Thumb Code     0  startup_stm32f40_41xxx.o(.text)
    USART6_IRQHandler                        0x080001b7   Thumb Code     0  startup_stm32f40_41xxx.o(.text)
    WWDG_IRQHandler                          0x080001b7   Thumb Code     0  startup_stm32f40_41xxx.o(.text)
    ___aeabi_memcpy8$ret                     0x080001c1   Thumb Code     0  memcpy.o(.text)
    __aeabi_memcpy                           0x080001c1   Thumb Code    40  memcpy.o(.text)
    __aeabi_memcpy4                          0x080001c1   Thumb Code     0  memcpy.o(.text)
    memcpy                                   0x080001c1   Thumb Code     0  memcpy.o(.text)
    __aeabi_memset                           0x080001e9   Thumb Code    14  memseta.o(.text)
    __aeabi_memset4                          0x080001e9   Thumb Code     0  memseta.o(.text)
    __aeabi_memset8                          0x080001e9   Thumb Code     0  memseta.o(.text)
    __aeabi_memclr                           0x080001f7   Thumb Code     4  memseta.o(.text)
    __aeabi_memclr4                          0x080001f7   Thumb Code     0  memseta.o(.text)
    __aeabi_memclr8                          0x080001f7   Thumb Code     0  memseta.o(.text)
    memset                                   0x080001fb   Thumb Code    18  memseta.o(.text)
    strcat                                   0x0800020d   Thumb Code    24  strcat.o(.text)
    strstr                                   0x08000225   Thumb Code    36  strstr.o(.text)
    strlen                                   0x08000249   Thumb Code    14  strlen.o(.text)
    strcpy                                   0x08000257   Thumb Code    18  strcpy.o(.text)
    __aeabi_dmul                             0x08000269   Thumb Code   228  dmul.o(.text)
    __aeabi_cdrcmple                         0x0800034d   Thumb Code    48  cdrcmple.o(.text)
    __aeabi_uidiv                            0x0800037d   Thumb Code     0  uidiv.o(.text)
    __aeabi_uidivmod                         0x0800037d   Thumb Code    44  uidiv.o(.text)
    __aeabi_uldivmod                         0x080003a9   Thumb Code    98  uldiv.o(.text)
    __aeabi_llsr                             0x0800040b   Thumb Code    32  llushr.o(.text)
    _ll_ushift_r                             0x0800040b   Thumb Code     0  llushr.o(.text)
    __I$use$fp                               0x0800042b   Thumb Code     0  iusefp.o(.text)
    _double_round                            0x0800042b   Thumb Code    30  depilogue.o(.text)
    _double_epilogue                         0x08000449   Thumb Code   156  depilogue.o(.text)
    __aeabi_dadd                             0x080004e5   Thumb Code   322  dadd.o(.text)
    __aeabi_dsub                             0x08000627   Thumb Code     6  dadd.o(.text)
    __aeabi_drsub                            0x0800062d   Thumb Code     6  dadd.o(.text)
    __aeabi_ddiv                             0x08000633   Thumb Code   222  ddiv.o(.text)
    __aeabi_d2ulz                            0x08000711   Thumb Code    48  dfixul.o(.text)
    __scatterload                            0x08000741   Thumb Code    28  init.o(.text)
    __scatterload_rt2                        0x08000741   Thumb Code     0  init.o(.text)
    __aeabi_llsl                             0x08000765   Thumb Code    30  llshl.o(.text)
    _ll_shift_l                              0x08000765   Thumb Code     0  llshl.o(.text)
    __aeabi_lasr                             0x08000783   Thumb Code    36  llsshr.o(.text)
    _ll_sshift_r                             0x08000783   Thumb Code     0  llsshr.o(.text)
    __decompress                             0x080007a7   Thumb Code     0  __dclz77c.o(.text)
    __decompress2                            0x080007a7   Thumb Code    94  __dclz77c.o(.text)
    GPIO_Init                                0x08000805   Thumb Code   144  stm32f4xx_gpio.o(i.GPIO_Init)
    GPIO_PinAFConfig                         0x08000895   Thumb Code    70  stm32f4xx_gpio.o(i.GPIO_PinAFConfig)
    GPIO_ResetBits                           0x080008db   Thumb Code     4  stm32f4xx_gpio.o(i.GPIO_ResetBits)
    GPIO_SetBits                             0x080008df   Thumb Code     4  stm32f4xx_gpio.o(i.GPIO_SetBits)
    LCD_Clear                                0x080008e5   Thumb Code    76  lcd.o(i.LCD_Clear)
    LCD_ClearPartial                         0x08000939   Thumb Code    82  lcd.o(i.LCD_ClearPartial)
    LCD_Display_ASCII                        0x08000991   Thumb Code   240  lcd.o(i.LCD_Display_ASCII)
    LCD_Display_Chinese                      0x08000a81   Thumb Code   106  lcd.o(i.LCD_Display_Chinese)
    LCD_Display_STRING                       0x08000aed   Thumb Code   268  lcd.o(i.LCD_Display_STRING)
    LCD_GPIOInit                             0x08000c09   Thumb Code    78  lcd.o(i.LCD_GPIOInit)
    LCD_Init                                 0x08000c5d   Thumb Code   392  lcd.o(i.LCD_Init)
    LCD_RESET                                0x08000de9   Thumb Code    30  lcd.o(i.LCD_RESET)
    LCD_SetWindows                           0x08000e11   Thumb Code   140  lcd.o(i.LCD_SetWindows)
    LCD_WR_DATA                              0x08000ea1   Thumb Code    18  lcd.o(i.LCD_WR_DATA)
    LCD_WR_REG                               0x08000eb9   Thumb Code    18  lcd.o(i.LCD_WR_REG)
    LCD_WriteRAM_Prepare                     0x08000ed1   Thumb Code    12  lcd.o(i.LCD_WriteRAM_Prepare)
    LCD_WriteReg                             0x08000ee1   Thumb Code    20  lcd.o(i.LCD_WriteReg)
    LCD_direction                            0x08000ef5   Thumb Code   140  lcd.o(i.LCD_direction)
    Lcd_WriteData_16Bit                      0x08000f85   Thumb Code    24  lcd.o(i.Lcd_WriteData_16Bit)
    NVIC_Init                                0x08000fa1   Thumb Code   106  misc.o(i.NVIC_Init)
    RCC_AHB1PeriphClockCmd                   0x08001019   Thumb Code    26  stm32f4xx_rcc.o(i.RCC_AHB1PeriphClockCmd)
    RCC_APB1PeriphClockCmd                   0x08001039   Thumb Code    26  stm32f4xx_rcc.o(i.RCC_APB1PeriphClockCmd)
    RCC_APB2PeriphClockCmd                   0x08001059   Thumb Code    26  stm32f4xx_rcc.o(i.RCC_APB2PeriphClockCmd)
    RCC_GetClocksFreq                        0x08001079   Thumb Code   214  stm32f4xx_rcc.o(i.RCC_GetClocksFreq)
    SPIv_WriteData                           0x08001161   Thumb Code    56  spi.o(i.SPIv_WriteData)
    SystemInit                               0x0800128d   Thumb Code    88  system_stm32f4xx.o(i.SystemInit)
    USART1_Init                              0x080012f5   Thumb Code   128  usart.o(i.USART1_Init)
    USART1_SendByte                          0x0800137d   Thumb Code    28  usart.o(i.USART1_SendByte)
    USART2_IRQHandler                        0x0800139d   Thumb Code   142  usart2.o(i.USART2_IRQHandler)
    USART2_Init                              0x0800143d   Thumb Code   174  usart2.o(i.USART2_Init)
    USART2_SendByte                          0x080014f5   Thumb Code    28  usart2.o(i.USART2_SendByte)
    USART2_SendStr                           0x08001515   Thumb Code    22  usart2.o(i.USART2_SendStr)
    USART_ClearITPendingBit                  0x0800152b   Thumb Code    30  stm32f4xx_usart.o(i.USART_ClearITPendingBit)
    USART_Cmd                                0x08001549   Thumb Code    24  stm32f4xx_usart.o(i.USART_Cmd)
    USART_GetFlagStatus                      0x08001561   Thumb Code    26  stm32f4xx_usart.o(i.USART_GetFlagStatus)
    USART_GetITStatus                        0x0800157b   Thumb Code    84  stm32f4xx_usart.o(i.USART_GetITStatus)
    USART_ITConfig                           0x080015cf   Thumb Code    74  stm32f4xx_usart.o(i.USART_ITConfig)
    USART_Init                               0x08001619   Thumb Code   204  stm32f4xx_usart.o(i.USART_Init)
    USART_ReceiveData                        0x080016ed   Thumb Code    10  stm32f4xx_usart.o(i.USART_ReceiveData)
    USART_SendData                           0x080016f7   Thumb Code     8  stm32f4xx_usart.o(i.USART_SendData)
    VL53L0X_CheckAndLoadInterruptSettings    0x08001701   Thumb Code   126  vl53l0x_api.o(i.VL53L0X_CheckAndLoadInterruptSettings)
    VL53L0X_ClearInterruptMask               0x08001785   Thumb Code    82  vl53l0x_api.o(i.VL53L0X_ClearInterruptMask)
    VL53L0X_DataInit                         0x080017d9   Thumb Code   406  vl53l0x_api.o(i.VL53L0X_DataInit)
    VL53L0X_GetDeviceMode                    0x08001979   Thumb Code    10  vl53l0x_api.o(i.VL53L0X_GetDeviceMode)
    VL53L0X_GetDeviceParameters              0x08001983   Thumb Code   160  vl53l0x_api.o(i.VL53L0X_GetDeviceParameters)
    VL53L0X_GetFractionEnable                0x08001a23   Thumb Code    34  vl53l0x_api.o(i.VL53L0X_GetFractionEnable)
    VL53L0X_GetInterMeasurementPeriodMilliSeconds 0x08001a45   Thumb Code    62  vl53l0x_api.o(i.VL53L0X_GetInterMeasurementPeriodMilliSeconds)
    VL53L0X_GetInterruptMaskStatus           0x08001a83   Thumb Code    48  vl53l0x_api.o(i.VL53L0X_GetInterruptMaskStatus)
    VL53L0X_GetInterruptThresholds           0x08001ab3   Thumb Code    66  vl53l0x_api.o(i.VL53L0X_GetInterruptThresholds)
    VL53L0X_GetLimitCheckEnable              0x08001af5   Thumb Code    28  vl53l0x_api.o(i.VL53L0X_GetLimitCheckEnable)
    VL53L0X_GetLimitCheckValue               0x08001b11   Thumb Code   182  vl53l0x_api.o(i.VL53L0X_GetLimitCheckValue)
    VL53L0X_GetMeasurementDataReady          0x08001bc7   Thumb Code    86  vl53l0x_api.o(i.VL53L0X_GetMeasurementDataReady)
    VL53L0X_GetMeasurementTimingBudgetMicroSeconds 0x08001c1d   Thumb Code    22  vl53l0x_api.o(i.VL53L0X_GetMeasurementTimingBudgetMicroSeconds)
    VL53L0X_GetOffsetCalibrationDataMicroMeter 0x08001c33   Thumb Code    22  vl53l0x_api.o(i.VL53L0X_GetOffsetCalibrationDataMicroMeter)
    VL53L0X_GetRangingMeasurementData        0x08001c49   Thumb Code   366  vl53l0x_api.o(i.VL53L0X_GetRangingMeasurementData)
    VL53L0X_GetSequenceStepEnables           0x08001db7   Thumb Code   118  vl53l0x_api.o(i.VL53L0X_GetSequenceStepEnables)
    VL53L0X_GetVcselPulsePeriod              0x08001e2d   Thumb Code    30  vl53l0x_api.o(i.VL53L0X_GetVcselPulsePeriod)
    VL53L0X_GetWrapAroundCheckEnable         0x08001e4b   Thumb Code    62  vl53l0x_api.o(i.VL53L0X_GetWrapAroundCheckEnable)
    VL53L0X_GetXTalkCompensationEnable       0x08001e89   Thumb Code    12  vl53l0x_api.o(i.VL53L0X_GetXTalkCompensationEnable)
    VL53L0X_GetXTalkCompensationRateMegaCps  0x08001e95   Thumb Code    56  vl53l0x_api.o(i.VL53L0X_GetXTalkCompensationRateMegaCps)
    VL53L0X_IIC_Init                         0x08001ecd   Thumb Code    92  vl53l0x_iic.o(i.VL53L0X_IIC_Init)
    VL53L0X_PerformRefCalibration            0x08001f2d   Thumb Code    32  vl53l0x_api.o(i.VL53L0X_PerformRefCalibration)
    VL53L0X_PerformRefSpadManagement         0x08001f4d   Thumb Code    30  vl53l0x_api.o(i.VL53L0X_PerformRefSpadManagement)
    VL53L0X_PerformSingleMeasurement         0x08001f6b   Thumb Code    60  vl53l0x_api.o(i.VL53L0X_PerformSingleMeasurement)
    VL53L0X_PerformSingleRangingMeasurement  0x08001fa7   Thumb Code    56  vl53l0x_api.o(i.VL53L0X_PerformSingleRangingMeasurement)
    VL53L0X_PollingDelay                     0x08001fdf   Thumb Code     6  vl53l0x_platform.o(i.VL53L0X_PollingDelay)
    VL53L0X_RdByte                           0x08001fe5   Thumb Code    44  vl53l0x_platform.o(i.VL53L0X_RdByte)
    VL53L0X_RdDWord                          0x08002011   Thumb Code    44  vl53l0x_platform.o(i.VL53L0X_RdDWord)
    VL53L0X_RdWord                           0x0800203d   Thumb Code    44  vl53l0x_platform.o(i.VL53L0X_RdWord)
    VL53L0X_ReadMulti                        0x08002069   Thumb Code    54  vl53l0x_platform.o(i.VL53L0X_ReadMulti)
    VL53L0X_SetDeviceMode                    0x0800209f   Thumb Code    50  vl53l0x_api.o(i.VL53L0X_SetDeviceMode)
    VL53L0X_SetGpioConfig                    0x080020d1   Thumb Code   358  vl53l0x_api.o(i.VL53L0X_SetGpioConfig)
    VL53L0X_SetLimitCheckEnable              0x08002237   Thumb Code   194  vl53l0x_api.o(i.VL53L0X_SetLimitCheckEnable)
    VL53L0X_SetLimitCheckValue               0x080022f9   Thumb Code   118  vl53l0x_api.o(i.VL53L0X_SetLimitCheckValue)
    VL53L0X_SetMeasurementTimingBudgetMicroSeconds 0x0800236f   Thumb Code    22  vl53l0x_api.o(i.VL53L0X_SetMeasurementTimingBudgetMicroSeconds)
    VL53L0X_SetSequenceStepEnable            0x08002385   Thumb Code   196  vl53l0x_api.o(i.VL53L0X_SetSequenceStepEnable)
    VL53L0X_StartMeasurement                 0x08002449   Thumb Code   268  vl53l0x_api.o(i.VL53L0X_StartMeasurement)
    VL53L0X_StaticInit                       0x08002555   Thumb Code   410  vl53l0x_api.o(i.VL53L0X_StaticInit)
    VL53L0X_UpdateByte                       0x080026f5   Thumb Code    82  vl53l0x_platform.o(i.VL53L0X_UpdateByte)
    VL53L0X_WrByte                           0x08002747   Thumb Code    44  vl53l0x_platform.o(i.VL53L0X_WrByte)
    VL53L0X_WrWord                           0x08002773   Thumb Code    44  vl53l0x_platform.o(i.VL53L0X_WrWord)
    VL53L0X_WriteMulti                       0x0800279f   Thumb Code    60  vl53l0x_platform.o(i.VL53L0X_WriteMulti)
    VL53L0X_calc_dmax                        0x080027dd   Thumb Code   392  vl53l0x_api_core.o(i.VL53L0X_calc_dmax)
    VL53L0X_calc_macro_period_ps             0x08002969   Thumb Code    22  vl53l0x_api_core.o(i.VL53L0X_calc_macro_period_ps)
    VL53L0X_calc_sigma_estimate              0x08002981   Thumb Code   772  vl53l0x_api_core.o(i.VL53L0X_calc_sigma_estimate)
    VL53L0X_calc_timeout_mclks               0x08002c91   Thumb Code    52  vl53l0x_api_core.o(i.VL53L0X_calc_timeout_mclks)
    VL53L0X_calc_timeout_us                  0x08002cc5   Thumb Code    52  vl53l0x_api_core.o(i.VL53L0X_calc_timeout_us)
    VL53L0X_decode_timeout                   0x08002cf9   Thumb Code    14  vl53l0x_api_core.o(i.VL53L0X_decode_timeout)
    VL53L0X_decode_vcsel_period              0x08002d07   Thumb Code    12  vl53l0x_api_core.o(i.VL53L0X_decode_vcsel_period)
    VL53L0X_device_read_strobe               0x08002d13   Thumb Code    82  vl53l0x_api_core.o(i.VL53L0X_device_read_strobe)
    VL53L0X_encode_timeout                   0x08002d65   Thumb Code    40  vl53l0x_api_core.o(i.VL53L0X_encode_timeout)
    VL53L0X_get_info_from_device             0x08002d8d   Thumb Code  1354  vl53l0x_api_core.o(i.VL53L0X_get_info_from_device)
    VL53L0X_get_measurement_timing_budget_micro_seconds 0x080032d7   Thumb Code   238  vl53l0x_api_core.o(i.VL53L0X_get_measurement_timing_budget_micro_seconds)
    VL53L0X_get_offset_calibration_data_micro_meter 0x080033c5   Thumb Code    86  vl53l0x_api_calibration.o(i.VL53L0X_get_offset_calibration_data_micro_meter)
    VL53L0X_get_pal_range_status             0x0800341b   Thumb Code   564  vl53l0x_api_core.o(i.VL53L0X_get_pal_range_status)
    VL53L0X_get_total_signal_rate            0x0800364f   Thumb Code    40  vl53l0x_api_core.o(i.VL53L0X_get_total_signal_rate)
    VL53L0X_get_total_xtalk_rate             0x08003677   Thumb Code    58  vl53l0x_api_core.o(i.VL53L0X_get_total_xtalk_rate)
    VL53L0X_get_vcsel_pulse_period           0x080036b1   Thumb Code    70  vl53l0x_api_core.o(i.VL53L0X_get_vcsel_pulse_period)
    VL53L0X_isqrt                            0x080036f7   Thumb Code    44  vl53l0x_api_core.o(i.VL53L0X_isqrt)
    VL53L0X_load_tuning_settings             0x08003723   Thumb Code   234  vl53l0x_api_core.o(i.VL53L0X_load_tuning_settings)
    VL53L0X_measurement_poll_for_completion  0x0800380d   Thumb Code    66  vl53l0x_api_core.o(i.VL53L0X_measurement_poll_for_completion)
    VL53L0X_perform_phase_calibration        0x0800384f   Thumb Code   124  vl53l0x_api_calibration.o(i.VL53L0X_perform_phase_calibration)
    VL53L0X_perform_ref_calibration          0x080038cb   Thumb Code    76  vl53l0x_api_calibration.o(i.VL53L0X_perform_ref_calibration)
    VL53L0X_perform_ref_spad_management      0x08003917   Thumb Code   658  vl53l0x_api_calibration.o(i.VL53L0X_perform_ref_spad_management)
    VL53L0X_perform_single_ref_calibration   0x08003ba9   Thumb Code    64  vl53l0x_api_calibration.o(i.VL53L0X_perform_single_ref_calibration)
    VL53L0X_perform_vhv_calibration          0x08003be9   Thumb Code   126  vl53l0x_api_calibration.o(i.VL53L0X_perform_vhv_calibration)
    VL53L0X_read_byte                        0x08003c67   Thumb Code    36  vl53l0x_i2c_win_serial_comms.o(i.VL53L0X_read_byte)
    VL53L0X_read_dword                       0x08003c8b   Thumb Code    58  vl53l0x_i2c_win_serial_comms.o(i.VL53L0X_read_dword)
    VL53L0X_read_multi                       0x08003cc5   Thumb Code    40  vl53l0x_i2c_win_serial_comms.o(i.VL53L0X_read_multi)
    VL53L0X_read_word                        0x08003ced   Thumb Code    42  vl53l0x_i2c_win_serial_comms.o(i.VL53L0X_read_word)
    VL53L0X_ref_calibration_io               0x08003d17   Thumb Code   176  vl53l0x_api_calibration.o(i.VL53L0X_ref_calibration_io)
    VL53L0X_set_measurement_timing_budget_micro_seconds 0x08003dc7   Thumb Code   294  vl53l0x_api_core.o(i.VL53L0X_set_measurement_timing_budget_micro_seconds)
    VL53L0X_set_reference_spads              0x08003eed   Thumb Code   194  vl53l0x_api_calibration.o(i.VL53L0X_set_reference_spads)
    VL53L0X_write_byte                       0x08003faf   Thumb Code    28  vl53l0x_i2c_win_serial_comms.o(i.VL53L0X_write_byte)
    VL53L0X_write_multi                      0x08003fcb   Thumb Code    40  vl53l0x_i2c_win_serial_comms.o(i.VL53L0X_write_multi)
    VL53L0X_write_word                       0x08003ff3   Thumb Code    90  vl53l0x_i2c_win_serial_comms.o(i.VL53L0X_write_word)
    VL53L0x_Init                             0x0800404d   Thumb Code   180  bsp_vl53l0x.o(i.VL53L0x_Init)
    VL53L1_single_test                       0x0800414d   Thumb Code   116  bsp_vl53l0x.o(i.VL53L1_single_test)
    VL53l0x_GPIO_Init                        0x080041c5   Thumb Code    36  bsp_vl53l0x.o(i.VL53l0x_GPIO_Init)
    VL_I2C_Read_nByte                        0x080041ed   Thumb Code   110  vl53l0x_iic.o(i.VL_I2C_Read_nByte)
    VL_I2C_Write_nByte                       0x0800425b   Thumb Code    80  vl53l0x_iic.o(i.VL_I2C_Write_nByte)
    VL_IIC_Ack                               0x080042ad   Thumb Code    56  vl53l0x_iic.o(i.VL_IIC_Ack)
    VL_IIC_NAck                              0x080042f1   Thumb Code    56  vl53l0x_iic.o(i.VL_IIC_NAck)
    VL_IIC_Read_Byte                         0x08004335   Thumb Code   102  vl53l0x_iic.o(i.VL_IIC_Read_Byte)
    VL_IIC_Send_Byte                         0x080043a9   Thumb Code    94  vl53l0x_iic.o(i.VL_IIC_Send_Byte)
    VL_IIC_Start                             0x08004415   Thumb Code    54  vl53l0x_iic.o(i.VL_IIC_Start)
    VL_IIC_Stop                              0x08004459   Thumb Code    52  vl53l0x_iic.o(i.VL_IIC_Stop)
    VL_IIC_Wait_Ack                          0x08004499   Thumb Code    76  vl53l0x_iic.o(i.VL_IIC_Wait_Ack)
    WIFI_ConnectAP                           0x080044f1   Thumb Code   178  wifi.o(i.WIFI_ConnectAP)
    WIFI_ConnectServer                       0x08004635   Thumb Code   158  wifi.o(i.WIFI_ConnectServer)
    WIFI_ConnectTalientek                    0x08004731   Thumb Code   248  wifi.o(i.WIFI_ConnectTalientek)
    WIFI_ExitTransmit                        0x08004891   Thumb Code    34  wifi.o(i.WIFI_ExitTransmit)
    WIFI_SendAT                              0x080048cd   Thumb Code    78  wifi.o(i.WIFI_SendAT)
    WIFI_TCP_Init                            0x0800493d   Thumb Code    78  wifi.o(i.WIFI_TCP_Init)
    __0printf                                0x08004a19   Thumb Code    22  printfa.o(i.__0printf)
    __1printf                                0x08004a19   Thumb Code     0  printfa.o(i.__0printf)
    __2printf                                0x08004a19   Thumb Code     0  printfa.o(i.__0printf)
    __c89printf                              0x08004a19   Thumb Code     0  printfa.o(i.__0printf)
    printf                                   0x08004a19   Thumb Code     0  printfa.o(i.__0printf)
    __0sprintf                               0x08004a39   Thumb Code    34  printfa.o(i.__0sprintf)
    __1sprintf                               0x08004a39   Thumb Code     0  printfa.o(i.__0sprintf)
    __2sprintf                               0x08004a39   Thumb Code     0  printfa.o(i.__0sprintf)
    __c89sprintf                             0x08004a39   Thumb Code     0  printfa.o(i.__0sprintf)
    sprintf                                  0x08004a39   Thumb Code     0  printfa.o(i.__0sprintf)
    __scatterload_copy                       0x08004a61   Thumb Code    14  handlers.o(i.__scatterload_copy)
    __scatterload_null                       0x08004a6f   Thumb Code     2  handlers.o(i.__scatterload_null)
    __scatterload_zeroinit                   0x08004a71   Thumb Code    14  handlers.o(i.__scatterload_zeroinit)
    delay_ms                                 0x0800533d   Thumb Code    82  systick.o(i.delay_ms)
    delay_us                                 0x0800538f   Thumb Code    76  systick.o(i.delay_us)
    enable_ref_spads                         0x080053db   Thumb Code   172  vl53l0x_api_calibration.o(i.enable_ref_spads)
    enable_spad_bit                          0x08005487   Thumb Code    50  vl53l0x_api_calibration.o(i.enable_spad_bit)
    fputc                                    0x080054b9   Thumb Code    16  usart.o(i.fputc)
    get_next_good_spad                       0x080054c9   Thumb Code   104  vl53l0x_api_calibration.o(i.get_next_good_spad)
    get_ref_spad_map                         0x08005531   Thumb Code    24  vl53l0x_api_calibration.o(i.get_ref_spad_map)
    get_sequence_step_timeout                0x08005549   Thumb Code   290  vl53l0x_api_core.o(i.get_sequence_step_timeout)
    is_aperture                              0x0800566d   Thumb Code    18  vl53l0x_api_calibration.o(i.is_aperture)
    key_init                                 0x08005685   Thumb Code   110  key.o(i.key_init)
    main                                     0x08005701   Thumb Code   172  main.o(i.main)
    perform_ref_signal_measurement           0x080057e5   Thumb Code   110  vl53l0x_api_calibration.o(i.perform_ref_signal_measurement)
    sequence_step_enabled                    0x08005853   Thumb Code    72  vl53l0x_api.o(i.sequence_step_enabled)
    set_ref_spad_map                         0x0800589b   Thumb Code    24  vl53l0x_api_calibration.o(i.set_ref_spad_map)
    set_sequence_step_timeout                0x080058b3   Thumb Code   306  vl53l0x_api_core.o(i.set_sequence_step_timeout)
    hzk                                      0x080059e4   Data          25  font.o(.constdata)
    hzm                                      0x080059fd   Data        1536  font.o(.constdata)
    zfk                                      0x08005ffd   Data          41  font.o(.constdata)
    zfm                                      0x08006026   Data        2560  font.o(.constdata)
    Region$$Table$$Base                      0x08006af4   Number         0  anon$$obj.o(Region$$Table)
    Region$$Table$$Limit                     0x08006b14   Number         0  anon$$obj.o(Region$$Table)
    Distance                                 0x20000000   Data           2  main.o(.data)
    __stdout                                 0x20000004   Data           4  usart.o(.data)
    DefaultTuningSettings                    0x20000018   Data         243  vl53l0x_api.o(.data)
    InterruptThresholdSettings               0x2000010b   Data         438  vl53l0x_api.o(.data)
    refArrayQuadrants                        0x200002c4   Data          16  vl53l0x_api_calibration.o(.data)
    VL53L0x_dev                              0x200002d4   Data         352  main.o(.bss)
    VL53L0x_data                             0x20000434   Data          28  main.o(.bss)
    lcddev                                   0x20000450   Data          16  lcd.o(.bss)
    ESP12rev                                 0x20000460   Data         502  usart2.o(.bss)
    __initial_sp                             0x20000a58   Data           0  startup_stm32f40_41xxx.o(STACK)



==============================================================================

Memory Map of the image

  Image Entry point : 0x08000189

  Load Region LR_IROM1 (Base: 0x08000000, Size: 0x00006de8, Max: 0x00100000, ABSOLUTE, COMPRESSED[0x00006da4])

    Execution Region ER_IROM1 (Exec base: 0x08000000, Load base: 0x08000000, Size: 0x00006b14, Max: 0x00100000, ABSOLUTE)

    Exec Addr    Load Addr    Size         Type   Attr      Idx    E Section Name        Object

    0x08000000   0x08000000   0x00000188   Data   RO          143    RESET               startup_stm32f40_41xxx.o
    0x08000188   0x08000188   0x00000000   Code   RO         4515  * .ARM.Collect$$$$00000000  mc_w.l(entry.o)
    0x08000188   0x08000188   0x00000004   Code   RO         4847    .ARM.Collect$$$$00000001  mc_w.l(entry2.o)
    0x0800018c   0x0800018c   0x00000004   Code   RO         4850    .ARM.Collect$$$$00000004  mc_w.l(entry5.o)
    0x08000190   0x08000190   0x00000000   Code   RO         4852    .ARM.Collect$$$$00000008  mc_w.l(entry7b.o)
    0x08000190   0x08000190   0x00000000   Code   RO         4854    .ARM.Collect$$$$0000000A  mc_w.l(entry8b.o)
    0x08000190   0x08000190   0x00000008   Code   RO         4855    .ARM.Collect$$$$0000000B  mc_w.l(entry9a.o)
    0x08000198   0x08000198   0x00000000   Code   RO         4857    .ARM.Collect$$$$0000000D  mc_w.l(entry10a.o)
    0x08000198   0x08000198   0x00000000   Code   RO         4859    .ARM.Collect$$$$0000000F  mc_w.l(entry11a.o)
    0x08000198   0x08000198   0x00000004   Code   RO         4848    .ARM.Collect$$$$00002712  mc_w.l(entry2.o)
    0x0800019c   0x0800019c   0x00000024   Code   RO          144    .text               startup_stm32f40_41xxx.o
    0x080001c0   0x080001c0   0x00000028   Code   RO         4520    .text               mc_w.l(memcpy.o)
    0x080001e8   0x080001e8   0x00000024   Code   RO         4526    .text               mc_w.l(memseta.o)
    0x0800020c   0x0800020c   0x00000018   Code   RO         4528    .text               mc_w.l(strcat.o)
    0x08000224   0x08000224   0x00000024   Code   RO         4530    .text               mc_w.l(strstr.o)
    0x08000248   0x08000248   0x0000000e   Code   RO         4532    .text               mc_w.l(strlen.o)
    0x08000256   0x08000256   0x00000012   Code   RO         4536    .text               mc_w.l(strcpy.o)
    0x08000268   0x08000268   0x000000e4   Code   RO         4835    .text               mf_w.l(dmul.o)
    0x0800034c   0x0800034c   0x00000030   Code   RO         4845    .text               mf_w.l(cdrcmple.o)
    0x0800037c   0x0800037c   0x0000002c   Code   RO         4861    .text               mc_w.l(uidiv.o)
    0x080003a8   0x080003a8   0x00000062   Code   RO         4863    .text               mc_w.l(uldiv.o)
    0x0800040a   0x0800040a   0x00000020   Code   RO         4865    .text               mc_w.l(llushr.o)
    0x0800042a   0x0800042a   0x00000000   Code   RO         4885    .text               mc_w.l(iusefp.o)
    0x0800042a   0x0800042a   0x000000ba   Code   RO         4886    .text               mf_w.l(depilogue.o)
    0x080004e4   0x080004e4   0x0000014e   Code   RO         4888    .text               mf_w.l(dadd.o)
    0x08000632   0x08000632   0x000000de   Code   RO         4890    .text               mf_w.l(ddiv.o)
    0x08000710   0x08000710   0x00000030   Code   RO         4892    .text               mf_w.l(dfixul.o)
    0x08000740   0x08000740   0x00000024   Code   RO         4894    .text               mc_w.l(init.o)
    0x08000764   0x08000764   0x0000001e   Code   RO         4896    .text               mc_w.l(llshl.o)
    0x08000782   0x08000782   0x00000024   Code   RO         4898    .text               mc_w.l(llsshr.o)
    0x080007a6   0x080007a6   0x0000005e   Code   RO         4923    .text               mc_w.l(__dclz77c.o)
    0x08000804   0x08000804   0x00000090   Code   RO          580    i.GPIO_Init         stm32f4xx_gpio.o
    0x08000894   0x08000894   0x00000046   Code   RO          581    i.GPIO_PinAFConfig  stm32f4xx_gpio.o
    0x080008da   0x080008da   0x00000004   Code   RO          587    i.GPIO_ResetBits    stm32f4xx_gpio.o
    0x080008de   0x080008de   0x00000004   Code   RO          588    i.GPIO_SetBits      stm32f4xx_gpio.o
    0x080008e2   0x080008e2   0x00000002   PAD
    0x080008e4   0x080008e4   0x00000054   Code   RO          304    i.LCD_Clear         lcd.o
    0x08000938   0x08000938   0x00000058   Code   RO          305    i.LCD_ClearPartial  lcd.o
    0x08000990   0x08000990   0x000000f0   Code   RO          307    i.LCD_Display_ASCII  lcd.o
    0x08000a80   0x08000a80   0x0000006a   Code   RO          308    i.LCD_Display_Chinese  lcd.o
    0x08000aea   0x08000aea   0x00000002   PAD
    0x08000aec   0x08000aec   0x0000011c   Code   RO          309    i.LCD_Display_STRING  lcd.o
    0x08000c08   0x08000c08   0x00000054   Code   RO          311    i.LCD_GPIOInit      lcd.o
    0x08000c5c   0x08000c5c   0x0000018c   Code   RO          312    i.LCD_Init          lcd.o
    0x08000de8   0x08000de8   0x00000028   Code   RO          313    i.LCD_RESET         lcd.o
    0x08000e10   0x08000e10   0x00000090   Code   RO          315    i.LCD_SetWindows    lcd.o
    0x08000ea0   0x08000ea0   0x00000018   Code   RO          316    i.LCD_WR_DATA       lcd.o
    0x08000eb8   0x08000eb8   0x00000018   Code   RO          317    i.LCD_WR_REG        lcd.o
    0x08000ed0   0x08000ed0   0x00000010   Code   RO          318    i.LCD_WriteRAM_Prepare  lcd.o
    0x08000ee0   0x08000ee0   0x00000014   Code   RO          319    i.LCD_WriteReg      lcd.o
    0x08000ef4   0x08000ef4   0x00000090   Code   RO          320    i.LCD_direction     lcd.o
    0x08000f84   0x08000f84   0x0000001c   Code   RO          321    i.Lcd_WriteData_16Bit  lcd.o
    0x08000fa0   0x08000fa0   0x00000078   Code   RO         1573    i.NVIC_Init         misc.o
    0x08001018   0x08001018   0x00000020   Code   RO          677    i.RCC_AHB1PeriphClockCmd  stm32f4xx_rcc.o
    0x08001038   0x08001038   0x00000020   Code   RO          686    i.RCC_APB1PeriphClockCmd  stm32f4xx_rcc.o
    0x08001058   0x08001058   0x00000020   Code   RO          689    i.RCC_APB2PeriphClockCmd  stm32f4xx_rcc.o
    0x08001078   0x08001078   0x000000e8   Code   RO          698    i.RCC_GetClocksFreq  stm32f4xx_rcc.o
    0x08001160   0x08001160   0x00000040   Code   RO          436    i.SPIv_WriteData    spi.o
    0x080011a0   0x080011a0   0x000000ec   Code   RO            3    i.SetSysClock       system_stm32f4xx.o
    0x0800128c   0x0800128c   0x00000068   Code   RO            5    i.SystemInit        system_stm32f4xx.o
    0x080012f4   0x080012f4   0x00000088   Code   RO          510    i.USART1_Init       usart.o
    0x0800137c   0x0800137c   0x00000020   Code   RO          513    i.USART1_SendByte   usart.o
    0x0800139c   0x0800139c   0x000000a0   Code   RO         3771    i.USART2_IRQHandler  usart2.o
    0x0800143c   0x0800143c   0x000000b8   Code   RO         3772    i.USART2_Init       usart2.o
    0x080014f4   0x080014f4   0x00000020   Code   RO         3773    i.USART2_SendByte   usart2.o
    0x08001514   0x08001514   0x00000016   Code   RO         3774    i.USART2_SendStr    usart2.o
    0x0800152a   0x0800152a   0x0000001e   Code   RO         2152    i.USART_ClearITPendingBit  stm32f4xx_usart.o
    0x08001548   0x08001548   0x00000018   Code   RO         2155    i.USART_Cmd         stm32f4xx_usart.o
    0x08001560   0x08001560   0x0000001a   Code   RO         2158    i.USART_GetFlagStatus  stm32f4xx_usart.o
    0x0800157a   0x0800157a   0x00000054   Code   RO         2159    i.USART_GetITStatus  stm32f4xx_usart.o
    0x080015ce   0x080015ce   0x0000004a   Code   RO         2161    i.USART_ITConfig    stm32f4xx_usart.o
    0x08001618   0x08001618   0x000000d4   Code   RO         2162    i.USART_Init        stm32f4xx_usart.o
    0x080016ec   0x080016ec   0x0000000a   Code   RO         2169    i.USART_ReceiveData  stm32f4xx_usart.o
    0x080016f6   0x080016f6   0x00000008   Code   RO         2172    i.USART_SendData    stm32f4xx_usart.o
    0x080016fe   0x080016fe   0x00000002   PAD
    0x08001700   0x08001700   0x00000084   Code   RO         2701    i.VL53L0X_CheckAndLoadInterruptSettings  vl53l0x_api.o
    0x08001784   0x08001784   0x00000052   Code   RO         2702    i.VL53L0X_ClearInterruptMask  vl53l0x_api.o
    0x080017d6   0x080017d6   0x00000002   PAD
    0x080017d8   0x080017d8   0x000001a0   Code   RO         2703    i.VL53L0X_DataInit  vl53l0x_api.o
    0x08001978   0x08001978   0x0000000a   Code   RO         2708    i.VL53L0X_GetDeviceMode  vl53l0x_api.o
    0x08001982   0x08001982   0x000000a0   Code   RO         2709    i.VL53L0X_GetDeviceParameters  vl53l0x_api.o
    0x08001a22   0x08001a22   0x00000022   Code   RO         2711    i.VL53L0X_GetFractionEnable  vl53l0x_api.o
    0x08001a44   0x08001a44   0x0000003e   Code   RO         2715    i.VL53L0X_GetInterMeasurementPeriodMilliSeconds  vl53l0x_api.o
    0x08001a82   0x08001a82   0x00000030   Code   RO         2716    i.VL53L0X_GetInterruptMaskStatus  vl53l0x_api.o
    0x08001ab2   0x08001ab2   0x00000042   Code   RO         2717    i.VL53L0X_GetInterruptThresholds  vl53l0x_api.o
    0x08001af4   0x08001af4   0x0000001c   Code   RO         2719    i.VL53L0X_GetLimitCheckEnable  vl53l0x_api.o
    0x08001b10   0x08001b10   0x000000b6   Code   RO         2722    i.VL53L0X_GetLimitCheckValue  vl53l0x_api.o
    0x08001bc6   0x08001bc6   0x00000056   Code   RO         2725    i.VL53L0X_GetMeasurementDataReady  vl53l0x_api.o
    0x08001c1c   0x08001c1c   0x00000016   Code   RO         2727    i.VL53L0X_GetMeasurementTimingBudgetMicroSeconds  vl53l0x_api.o
    0x08001c32   0x08001c32   0x00000016   Code   RO         2731    i.VL53L0X_GetOffsetCalibrationDataMicroMeter  vl53l0x_api.o
    0x08001c48   0x08001c48   0x0000016e   Code   RO         2739    i.VL53L0X_GetRangingMeasurementData  vl53l0x_api.o
    0x08001db6   0x08001db6   0x00000076   Code   RO         2743    i.VL53L0X_GetSequenceStepEnables  vl53l0x_api.o
    0x08001e2c   0x08001e2c   0x0000001e   Code   RO         2752    i.VL53L0X_GetVcselPulsePeriod  vl53l0x_api.o
    0x08001e4a   0x08001e4a   0x0000003e   Code   RO         2754    i.VL53L0X_GetWrapAroundCheckEnable  vl53l0x_api.o
    0x08001e88   0x08001e88   0x0000000c   Code   RO         2755    i.VL53L0X_GetXTalkCompensationEnable  vl53l0x_api.o
    0x08001e94   0x08001e94   0x00000038   Code   RO         2756    i.VL53L0X_GetXTalkCompensationRateMegaCps  vl53l0x_api.o
    0x08001ecc   0x08001ecc   0x00000060   Code   RO         2529    i.VL53L0X_IIC_Init  vl53l0x_iic.o
    0x08001f2c   0x08001f2c   0x00000020   Code   RO         2758    i.VL53L0X_PerformRefCalibration  vl53l0x_api.o
    0x08001f4c   0x08001f4c   0x0000001e   Code   RO         2759    i.VL53L0X_PerformRefSpadManagement  vl53l0x_api.o
    0x08001f6a   0x08001f6a   0x0000003c   Code   RO         2761    i.VL53L0X_PerformSingleMeasurement  vl53l0x_api.o
    0x08001fa6   0x08001fa6   0x00000038   Code   RO         2762    i.VL53L0X_PerformSingleRangingMeasurement  vl53l0x_api.o
    0x08001fde   0x08001fde   0x00000006   Code   RO         2614    i.VL53L0X_PollingDelay  vl53l0x_platform.o
    0x08001fe4   0x08001fe4   0x0000002c   Code   RO         2615    i.VL53L0X_RdByte    vl53l0x_platform.o
    0x08002010   0x08002010   0x0000002c   Code   RO         2616    i.VL53L0X_RdDWord   vl53l0x_platform.o
    0x0800203c   0x0800203c   0x0000002c   Code   RO         2617    i.VL53L0X_RdWord    vl53l0x_platform.o
    0x08002068   0x08002068   0x00000036   Code   RO         2618    i.VL53L0X_ReadMulti  vl53l0x_platform.o
    0x0800209e   0x0800209e   0x00000032   Code   RO         2767    i.VL53L0X_SetDeviceMode  vl53l0x_api.o
    0x080020d0   0x080020d0   0x00000166   Code   RO         2770    i.VL53L0X_SetGpioConfig  vl53l0x_api.o
    0x08002236   0x08002236   0x000000c2   Code   RO         2775    i.VL53L0X_SetLimitCheckEnable  vl53l0x_api.o
    0x080022f8   0x080022f8   0x00000076   Code   RO         2776    i.VL53L0X_SetLimitCheckValue  vl53l0x_api.o
    0x0800236e   0x0800236e   0x00000016   Code   RO         2778    i.VL53L0X_SetMeasurementTimingBudgetMicroSeconds  vl53l0x_api.o
    0x08002384   0x08002384   0x000000c4   Code   RO         2785    i.VL53L0X_SetSequenceStepEnable  vl53l0x_api.o
    0x08002448   0x08002448   0x0000010c   Code   RO         2794    i.VL53L0X_StartMeasurement  vl53l0x_api.o
    0x08002554   0x08002554   0x000001a0   Code   RO         2795    i.VL53L0X_StaticInit  vl53l0x_api.o
    0x080026f4   0x080026f4   0x00000052   Code   RO         2620    i.VL53L0X_UpdateByte  vl53l0x_platform.o
    0x08002746   0x08002746   0x0000002c   Code   RO         2621    i.VL53L0X_WrByte    vl53l0x_platform.o
    0x08002772   0x08002772   0x0000002c   Code   RO         2623    i.VL53L0X_WrWord    vl53l0x_platform.o
    0x0800279e   0x0800279e   0x0000003c   Code   RO         2624    i.VL53L0X_WriteMulti  vl53l0x_platform.o
    0x080027da   0x080027da   0x00000002   PAD
    0x080027dc   0x080027dc   0x0000018c   Code   RO         3466    i.VL53L0X_calc_dmax  vl53l0x_api_core.o
    0x08002968   0x08002968   0x00000016   Code   RO         3467    i.VL53L0X_calc_macro_period_ps  vl53l0x_api_core.o
    0x0800297e   0x0800297e   0x00000002   PAD
    0x08002980   0x08002980   0x00000310   Code   RO         3468    i.VL53L0X_calc_sigma_estimate  vl53l0x_api_core.o
    0x08002c90   0x08002c90   0x00000034   Code   RO         3469    i.VL53L0X_calc_timeout_mclks  vl53l0x_api_core.o
    0x08002cc4   0x08002cc4   0x00000034   Code   RO         3470    i.VL53L0X_calc_timeout_us  vl53l0x_api_core.o
    0x08002cf8   0x08002cf8   0x0000000e   Code   RO         3471    i.VL53L0X_decode_timeout  vl53l0x_api_core.o
    0x08002d06   0x08002d06   0x0000000c   Code   RO         3472    i.VL53L0X_decode_vcsel_period  vl53l0x_api_core.o
    0x08002d12   0x08002d12   0x00000052   Code   RO         3473    i.VL53L0X_device_read_strobe  vl53l0x_api_core.o
    0x08002d64   0x08002d64   0x00000028   Code   RO         3474    i.VL53L0X_encode_timeout  vl53l0x_api_core.o
    0x08002d8c   0x08002d8c   0x0000054a   Code   RO         3476    i.VL53L0X_get_info_from_device  vl53l0x_api_core.o
    0x080032d6   0x080032d6   0x000000ee   Code   RO         3477    i.VL53L0X_get_measurement_timing_budget_micro_seconds  vl53l0x_api_core.o
    0x080033c4   0x080033c4   0x00000056   Code   RO         3320    i.VL53L0X_get_offset_calibration_data_micro_meter  vl53l0x_api_calibration.o
    0x0800341a   0x0800341a   0x00000234   Code   RO         3478    i.VL53L0X_get_pal_range_status  vl53l0x_api_core.o
    0x0800364e   0x0800364e   0x00000028   Code   RO         3479    i.VL53L0X_get_total_signal_rate  vl53l0x_api_core.o
    0x08003676   0x08003676   0x0000003a   Code   RO         3480    i.VL53L0X_get_total_xtalk_rate  vl53l0x_api_core.o
    0x080036b0   0x080036b0   0x00000046   Code   RO         3481    i.VL53L0X_get_vcsel_pulse_period  vl53l0x_api_core.o
    0x080036f6   0x080036f6   0x0000002c   Code   RO         3482    i.VL53L0X_isqrt     vl53l0x_api_core.o
    0x08003722   0x08003722   0x000000ea   Code   RO         3483    i.VL53L0X_load_tuning_settings  vl53l0x_api_core.o
    0x0800380c   0x0800380c   0x00000042   Code   RO         3484    i.VL53L0X_measurement_poll_for_completion  vl53l0x_api_core.o
    0x0800384e   0x0800384e   0x0000007c   Code   RO         3324    i.VL53L0X_perform_phase_calibration  vl53l0x_api_calibration.o
    0x080038ca   0x080038ca   0x0000004c   Code   RO         3325    i.VL53L0X_perform_ref_calibration  vl53l0x_api_calibration.o
    0x08003916   0x08003916   0x00000292   Code   RO         3326    i.VL53L0X_perform_ref_spad_management  vl53l0x_api_calibration.o
    0x08003ba8   0x08003ba8   0x00000040   Code   RO         3327    i.VL53L0X_perform_single_ref_calibration  vl53l0x_api_calibration.o
    0x08003be8   0x08003be8   0x0000007e   Code   RO         3328    i.VL53L0X_perform_vhv_calibration  vl53l0x_api_calibration.o
    0x08003c66   0x08003c66   0x00000024   Code   RO         2346    i.VL53L0X_read_byte  vl53l0x_i2c_win_serial_comms.o
    0x08003c8a   0x08003c8a   0x0000003a   Code   RO         2348    i.VL53L0X_read_dword  vl53l0x_i2c_win_serial_comms.o
    0x08003cc4   0x08003cc4   0x00000028   Code   RO         2350    i.VL53L0X_read_multi  vl53l0x_i2c_win_serial_comms.o
    0x08003cec   0x08003cec   0x0000002a   Code   RO         2352    i.VL53L0X_read_word  vl53l0x_i2c_win_serial_comms.o
    0x08003d16   0x08003d16   0x000000b0   Code   RO         3330    i.VL53L0X_ref_calibration_io  vl53l0x_api_calibration.o
    0x08003dc6   0x08003dc6   0x00000126   Code   RO         3487    i.VL53L0X_set_measurement_timing_budget_micro_seconds  vl53l0x_api_core.o
    0x08003eec   0x08003eec   0x000000c2   Code   RO         3333    i.VL53L0X_set_reference_spads  vl53l0x_api_calibration.o
    0x08003fae   0x08003fae   0x0000001c   Code   RO         2357    i.VL53L0X_write_byte  vl53l0x_i2c_win_serial_comms.o
    0x08003fca   0x08003fca   0x00000028   Code   RO         2361    i.VL53L0X_write_multi  vl53l0x_i2c_win_serial_comms.o
    0x08003ff2   0x08003ff2   0x0000005a   Code   RO         2363    i.VL53L0X_write_word  vl53l0x_i2c_win_serial_comms.o
    0x0800404c   0x0800404c   0x00000100   Code   RO         3684    i.VL53L0x_Init      bsp_vl53l0x.o
    0x0800414c   0x0800414c   0x00000078   Code   RO         3685    i.VL53L1_single_test  bsp_vl53l0x.o
    0x080041c4   0x080041c4   0x00000028   Code   RO         3686    i.VL53l0x_GPIO_Init  bsp_vl53l0x.o
    0x080041ec   0x080041ec   0x0000006e   Code   RO         2530    i.VL_I2C_Read_nByte  vl53l0x_iic.o
    0x0800425a   0x0800425a   0x00000050   Code   RO         2531    i.VL_I2C_Write_nByte  vl53l0x_iic.o
    0x080042aa   0x080042aa   0x00000002   PAD
    0x080042ac   0x080042ac   0x00000044   Code   RO         2532    i.VL_IIC_Ack        vl53l0x_iic.o
    0x080042f0   0x080042f0   0x00000044   Code   RO         2533    i.VL_IIC_NAck       vl53l0x_iic.o
    0x08004334   0x08004334   0x00000074   Code   RO         2535    i.VL_IIC_Read_Byte  vl53l0x_iic.o
    0x080043a8   0x080043a8   0x0000006c   Code   RO         2536    i.VL_IIC_Send_Byte  vl53l0x_iic.o
    0x08004414   0x08004414   0x00000044   Code   RO         2537    i.VL_IIC_Start      vl53l0x_iic.o
    0x08004458   0x08004458   0x00000040   Code   RO         2538    i.VL_IIC_Stop       vl53l0x_iic.o
    0x08004498   0x08004498   0x00000058   Code   RO         2539    i.VL_IIC_Wait_Ack   vl53l0x_iic.o
    0x080044f0   0x080044f0   0x00000144   Code   RO         3720    i.WIFI_ConnectAP    wifi.o
    0x08004634   0x08004634   0x000000fc   Code   RO         3721    i.WIFI_ConnectServer  wifi.o
    0x08004730   0x08004730   0x00000160   Code   RO         3722    i.WIFI_ConnectTalientek  wifi.o
    0x08004890   0x08004890   0x0000003c   Code   RO         3723    i.WIFI_ExitTransmit  wifi.o
    0x080048cc   0x080048cc   0x00000070   Code   RO         3724    i.WIFI_SendAT       wifi.o
    0x0800493c   0x0800493c   0x000000dc   Code   RO         3725    i.WIFI_TCP_Init     wifi.o
    0x08004a18   0x08004a18   0x00000020   Code   RO         4777    i.__0printf         mc_w.l(printfa.o)
    0x08004a38   0x08004a38   0x00000028   Code   RO         4779    i.__0sprintf        mc_w.l(printfa.o)
    0x08004a60   0x08004a60   0x0000000e   Code   RO         4917    i.__scatterload_copy  mc_w.l(handlers.o)
    0x08004a6e   0x08004a6e   0x00000002   Code   RO         4918    i.__scatterload_null  mc_w.l(handlers.o)
    0x08004a70   0x08004a70   0x0000000e   Code   RO         4919    i.__scatterload_zeroinit  mc_w.l(handlers.o)
    0x08004a7e   0x08004a7e   0x00000002   PAD
    0x08004a80   0x08004a80   0x00000184   Code   RO         4784    i._fp_digits        mc_w.l(printfa.o)
    0x08004c04   0x08004c04   0x000006dc   Code   RO         4785    i._printf_core      mc_w.l(printfa.o)
    0x080052e0   0x080052e0   0x00000024   Code   RO         4786    i._printf_post_padding  mc_w.l(printfa.o)
    0x08005304   0x08005304   0x0000002e   Code   RO         4787    i._printf_pre_padding  mc_w.l(printfa.o)
    0x08005332   0x08005332   0x0000000a   Code   RO         4789    i._sputc            mc_w.l(printfa.o)
    0x0800533c   0x0800533c   0x00000052   Code   RO          456    i.delay_ms          systick.o
    0x0800538e   0x0800538e   0x0000004c   Code   RO          457    i.delay_us          systick.o
    0x080053da   0x080053da   0x000000ac   Code   RO         3335    i.enable_ref_spads  vl53l0x_api_calibration.o
    0x08005486   0x08005486   0x00000032   Code   RO         3336    i.enable_spad_bit   vl53l0x_api_calibration.o
    0x080054b8   0x080054b8   0x00000010   Code   RO          517    i.fputc             usart.o
    0x080054c8   0x080054c8   0x00000068   Code   RO         3337    i.get_next_good_spad  vl53l0x_api_calibration.o
    0x08005530   0x08005530   0x00000018   Code   RO         3338    i.get_ref_spad_map  vl53l0x_api_calibration.o
    0x08005548   0x08005548   0x00000122   Code   RO         3489    i.get_sequence_step_timeout  vl53l0x_api_core.o
    0x0800566a   0x0800566a   0x00000002   PAD
    0x0800566c   0x0800566c   0x00000018   Code   RO         3339    i.is_aperture       vl53l0x_api_calibration.o
    0x08005684   0x08005684   0x0000007c   Code   RO          278    i.key_init          key.o
    0x08005700   0x08005700   0x000000e4   Code   RO          150    i.main              main.o
    0x080057e4   0x080057e4   0x0000006e   Code   RO         3340    i.perform_ref_signal_measurement  vl53l0x_api_calibration.o
    0x08005852   0x08005852   0x00000048   Code   RO         2799    i.sequence_step_enabled  vl53l0x_api.o
    0x0800589a   0x0800589a   0x00000018   Code   RO         3341    i.set_ref_spad_map  vl53l0x_api_calibration.o
    0x080058b2   0x080058b2   0x00000132   Code   RO         3490    i.set_sequence_step_timeout  vl53l0x_api_core.o
    0x080059e4   0x080059e4   0x00001042   Data   RO          482    .constdata          font.o
    0x08006a26   0x08006a26   0x00000002   PAD
    0x08006a28   0x08006a28   0x000000ca   Data   RO         3726    .constdata          wifi.o
    0x08006af2   0x08006af2   0x00000002   PAD
    0x08006af4   0x08006af4   0x00000020   Data   RO         4915    Region$$Table       anon$$obj.o


    Execution Region RW_IRAM1 (Exec base: 0x20000000, Load base: 0x08006b14, Size: 0x00000a58, Max: 0x00020000, ABSOLUTE, COMPRESSED[0x00000290])

    Exec Addr    Load Addr    Size         Type   Attr      Idx    E Section Name        Object

    0x20000000   COMPRESSED   0x00000002   Data   RW          152    .data               main.o
    0x20000002   COMPRESSED   0x00000002   PAD
    0x20000004   COMPRESSED   0x00000004   Data   RW          518    .data               usart.o
    0x20000008   COMPRESSED   0x00000010   Data   RW          730    .data               stm32f4xx_rcc.o
    0x20000018   COMPRESSED   0x000002a9   Data   RW         2800    .data               vl53l0x_api.o
    0x200002c1   COMPRESSED   0x00000003   PAD
    0x200002c4   COMPRESSED   0x00000010   Data   RW         3342    .data               vl53l0x_api_calibration.o
    0x200002d4        -       0x0000017c   Zero   RW          151    .bss                main.o
    0x20000450        -       0x00000010   Zero   RW          322    .bss                lcd.o
    0x20000460        -       0x000001f6   Zero   RW         3775    .bss                usart2.o
    0x20000656   COMPRESSED   0x00000002   PAD
    0x20000658        -       0x00000400   Zero   RW          141    STACK               startup_stm32f40_41xxx.o


==============================================================================

Image component sizes


      Code (inc. data)   RO Data    RW Data    ZI Data      Debug   Object Name

       416         84          0          0          0       2711   bsp_vl53l0x.o
         0          0       4162          0          0        670   font.o
       124         14          0          0          0        459   key.o
      1722         78          0          0         16      11691   lcd.o
       228         56          0          2        380      17315   main.o
       120         14          0          0          0       1188   misc.o
        64          8          0          0          0        545   spi.o
        36          8        392          0       1024        816   startup_stm32f40_41xxx.o
       222          0          0          0          0       3111   stm32f4xx_gpio.o
       328         36          0         16          0       4891   stm32f4xx_rcc.o
       468          8          0          0          0       6467   stm32f4xx_usart.o
       340         32          0          0          0     263809   system_stm32f4xx.o
       158          0          0          0          0        974   systick.o
       184         12          0          4          0       3610   usart.o
       398         32          0          0        502       2860   usart2.o
      3866         64          0        681          0      28791   vl53l0x_api.o
      2012          6          0         16          0      15439   vl53l0x_api_calibration.o
      5012         16          0          0          0      26140   vl53l0x_api_core.o
       334          0          0          0          0       6298   vl53l0x_i2c_win_serial_comms.o
       866         94          0          0          0       6700   vl53l0x_iic.o
       422          0          0          0          0       8043   vl53l0x_platform.o
      1320        546        202          0          0       4140   wifi.o

    ----------------------------------------------------------------------
     18656       1108       4792        724       1924     416668   Object Totals
         0          0         32          0          0          0   (incl. Generated)
        16          0          4          5          2          0   (incl. Padding)

    ----------------------------------------------------------------------

      Code (inc. data)   RO Data    RW Data    ZI Data      Debug   Library Member Name

        94          0          0          0          0          0   __dclz77c.o
         0          0          0          0          0          0   entry.o
         0          0          0          0          0          0   entry10a.o
         0          0          0          0          0          0   entry11a.o
         8          4          0          0          0          0   entry2.o
         4          0          0          0          0          0   entry5.o
         0          0          0          0          0          0   entry7b.o
         0          0          0          0          0          0   entry8b.o
         8          4          0          0          0          0   entry9a.o
        30          0          0          0          0          0   handlers.o
        36          8          0          0          0         68   init.o
         0          0          0          0          0          0   iusefp.o
        30          0          0          0          0         68   llshl.o
        36          0          0          0          0         68   llsshr.o
        32          0          0          0          0         68   llushr.o
        40          0          0          0          0         76   memcpy.o
        36          0          0          0          0        108   memseta.o
      2308         96          0          0          0        604   printfa.o
        24          0          0          0          0         68   strcat.o
        18          0          0          0          0         68   strcpy.o
        14          0          0          0          0         68   strlen.o
        36          0          0          0          0         80   strstr.o
        44          0          0          0          0         80   uidiv.o
        98          0          0          0          0         92   uldiv.o
        48          0          0          0          0         68   cdrcmple.o
       334          0          0          0          0        148   dadd.o
       222          0          0          0          0        100   ddiv.o
       186          0          0          0          0        176   depilogue.o
        48          0          0          0          0         68   dfixul.o
       228          0          0          0          0         96   dmul.o

    ----------------------------------------------------------------------
      3964        112          0          0          0       2172   Library Totals
         2          0          0          0          0          0   (incl. Padding)

    ----------------------------------------------------------------------

      Code (inc. data)   RO Data    RW Data    ZI Data      Debug   Library Name

      2896        112          0          0          0       1516   mc_w.l
      1066          0          0          0          0        656   mf_w.l

    ----------------------------------------------------------------------
      3964        112          0          0          0       2172   Library Totals

    ----------------------------------------------------------------------

==============================================================================


      Code (inc. data)   RO Data    RW Data    ZI Data      Debug   

     22620       1220       4792        724       1924     403380   Grand Totals
     22620       1220       4792        656       1924     403380   ELF Image Totals (compressed)
     22620       1220       4792        656          0          0   ROM Totals

==============================================================================

    Total RO  Size (Code + RO Data)                27412 (  26.77kB)
    Total RW  Size (RW Data + ZI Data)              2648 (   2.59kB)
    Total ROM Size (Code + RO Data + RW Data)      28068 (  27.41kB)

==============================================================================

