<html>
<body>
<pre>
<h1>µVision Build Log</h1>
<h2>Tool Versions:</h2>
IDE-Version: ¦ÌVision V5.28.0.0
Copyright (C) 2019 ARM Ltd and ARM Germany GmbH. All rights reserved.
License Information: 1 11, 23, LIC=PE7DL-0CIEJ-TGP7T-RREVZ-AVNY2-A31LN
 
Tool Versions:
Toolchain:       MDK-ARM Plus  Version: 5.28.0.0
Toolchain Path:  D:\Work_XYD\keil5\ARM\ARMCC\Bin
C Compiler:      Armcc.exe V5.06 update 6 (build 750)
Assembler:       Armasm.exe V5.06 update 6 (build 750)
Linker/Locator:  ArmLink.exe V5.06 update 6 (build 750)
Library Manager: ArmAr.exe V5.06 update 6 (build 750)
Hex Converter:   FromElf.exe V5.06 update 6 (build 750)
CPU DLL:         SARMCM3.DLL V5.28.0.0
Dialog DLL:      DCM.DLL V1.17.3.0
Target DLL:      STLink\ST-LINKIII-KEIL_SWO.dll V3.0.6.0
Dialog DLL:      TCM.DLL V1.36.2.0
 
<h2>Project:</h2>
D:\Eddie\×ÀÃæ\AIRCRAFT\Project\smart_life.uvprojx
Project File Date:  01/16/2024

<h2>Output:</h2>
*** Using Compiler 'V5.06 update 6 (build 750)', folder: 'D:\Work_XYD\keil5\ARM\ARMCC\Bin'
Build target 'Target 1'
compiling wifi.c...
..\USER\INC\key.h(28): warning:  #1-D: last line of file ends without a newline
  #endif
..\WIFI\wifi.c(59): warning:  #940-D: missing return statement at end of non-void function "WIFI_TCP_Init" 
  }
..\WIFI\wifi.c(46): warning:  #550-D: variable "RET"  was set but never used
  	 _Bool RET = 0;
..\WIFI\wifi.c(47): warning:  #177-D: variable "ret"  was declared but never referenced
  	 u8 ret;
..\WIFI\wifi.c: 4 warnings, 0 errors
linking...
Program Size: Code=22620 RO-data=4792 RW-data=724 ZI-data=1924  
".\Objects\smart_life.axf" - 0 Error(s), 4 Warning(s).

<h2>Software Packages used:</h2>

Package Vendor: Keil
                http://www.keil.com/pack/Keil.STM32F4xx_DFP.2.7.0.pack
                Keil.STM32F4xx_DFP.2.7.0
                STMicroelectronics STM32F4 Series Device Support, Drivers and Examples

<h2>Collection of Component include folders:</h2>
  .\RTE\_Target_1
  D:\Work_XYD\keil5\Keil\STM32F4xx_DFP\2.7.0\Drivers\CMSIS\Device\ST\STM32F4xx\Include

<h2>Collection of Component Files used:</h2>
Build Time Elapsed:  00:00:00
</pre>
</body>
</html>
